Archive member included to satisfy reference by file (symbol)

/usr/lib64/gcc/arm-none-eabi/13/thumb/v7-m/nofp/libgcc.a(_arm_mulsf3.o)
                              obj/i2c/aht20.o (__aeabi_fmul)
/usr/lib64/gcc/arm-none-eabi/13/thumb/v7-m/nofp/libgcc.a(_arm_cmpdf2.o)
                              obj/core/main.o (__aeabi_dcmpeq)
/usr/lib64/gcc/arm-none-eabi/13/thumb/v7-m/nofp/libgcc.a(_arm_fixunsdfsi.o)
                              obj/uart/neo6m.o (__aeabi_d2uiz)
/usr/lib64/gcc/arm-none-eabi/13/thumb/v7-m/nofp/libgcc.a(_arm_addsubsf3.o)
                              obj/i2c/aht20.o (__aeabi_fsub)
/usr/lib64/gcc/arm-none-eabi/13/thumb/v7-m/nofp/libgcc.a(_arm_muldivsf3.o)
                              obj/i2c/aht20.o (__aeabi_fdiv)
/usr/lib64/gcc/arm-none-eabi/13/../../../../arm-none-eabi/lib/thumb/v7-m/nofp/libc_nano.a(libc_a-atexit.o)
                              /usr/lib64/gcc/arm-none-eabi/13/../../../../arm-none-eabi/lib/thumb/v7-m/nofp/crt0.o (atexit)
/usr/lib64/gcc/arm-none-eabi/13/../../../../arm-none-eabi/lib/thumb/v7-m/nofp/libc_nano.a(libc_a-atof.o)
                              obj/uart/neo6m.o (atof)
/usr/lib64/gcc/arm-none-eabi/13/../../../../arm-none-eabi/lib/thumb/v7-m/nofp/libc_nano.a(libc_a-atoi.o)
                              obj/uart/neo6m.o (atoi)
/usr/lib64/gcc/arm-none-eabi/13/../../../../arm-none-eabi/lib/thumb/v7-m/nofp/libc_nano.a(libc_a-exit.o)
                              /usr/lib64/gcc/arm-none-eabi/13/../../../../arm-none-eabi/lib/thumb/v7-m/nofp/crt0.o (exit)
/usr/lib64/gcc/arm-none-eabi/13/../../../../arm-none-eabi/lib/thumb/v7-m/nofp/libc_nano.a(libc_a-strtod.o)
                              /usr/lib64/gcc/arm-none-eabi/13/../../../../arm-none-eabi/lib/thumb/v7-m/nofp/libc_nano.a(libc_a-atof.o) (strtod)
/usr/lib64/gcc/arm-none-eabi/13/../../../../arm-none-eabi/lib/thumb/v7-m/nofp/libc_nano.a(libc_a-strtol.o)
                              /usr/lib64/gcc/arm-none-eabi/13/../../../../arm-none-eabi/lib/thumb/v7-m/nofp/libc_nano.a(libc_a-atoi.o) (_strtol_r)
/usr/lib64/gcc/arm-none-eabi/13/../../../../arm-none-eabi/lib/thumb/v7-m/nofp/libc_nano.a(libc_a-ctype_.o)
                              /usr/lib64/gcc/arm-none-eabi/13/../../../../arm-none-eabi/lib/thumb/v7-m/nofp/libc_nano.a(libc_a-strtol.o) (_ctype_)
/usr/lib64/gcc/arm-none-eabi/13/../../../../arm-none-eabi/lib/thumb/v7-m/nofp/libc_nano.a(libc_a-nano-vfprintf_float.o)
                              (_printf_float)
/usr/lib64/gcc/arm-none-eabi/13/../../../../arm-none-eabi/lib/thumb/v7-m/nofp/libc_nano.a(libc_a-nano-vfprintf_i.o)
                              /usr/lib64/gcc/arm-none-eabi/13/../../../../arm-none-eabi/lib/thumb/v7-m/nofp/libc_nano.a(libc_a-nano-vfprintf_float.o) (_printf_common)
/usr/lib64/gcc/arm-none-eabi/13/../../../../arm-none-eabi/lib/thumb/v7-m/nofp/libc_nano.a(libc_a-findfp.o)
                              /usr/lib64/gcc/arm-none-eabi/13/../../../../arm-none-eabi/lib/thumb/v7-m/nofp/libc_nano.a(libc_a-exit.o) (__stdio_exit_handler)
/usr/lib64/gcc/arm-none-eabi/13/../../../../arm-none-eabi/lib/thumb/v7-m/nofp/libc_nano.a(libc_a-fwalk.o)
                              /usr/lib64/gcc/arm-none-eabi/13/../../../../arm-none-eabi/lib/thumb/v7-m/nofp/libc_nano.a(libc_a-findfp.o) (_fwalk_sglue)
/usr/lib64/gcc/arm-none-eabi/13/../../../../arm-none-eabi/lib/thumb/v7-m/nofp/libc_nano.a(libc_a-sprintf.o)
                              obj/core/main.o (sprintf)
/usr/lib64/gcc/arm-none-eabi/13/../../../../arm-none-eabi/lib/thumb/v7-m/nofp/libc_nano.a(libc_a-stdio.o)
                              /usr/lib64/gcc/arm-none-eabi/13/../../../../arm-none-eabi/lib/thumb/v7-m/nofp/libc_nano.a(libc_a-findfp.o) (__sread)
/usr/lib64/gcc/arm-none-eabi/13/../../../../arm-none-eabi/lib/thumb/v7-m/nofp/libc_nano.a(libc_a-memset.o)
                              /usr/lib64/gcc/arm-none-eabi/13/../../../../arm-none-eabi/lib/thumb/v7-m/nofp/crt0.o (memset)
/usr/lib64/gcc/arm-none-eabi/13/../../../../arm-none-eabi/lib/thumb/v7-m/nofp/libc_nano.a(libc_a-strncmp.o)
                              obj/uart/neo6m.o (strncmp)
/usr/lib64/gcc/arm-none-eabi/13/../../../../arm-none-eabi/lib/thumb/v7-m/nofp/libc_nano.a(libc_a-locale.o)
                              /usr/lib64/gcc/arm-none-eabi/13/../../../../arm-none-eabi/lib/thumb/v7-m/nofp/libc_nano.a(libc_a-strtod.o) (__global_locale)
/usr/lib64/gcc/arm-none-eabi/13/../../../../arm-none-eabi/lib/thumb/v7-m/nofp/libc_nano.a(libc_a-localeconv.o)
                              /usr/lib64/gcc/arm-none-eabi/13/../../../../arm-none-eabi/lib/thumb/v7-m/nofp/libc_nano.a(libc_a-nano-vfprintf_float.o) (_localeconv_r)
/usr/lib64/gcc/arm-none-eabi/13/../../../../arm-none-eabi/lib/thumb/v7-m/nofp/libc_nano.a(libc_a-closer.o)
                              /usr/lib64/gcc/arm-none-eabi/13/../../../../arm-none-eabi/lib/thumb/v7-m/nofp/libc_nano.a(libc_a-stdio.o) (_close_r)
/usr/lib64/gcc/arm-none-eabi/13/../../../../arm-none-eabi/lib/thumb/v7-m/nofp/libc_nano.a(libc_a-reent.o)
[...]
Memory Configuration

Name             Origin             Length             Attributes
FLASH            0x08000000         0x00020000         xr
SRAM             0x20000000         0x00005000         xrw
*default*        0x00000000         0xffffffff

Linker script and memory map

LOAD /usr/lib64/gcc/arm-none-eabi/13/thumb/v7-m/nofp/crti.o
LOAD /usr/lib64/gcc/arm-none-eabi/13/thumb/v7-m/nofp/crtbegin.o
LOAD /usr/lib64/gcc/arm-none-eabi/13/../../../../arm-none-eabi/lib/thumb/v7-m/nofp/crt0.o
LOAD /usr/lib64/gcc/arm-none-eabi/13/../../../../arm-none-eabi/lib/thumb/v7-m/nofp/libm.a
LOAD obj/DMA/buzzer.o
LOAD obj/i2c/SSD1306.o
LOAD obj/i2c/aht20.o
LOAD obj/i2c/i2c.o
LOAD obj/core/syscalls.o
LOAD obj/core/stm32_startup.o
LOAD obj/core/clock_set.o
LOAD obj/core/timeout.o
LOAD obj/core/main.o
LOAD obj/uart/usart.o
LOAD obj/uart/neo6m.o
LOAD obj/uart/a7670.o
LOAD /usr/lib64/gcc/arm-none-eabi/13/../../../../arm-none-eabi/lib/thumb/v7-m/nofp/libm.a
START GROUP
LOAD /usr/lib64/gcc/arm-none-eabi/13/thumb/v7-m/nofp/libgcc.a
LOAD /usr/lib64/gcc/arm-none-eabi/13/../../../../arm-none-eabi/lib/thumb/v7-m/nofp/libc_nano.a
END GROUP
START GROUP
LOAD /usr/lib64/gcc/arm-none-eabi/13/thumb/v7-m/nofp/libgcc.a
LOAD /usr/lib64/gcc/arm-none-eabi/13/../../../../arm-none-eabi/lib/thumb/v7-m/nofp/libc_nano.a
LOAD /usr/lib64/gcc/arm-none-eabi/13/../../../../arm-none-eabi/lib/thumb/v7-m/nofp/libnosys.a
END GROUP
START GROUP
LOAD /usr/lib64/gcc/arm-none-eabi/13/thumb/v7-m/nofp/libgcc.a
LOAD /usr/lib64/gcc/arm-none-eabi/13/../../../../arm-none-eabi/lib/thumb/v7-m/nofp/libc_nano.a
LOAD /usr/lib64/gcc/arm-none-eabi/13/../../../../arm-none-eabi/lib/thumb/v7-m/nofp/libnosys.a
END GROUP
LOAD /usr/lib64/gcc/arm-none-eabi/13/thumb/v7-m/nofp/crtend.o
LOAD /usr/lib64/gcc/arm-none-eabi/13/thumb/v7-m/nofp/crtn.o
                0x20005000                        _estack = (ORIGIN (SRAM) + LENGTH (SRAM))
                0x00000000                        _Min_Heap_Size = 0x0
                0x00000800                        _Min_Stack_Size = 0x800

.text           0x08000000    0x17a98
                0x08000000                        . = ALIGN (0x8)
 *(.isr_vector)
 .isr_vector    0x08000000      0x130 obj/core/stm32_startup.o
                0x08000000                vectors
 *(.text)
 .text          0x08000130        0x0 /usr/lib64/gcc/arm-none-eabi/13/thumb/v7-m/nofp/crti.o
 .text          0x08000130       0x88 /usr/lib64/gcc/arm-none-eabi/13/thumb/v7-m/nofp/crtbegin.o
 .text          0x080001b8       0xf0 /usr/lib64/gcc/arm-none-eabi/13/../../../../arm-none-eabi/lib/thumb/v7-m/nofp/crt0.o
                0x080001b8                _stack_init
                0x080001c4                _mainCRTStartup
                0x080001c4                _start
 .text          0x080002a8      0x21c obj/DMA/buzzer.o
                0x080002a8                fill_buffer
                0x08000330                TIM3_setup
                0x0800046c                DMA1_Channel3_IRQHandler
 .text          0x080004c4      0x2e0 obj/i2c/SSD1306.o
                0x080004c4                SSD1306_power_on
                0x08000504                SSD1306_write_data
                0x0800054c                SSD1306_clear
                0x080005c8                SSD1306_print_string
                0x08000626                SSD1306_print_char_scaled
                0x0800070c                draw_pixel
 .text          0x080007a4      0x174 obj/i2c/aht20.o
                0x080007a4                AHT20_init_sequence
                0x080007f8                AHT20_trigger_measurement
                0x0800081e                AHT20_read_results
                0x08000860                AHT20_calculate_data
 .text          0x08000918      0x294 obj/i2c/i2c.o
                0x08000918                i2c1_init
                0x08000a1c                i2c1_start
                0x08000ab4                i2c1_write
                0x08000ae4                i2c1_stop
                0x08000b2c                i2c1_read
 .text          0x08000bac      0x278 obj/core/syscalls.o
                0x08000bac                initialise_monitor_handles
                0x08000bb8                _getpid
                0x08000bc6                _kill
                0x08000be6                _exit
                0x08000bfc                _read
                0x08000c36                _write
                0x08000c6e                _fputwc_r
                0x08000c86                _close
                0x08000c9c                _fstat
                0x08000cba                _isatty
                0x08000cce                _lseek
                0x08000ce6                _open
                0x08000d00                _wait
                0x08000d1e                _unlink
                0x08000d3c                _times
                0x08000d52                _stat
                0x08000d70                _link
                0x08000d90                _fork
                0x08000da6                _execve
                0x08000dc8                _sbrk
 .text          0x08000e24       0x94 obj/core/stm32_startup.o
                0x08000e24                EXTI2_IRQHandler
                0x08000e24                TIM8_TRG_COM_IRQHandler
                0x08000e24                TIM8_CC_IRQHandler
                0x08000e24                SVCall_Handler
                0x08000e24                DebugMon_Handler
                0x08000e24                TIM1_CC_IRQHandler
                0x08000e24                TIM6_IRQHandler
                0x08000e24                SysTick_Handler
                0x08000e24                PVD_IRQHandler
                0x08000e24                SDIO_IRQHandler
                0x08000e24                PendSV_Handler
                0x08000e24                NMI_Handler
                0x08000e24                EXTI3_IRQHandler
                0x08000e24                USB_HP_CAN_TX_IRQHandler
                0x08000e24                EXTI0_IRQHandler
                0x08000e24                I2C2_EV_IRQHandler
                0x08000e24                UsageFault_Handler
                0x08000e24                ADC1_2_IRQHandler
                0x08000e24                SPI1_IRQHandler
                0x08000e24                CAN_SCE_IRQHandler
                0x08000e24                TAMPER_IRQHandler
                0x08000e24                TIM8_UP_IRQHandler
                0x08000e24                DMA2_Channel2_IRQHandler
                0x08000e24                DMA1_Channel4_IRQHandler
                0x08000e24                USART3_IRQHandler
                0x08000e24                RTC_IRQHandler
                0x08000e24                DMA1_Channel7_IRQHandler
                0x08000e24                UART5_IRQHandler
                0x08000e24                ADC3_IRQHandler
                0x08000e24                USBWakeup_IRQHandler
                0x08000e24                TIM4_IRQHandler
                0x08000e24                CAN_RX1_IRQHandler
                0x08000e24                DMA2_Channel1_IRQHandler
                0x08000e24                I2C1_EV_IRQHandler
                0x08000e24                DMA1_Channel6_IRQHandler
                0x08000e24                UART4_IRQHandler
                0x08000e24                TIM3_IRQHandler
                0x08000e24                RCC_IRQHandler
                0x08000e24                TIM1_TRG_COM_IRQHandler
                0x08000e24                DMA1_Channel1_IRQHandler
                0x08000e24                Default_Handler
                0x08000e24                EXTI15_10_IRQHandler
                0x08000e24                TIM7_IRQHandler
                0x08000e24                TIM5_IRQHandler
                0x08000e24                EXTI9_5_IRQHandler
                0x08000e24                SPI2_IRQHandler
                0x08000e24                USB_LP_CAN_RX0_IRQHandler
                0x08000e24                MemManage_Handler
                0x08000e24                DMA1_Channel5_IRQHandler
                0x08000e24                EXTI4_IRQHandler
                0x08000e24                FSMC_IRQHandler
                0x08000e24                TIM1_UP_IRQHandler
                0x08000e24                WWDG_IRQHandler
                0x08000e24                TIM2_IRQHandler
                0x08000e24                TIM1_BRK_IRQHandler
                0x08000e24                EXTI1_IRQHandler
                0x08000e24                RTCAlarm_IRQHandler
                0x08000e24                DMA2_Channel4_5_IRQHandler
                0x08000e24                USART2_IRQHandler
                0x08000e24                I2C2_ER_IRQHandler
                0x08000e24                DMA1_Channel2_IRQHandler
                0x08000e24                TIM8_BRK_IRQHandler
                0x08000e24                FLASH_IRQHandler
                0x08000e24                BusFault_Handler
                0x08000e24                USART1_IRQHandler
                0x08000e24                SPI3_IRQHandler
                0x08000e24                I2C1_ER_IRQHandler
                0x08000e24                DMA2_Channel3_IRQHandler
                0x08000e2c                HardFault_Handler
                0x08000e34                Reset_Handler
 .text          0x08000eb8       0xd4 obj/core/clock_set.o
                0x08000eb8                clock_setup
 .text          0x08000f8c       0x94 obj/core/timeout.o
                0x08000f8c                ticks_init
                0x08000fb8                delay
 .text          0x08001020      0x27c obj/core/main.o
                0x08001020                LED_init
                0x08001068                LED_toggle
                0x08001084                is_display_update_needed
                0x080010ec                update_display
                0x0800116c                main
                0x08001230                A7670_test
                0x08001274                A7670_init
 .text          0x0800129c      0x158 obj/uart/usart.o
                0x0800129c                usart1_init
                0x0800133c                usart1_send
                0x0800136c                usart1_send_string
                0x08001398                usart1_receive
 .text          0x080013f4      0x2a8 obj/uart/neo6m.o
                0x08001446                NEO6M_read_gps_string
                0x08001538                NEO6M_format_gps_data
 .text          0x0800169c      0x36c obj/uart/a7670.o
                0x080016ee                A7670E_poweron
                0x08001744                A7670E_send_sms
                0x08001810                A7670_read_gps_string
                0x080018e8                A7670_format_gps_data
 .text          0x08001a08      0x168 /usr/lib64/gcc/arm-none-eabi/13/thumb/v7-m/nofp/libgcc.a(_arm_mulsf3.o)
 .text          0x08001b70      0x110 /usr/lib64/gcc/arm-none-eabi/13/thumb/v7-m/nofp/libgcc.a(_arm_cmpdf2.o)
                0x08001b70                __gtdf2
                0x08001b70                __gedf2
                0x08001b78                __ltdf2
                0x08001b78                __ledf2
                0x08001b80                __cmpdf2
                0x08001b80                __eqdf2
                0x08001b80                __nedf2
                0x08001bfc                __aeabi_cdrcmple
                0x08001c0c                __aeabi_cdcmple
                0x08001c0c                __aeabi_cdcmpeq
                0x08001c1c                __aeabi_dcmpeq
                0x08001c30                __aeabi_dcmplt
                0x08001c44                __aeabi_dcmple
                0x08001c58                __aeabi_dcmpge
                0x08001c6c                __aeabi_dcmpgt
 .text          0x08001c80       0x40 /usr/lib64/gcc/arm-none-eabi/13/thumb/v7-m/nofp/libgcc.a(_arm_fixunsdfsi.o)
                0x08001c80                __fixunsdfsi
                0x08001c80                __aeabi_d2uiz
 .text          0x08001cc0      0x21c /usr/lib64/gcc/arm-none-eabi/13/thumb/v7-m/nofp/libgcc.a(_arm_addsubsf3.o)
                0x08001cc0                __aeabi_frsub
                0x08001cc8                __subsf3
                0x08001cc8                __aeabi_fsub
                0x08001ccc                __aeabi_fadd
                0x08001ccc                __addsf3
                0x08001e2c                __aeabi_ui2f
                0x08001e2c                __floatunsisf
                0x08001e34                __aeabi_i2f
                0x08001e34                __floatsisf
                0x08001e50                __floatundisf
                0x08001e50                __aeabi_ul2f
                0x08001e60                __floatdisf
                0x08001e60                __aeabi_l2f
 .text          0x08001edc      0x2a0 /usr/lib64/gcc/arm-none-eabi/13/thumb/v7-m/nofp/libgcc.a(_arm_muldivsf3.o)
                0x08001edc                __mulsf3
                0x08001edc                __aeabi_fmul
                0x08002044                __divsf3
                0x08002044                __aeabi_fdiv
 .text          0x0800217c        0xc /usr/lib64/gcc/arm-none-eabi/13/../../../../arm-none-eabi/lib/thumb/v7-m/nofp/libc_nano.a(libc_a-atexit.o)
                0x0800217c                atexit
 .text          0x08002188        0x6 /usr/lib64/gcc/arm-none-eabi/13/../../../../arm-none-eabi/lib/thumb/v7-m/nofp/libc_nano.a(libc_a-atof.o)
                0x08002188                atof
 .text          0x0800218e       0x10 /usr/lib64/gcc/arm-none-eabi/13/../../../../arm-none-eabi/lib/thumb/v7-m/nofp/libc_nano.a(libc_a-atoi.o)
                0x0800218e                atoi
                0x08002196                _atoi_r
 *fill*         0x0800219e        0x2 
 .text          0x080021a0       0x24 /usr/lib64/gcc/arm-none-eabi/13/../../../../arm-none-eabi/lib/thumb/v7-m/nofp/libc_nano.a(libc_a-exit.o)
                0x080021a0                exit
 *fill*         0x080021c4        0x4 
 .text          0x080021c8      0xd80 /usr/lib64/gcc/arm-none-eabi/13/../../../../arm-none-eabi/lib/thumb/v7-m/nofp/libc_nano.a(libc_a-strtod.o)
                0x0800220a                _strtod_l
                0x08002dc0                _strtod_r
                0x08002dcc                strtod_l
                0x08002de0                strtod
                0x08002df8                strtof_l
                0x08002e98                strtof
 .text          0x08002f48      0x118 /usr/lib64/gcc/arm-none-eabi/13/../../../../arm-none-eabi/lib/thumb/v7-m/nofp/libc_nano.a(libc_a-strtol.o)
                0x0800303c                _strtol_r
                0x0800303e                strtol_l
                0x08003050                strtol
 .text          0x08003060        0x0 /usr/lib64/gcc/arm-none-eabi/13/../../../../arm-none-eabi/lib/thumb/v7-m/nofp/libc_nano.a(libc_a-ctype_.o)
 .text          0x08003060      0x58c /usr/lib64/gcc/arm-none-eabi/13/../../../../arm-none-eabi/lib/thumb/v7-m/nofp/libc_nano.a(libc_a-nano-vfprintf_float.o)
                0x08003060                __cvt
                0x08003122                __exponent
                0x0800319a                _printf_float
 .text          0x080035ec      0x33c /usr/lib64/gcc/arm-none-eabi/13/../../../../arm-none-eabi/lib/thumb/v7-m/nofp/libc_nano.a(libc_a-nano-vfprintf_i.o)
                0x080035ec                _printf_common
                0x080036d6                _printf_i
 .text          0x08003928      0x1b8 /usr/lib64/gcc/arm-none-eabi/13/../../../../arm-none-eabi/lib/thumb/v7-m/nofp/libc_nano.a(libc_a-findfp.o)
                0x08003a08                __sfp
                0x08003a98                __sinit
                0x08003ab4                __sfp_lock_acquire
                0x08003ab6                __sfp_lock_release
                0x08003ab8                __fp_lock_all
                0x08003acc                __fp_unlock_all
 .text          0x08003ae0       0x3a /usr/lib64/gcc/arm-none-eabi/13/../../../../arm-none-eabi/lib/thumb/v7-m/nofp/libc_nano.a(libc_a-fwalk.o)
                0x08003ae0                _fwalk_sglue
 *fill*         0x08003b1a        0x2 
 .text          0x08003b1c       0x80 /usr/lib64/gcc/arm-none-eabi/13/../../../../arm-none-eabi/lib/thumb/v7-m/nofp/libc_nano.a(libc_a-sprintf.o)
                0x08003b1c                _siprintf_r
                0x08003b1c                _sprintf_r
                0x08003b58                sprintf
                0x08003b58                siprintf
 .text          0x08003b9c       0x8c /usr/lib64/gcc/arm-none-eabi/13/../../../../arm-none-eabi/lib/thumb/v7-m/nofp/libc_nano.a(libc_a-stdio.o)
                0x08003b9c                __sread
                0x08003bbe                __seofread
                0x08003bc2                __swrite
                0x08003bfa                __sseek
                0x08003c20                __sclose
 .text          0x08003c28       0x10 /usr/lib64/gcc/arm-none-eabi/13/../../../../arm-none-eabi/lib/thumb/v7-m/nofp/libc_nano.a(libc_a-memset.o)
                0x08003c28                memset
 .text          0x08003c38       0x24 /usr/lib64/gcc/arm-none-eabi/13/../../../../arm-none-eabi/lib/thumb/v7-m/nofp/libc_nano.a(libc_a-strncmp.o)
                0x08003c38                strncmp
 .text          0x08003c5c       0x58 /usr/lib64/gcc/arm-none-eabi/13/../../../../arm-none-eabi/lib/thumb/v7-m/nofp/libc_nano.a(libc_a-locale.o)
                0x08003c5c                _setlocale_r
                0x08003c98                __locale_mb_cur_max
                0x08003ca4                setlocale
 .text          0x08003cb4       0x14 /usr/lib64/gcc/arm-none-eabi/13/../../../../arm-none-eabi/lib/thumb/v7-m/nofp/libc_nano.a(libc_a-localeconv.o)
                0x08003cb4                __localeconv_l
                0x08003cb8                _localeconv_r
                0x08003cc0                localeconv
 .text          0x08003cc8       0x20 /usr/lib64/gcc/arm-none-eabi/13/../../../../arm-none-eabi/lib/thumb/v7-m/nofp/libc_nano.a(libc_a-closer.o)
                0x08003cc8                _close_r
 .text          0x08003ce8       0x68 /usr/lib64/gcc/arm-none-eabi/13/../../../../arm-none-eabi/lib/thumb/v7-m/nofp/libc_nano.a(libc_a-reent.o)
                0x08003ce8                _reclaim_reent
 .text          0x08003d50        0x0 /usr/lib64/gcc/arm-none-eabi/13/../../../../arm-none-eabi/lib/thumb/v7-m/nofp/libc_nano.a(libc_a-impure.o)
 .text          0x08003d50       0x24 /usr/lib64/gcc/arm-none-eabi/13/../../../../arm-none-eabi/lib/thumb/v7-m/nofp/libc_nano.a(libc_a-lseekr.o)
                0x08003d50                _lseek_r
 .text          0x08003d74       0x24 /usr/lib64/gcc/arm-none-eabi/13/../../../../arm-none-eabi/lib/thumb/v7-m/nofp/libc_nano.a(libc_a-readr.o)
                0x08003d74                _read_r
 .text          0x08003d98       0x24 /usr/lib64/gcc/arm-none-eabi/13/../../../../arm-none-eabi/lib/thumb/v7-m/nofp/libc_nano.a(libc_a-writer.o)
                0x08003d98                _write_r
 .text          0x08003dbc        0xc /usr/lib64/gcc/arm-none-eabi/13/../../../../arm-none-eabi/lib/thumb/v7-m/nofp/libc_nano.a(libc_a-errno.o)
                0x08003dbc                __errno
 .text          0x08003dc8       0x48 /usr/lib64/gcc/arm-none-eabi/13/../../../../arm-none-eabi/lib/thumb/v7-m/nofp/libc_nano.a(libc_a-init.o)
                0x08003dc8                __libc_init_array
 .text          0x08003e10       0x28 /usr/lib64/gcc/arm-none-eabi/13/../../../../arm-none-eabi/lib/thumb/v7-m/nofp/libc_nano.a(libc_a-fini.o)
                0x08003e10                __libc_fini_array
 .text          0x08003e38       0x14 /usr/lib64/gcc/arm-none-eabi/13/../../../../arm-none-eabi/lib/thumb/v7-m/nofp/libc_nano.a(libc_a-strcmp.o)
                0x08003e38                strcmp
 .text          0x08003e4c       0x1c /usr/lib64/gcc/arm-none-eabi/13/../../../../arm-none-eabi/lib/thumb/v7-m/nofp/libc_nano.a(libc_a-memchr-stub.o)
                0x08003e4c                memchr
 .text          0x08003e68       0x1c /usr/lib64/gcc/arm-none-eabi/13/../../../../arm-none-eabi/lib/thumb/v7-m/nofp/libc_nano.a(libc_a-memcpy-stub.o)
                0x08003e68                memcpy
 .text          0x08003e84       0x10 /usr/lib64/gcc/arm-none-eabi/13/../../../../arm-none-eabi/lib/thumb/v7-m/nofp/libc_nano.a(libc_a-strlen.o)
                0x08003e84                strlen
 .text          0x08003e94        0xc /usr/lib64/gcc/arm-none-eabi/13/../../../../arm-none-eabi/lib/thumb/v7-m/nofp/libc_nano.a(libm_a-s_nan.o)
                0x08003e94                nan
 .text          0x08003ea0        0x8 /usr/lib64/gcc/arm-none-eabi/13/../../../../arm-none-eabi/lib/thumb/v7-m/nofp/libc_nano.a(libm_a-sf_nan.o)
                0x08003ea0                nanf
 .text          0x08003ea8       0x58 /usr/lib64/gcc/arm-none-eabi/13/../../../../arm-none-eabi/lib/thumb/v7-m/nofp/libc_nano.a(libc_a-__atexit.o)
                0x08003ea8                __register_exitproc
 .text          0x08003f00       0x98 /usr/lib64/gcc/arm-none-eabi/13/../../../../arm-none-eabi/lib/thumb/v7-m/nofp/libc_nano.a(libc_a-__call_atexit.o)
                0x08003f00                __call_exitprocs
 .text          0x08003f98      0xc84 /usr/lib64/gcc/arm-none-eabi/13/../../../../arm-none-eabi/lib/thumb/v7-m/nofp/libc_nano.a(libc_a-dtoa.o)
                0x080040a8                _dtoa_r
 .text          0x08004c1c       0x94 /usr/lib64/gcc/arm-none-eabi/13/../../../../arm-none-eabi/lib/thumb/v7-m/nofp/libc_nano.a(libc_a-freer.o)
                0x08004c1c                _free_r
 .text          0x08004cb0      0x4e4 /usr/lib64/gcc/arm-none-eabi/13/../../../../arm-none-eabi/lib/thumb/v7-m/nofp/libc_nano.a(libc_a-gdtoa-gethex.o)
                0x08004d52                __hexdig_fun
                0x08004d7c                __gethex
 .text          0x08005194      0x186 /usr/lib64/gcc/arm-none-eabi/13/../../../../arm-none-eabi/lib/thumb/v7-m/nofp/libc_nano.a(libc_a-gdtoa-hexnan.o)
                0x080051b8                __match
                0x080051e2                __hexnan
 *fill*         0x0800531a        0x2 
 .text          0x0800531c      0x13c /usr/lib64/gcc/arm-none-eabi/13/../../../../arm-none-eabi/lib/thumb/v7-m/nofp/libc_nano.a(libc_a-mallocr.o)
                0x08005360                _malloc_r
 .text          0x08005458       0x34 /usr/lib64/gcc/arm-none-eabi/13/../../../../arm-none-eabi/lib/thumb/v7-m/nofp/libc_nano.a(libc_a-mbtowc_r.o)
                0x08005458                _mbtowc_r
                0x08005468                __ascii_mbtowc
 .text          0x0800548c        0x4 /usr/lib64/gcc/arm-none-eabi/13/../../../../arm-none-eabi/lib/thumb/v7-m/nofp/libc_nano.a(libc_a-mlock.o)
                0x0800548c                __malloc_lock
                0x0800548e                __malloc_unlock
 .text          0x08005490      0x910 /usr/lib64/gcc/arm-none-eabi/13/../../../../arm-none-eabi/lib/thumb/v7-m/nofp/libc_nano.a(libc_a-mprec.o)
                0x08005490                _Balloc
                0x080054da                _Bfree
                0x080054ec                __multadd
                0x08005578                __s2b
                0x0800560c                __hi0bits
                0x08005648                __lo0bits
                0x080056a4                __i2b
                0x080056d0                __multiply
                0x0800583c                __pow5mult
                0x080058c0                __lshift
                0x080059a4                __mcmp
                0x080059da                __mdiff
                0x08005b0c                __ulp
                0x08005b4c                __b2d
                0x08005bdc                __d2b
                0x08005c8c                __ratio
                0x08005ce0                _mprec_log10
                0x08005d18                __copybits
                0x08005d5e                __any_on
 .text          0x08005da0       0x2c /usr/lib64/gcc/arm-none-eabi/13/../../../../arm-none-eabi/lib/thumb/v7-m/nofp/libc_nano.a(libc_a-wctomb_r.o)
                0x08005da0                _wctomb_r
                0x08005db0                __ascii_wctomb
 .text          0x08005dcc      0x3a4 /usr/lib64/gcc/arm-none-eabi/13/../../../../arm-none-eabi/lib/thumb/v7-m/nofp/libc_nano.a(libc_a-nano-svfprintf.o)
                0x08005dcc                __ssputs_r
                0x08005e8c                __ssprint_r
                0x08005f80                _svfprintf_r
                0x08005f80                _svfiprintf_r
 .text          0x08006170      0x150 /usr/lib64/gcc/arm-none-eabi/13/../../../../arm-none-eabi/lib/thumb/v7-m/nofp/libc_nano.a(libc_a-fflush.o)
                0x08006170                __sflush_r
                0x08006274                _fflush_r
                0x08006298                fflush
 .text          0x080062c0       0x32 /usr/lib64/gcc/arm-none-eabi/13/../../../../arm-none-eabi/lib/thumb/v7-m/nofp/libc_nano.a(libc_a-memmove.o)
                0x080062c0                memmove
 *fill*         0x080062f2        0x2 
 .text          0x080062f4       0x20 /usr/lib64/gcc/arm-none-eabi/13/../../../../arm-none-eabi/lib/thumb/v7-m/nofp/libc_nano.a(libc_a-sbrkr.o)
                0x080062f4                _sbrk_r
 .text          0x08006314       0x48 /usr/lib64/gcc/arm-none-eabi/13/../../../../arm-none-eabi/lib/thumb/v7-m/nofp/libc_nano.a(libc_a-assert.o)
                0x08006314                __assert_func
                0x08006350                __assert
 .text          0x0800635c       0x28 /usr/lib64/gcc/arm-none-eabi/13/../../../../arm-none-eabi/lib/thumb/v7-m/nofp/libc_nano.a(libc_a-callocr.o)
                0x0800635c                _calloc_r
 .text          0x08006384       0x5c /usr/lib64/gcc/arm-none-eabi/13/../../../../arm-none-eabi/lib/thumb/v7-m/nofp/libc_nano.a(libc_a-reallocr.o)
                0x08006384                _realloc_r
 .text          0x080063e0       0x40 /usr/lib64/gcc/arm-none-eabi/13/../../../../arm-none-eabi/lib/thumb/v7-m/nofp/libc_nano.a(libc_a-fprintf.o)
                0x080063e0                _fprintf_r
                0x080063e0                _fiprintf_r
                0x080063fa                fprintf
                0x080063fa                fiprintf
 .text          0x08006420        0xe /usr/lib64/gcc/arm-none-eabi/13/../../../../arm-none-eabi/lib/thumb/v7-m/nofp/libc_nano.a(libc_a-abort.o)
                0x08006420                abort
 .text          0x0800642e       0x10 /usr/lib64/gcc/arm-none-eabi/13/../../../../arm-none-eabi/lib/thumb/v7-m/nofp/libc_nano.a(libc_a-msizer.o)
                0x0800642e                _malloc_usable_size_r
 *fill*         0x0800643e        0x2 
 .text          0x08006440      0x2d8 /usr/lib64/gcc/arm-none-eabi/13/../../../../arm-none-eabi/lib/thumb/v7-m/nofp/libc_nano.a(libc_a-nano-vfprintf.o)
                0x0800646a                __sfputs_r
                0x080064b4                __sprint_r
                0x08006514                _vfiprintf_r
                0x08006514                _vfprintf_r
                0x08006704                vfiprintf
                0x08006704                vfprintf
 .text          0x08006718      0x2a0 /usr/lib64/gcc/arm-none-eabi/13/../../../../arm-none-eabi/lib/thumb/v7-m/nofp/libc_nano.a(libc_a-fvwrite.o)
                0x08006718                __sfvwrite_r
 .text          0x080069b8       0xa8 /usr/lib64/gcc/arm-none-eabi/13/../../../../arm-none-eabi/lib/thumb/v7-m/nofp/libc_nano.a(libc_a-wbuf.o)
                0x080069b8                __swbuf_r
                0x08006a4e                __swbuf
 .text          0x08006a60       0xa8 /usr/lib64/gcc/arm-none-eabi/13/../../../../arm-none-eabi/lib/thumb/v7-m/nofp/libc_nano.a(libc_a-wsetup.o)
                0x08006a60                __swsetup_r
 .text          0x08006b08      0x138 /usr/lib64/gcc/arm-none-eabi/13/../../../../arm-none-eabi/lib/thumb/v7-m/nofp/libc_nano.a(libc_a-signal.o)
                0x08006b08                _init_signal_r
                0x08006b34                _signal_r
                0x08006b68                _raise_r
                0x08006bba                __sigtramp_r
                0x08006c06                raise
                0x08006c14                signal
                0x08006c24                _init_signal
                0x08006c30                __sigtramp
 .text          0x08006c40       0x28 /usr/lib64/gcc/arm-none-eabi/13/../../../../arm-none-eabi/lib/thumb/v7-m/nofp/libc_nano.a(libc_a-signalr.o)
                0x08006c40                _kill_r
                0x08006c64                _getpid_r
 .text          0x08006c68       0xc6 /usr/lib64/gcc/arm-none-eabi/13/../../../../arm-none-eabi/lib/thumb/v7-m/nofp/libc_nano.a(libc_a-makebuf.o)
                0x08006c68                __swhatbuf_r
                0x08006cb8                __smakebuf_r
 *fill*         0x08006d2e        0x2 
 .text          0x08006d30       0x24 /usr/lib64/gcc/arm-none-eabi/13/../../../../arm-none-eabi/lib/thumb/v7-m/nofp/libc_nano.a(libc_a-fstatr.o)
                0x08006d30                _fstat_r
 .text          0x08006d54       0x20 /usr/lib64/gcc/arm-none-eabi/13/../../../../arm-none-eabi/lib/thumb/v7-m/nofp/libc_nano.a(libc_a-isattyr.o)
                0x08006d54                _isatty_r
 .text          0x08006d74      0x254 /usr/lib64/gcc/arm-none-eabi/13/thumb/v7-m/nofp/libgcc.a(_arm_muldf3.o)
 .text          0x08006fc8      0x378 /usr/lib64/gcc/arm-none-eabi/13/thumb/v7-m/nofp/libgcc.a(_arm_addsubdf3.o)
                0x08006fc8                __aeabi_drsub
                0x08006fd0                __aeabi_dsub
                0x08006fd0                __subdf3
                0x08006fd4                __adddf3
                0x08006fd4                __aeabi_dadd
                0x0800724c                __aeabi_ui2d
                0x0800724c                __floatunsidf
                0x0800726c                __floatsidf
                0x0800726c                __aeabi_i2d
                0x08007290                __extendsfdf2
                0x08007290                __aeabi_f2d
                0x080072d4                __aeabi_ul2d
                0x080072d4                __floatundidf
                0x080072e4                __floatdidf
                0x080072e4                __aeabi_l2d
 .text          0x08007340      0x424 /usr/lib64/gcc/arm-none-eabi/13/thumb/v7-m/nofp/libgcc.a(_arm_muldivdf3.o)
                0x08007340                __aeabi_dmul
                0x08007340                __muldf3
                0x08007594                __aeabi_ddiv
                0x08007594                __divdf3
 .text          0x08007764       0x2c /usr/lib64/gcc/arm-none-eabi/13/thumb/v7-m/nofp/libgcc.a(_arm_unorddf2.o)
                0x08007764                __aeabi_dcmpun
                0x08007764                __unorddf2
 .text          0x08007790       0x50 /usr/lib64/gcc/arm-none-eabi/13/thumb/v7-m/nofp/libgcc.a(_arm_fixdfsi.o)
                0x08007790                __fixdfsi
                0x08007790                __aeabi_d2iz
 .text          0x080077e0       0xa0 /usr/lib64/gcc/arm-none-eabi/13/thumb/v7-m/nofp/libgcc.a(_arm_truncdfsf2.o)
                0x080077e0                __aeabi_d2f
                0x080077e0                __truncdfsf2
 .text          0x08007880       0xec /usr/lib64/gcc/arm-none-eabi/13/thumb/v7-m/nofp/libgcc.a(_arm_cmpsf2.o)
                0x08007880                __gtsf2
                0x08007880                __gesf2
                0x08007888                __lesf2
                0x08007888                __ltsf2
                0x08007890                __nesf2
                0x08007890                __eqsf2
                0x08007890                __cmpsf2
                0x080078f0                __aeabi_cfrcmple
                0x080078f8                __aeabi_cfcmple
                0x080078f8                __aeabi_cfcmpeq
                0x08007908                __aeabi_fcmpeq
                0x0800791c                __aeabi_fcmplt
                0x08007930                __aeabi_fcmple
                0x08007944                __aeabi_fcmpge
                0x08007958                __aeabi_fcmpgt
 .text          0x0800796c       0x2c /usr/lib64/gcc/arm-none-eabi/13/thumb/v7-m/nofp/libgcc.a(_arm_unordsf2.o)
                0x0800796c                __aeabi_fcmpun
                0x0800796c                __unordsf2
 .text          0x08007998       0x30 /usr/lib64/gcc/arm-none-eabi/13/thumb/v7-m/nofp/libgcc.a(_fixdfdi.o)
                0x08007998                __aeabi_d2lz
                0x08007998                __fixdfdi
 .text          0x080079c8       0x3c /usr/lib64/gcc/arm-none-eabi/13/thumb/v7-m/nofp/libgcc.a(_fixunsdfdi.o)
                0x080079c8                __aeabi_d2ulz
                0x080079c8                __fixunsdfdi
 .text          0x08007a04        0x0 /usr/lib64/gcc/arm-none-eabi/13/thumb/v7-m/nofp/crtend.o
 .text          0x08007a04        0x0 /usr/lib64/gcc/arm-none-eabi/13/thumb/v7-m/nofp/crtn.o
 *(.text.*)
 *(.rodata)
 .rodata        0x08007a04       0x24 /usr/lib64/gcc/arm-none-eabi/13/thumb/v7-m/nofp/crtbegin.o
 .rodata        0x08007a28     0xfa04 obj/DMA/buzzer.o
                0x08007a28                mg_raw
                0x08017428                mg_raw_len
 .rodata        0x0801742c      0x1e0 obj/i2c/SSD1306.o
                0x0801742c                Font5x7
 .rodata        0x0801760c       0x6f obj/core/main.o
 *fill*         0x0801767b        0x1 
 .rodata        0x0801767c        0xf obj/uart/neo6m.o
 *fill*         0x0801768b        0x1 
 .rodata        0x0801768c       0x28 obj/uart/a7670.o
 *fill*         0x080176b4        0x4 
 .rodata        0x080176b8       0x50 /usr/lib64/gcc/arm-none-eabi/13/../../../../arm-none-eabi/lib/thumb/v7-m/nofp/libc_nano.a(libc_a-strtod.o)
 .rodata        0x08017708      0x101 /usr/lib64/gcc/arm-none-eabi/13/../../../../arm-none-eabi/lib/thumb/v7-m/nofp/libc_nano.a(libc_a-ctype_.o)
                0x08017708                _ctype_
 *fill*         0x08017809        0x7 
 .rodata        0x08017810      0x128 /usr/lib64/gcc/arm-none-eabi/13/../../../../arm-none-eabi/lib/thumb/v7-m/nofp/libc_nano.a(libc_a-mprec.o)
                0x08017820                __mprec_tens
                0x080178e8                __mprec_tinytens
                0x08017910                __mprec_bigtens
 .rodata        0x08017938       0x24 /usr/lib64/gcc/arm-none-eabi/13/thumb/v7-m/nofp/crtend.o
 *(.rodata.*)
 .rodata.str1.1
                0x0801795c      0x136 /usr/lib64/gcc/arm-none-eabi/13/../../../../arm-none-eabi/lib/thumb/v7-m/nofp/libc_nano.a(libc_a-strtod.o)
                                  0xf (size before relaxing)
 .rodata.str1.1
                0x08017a92        0x0 /usr/lib64/gcc/arm-none-eabi/13/../../../../arm-none-eabi/lib/thumb/v7-m/nofp/libc_nano.a(libc_a-nano-vfprintf_float.o)
                                 0x12 (size before relaxing)
 .rodata.str1.1
                0x08017a92        0x0 /usr/lib64/gcc/arm-none-eabi/13/../../../../arm-none-eabi/lib/thumb/v7-m/nofp/libc_nano.a(libc_a-nano-vfprintf_i.o)
                                 0x22 (size before relaxing)
 .rodata.str1.1
                0x08017a92        0x0 /usr/lib64/gcc/arm-none-eabi/13/../../../../arm-none-eabi/lib/thumb/v7-m/nofp/libc_nano.a(libc_a-locale.o)
                                  0xb (size before relaxing)
 .rodata.str1.1
                0x08017a92        0x0 /usr/lib64/gcc/arm-none-eabi/13/../../../../arm-none-eabi/lib/thumb/v7-m/nofp/libc_nano.a(libc_a-dtoa.o)
                                 0x4c (size before relaxing)
 .rodata.str1.1
                0x08017a92        0x0 /usr/lib64/gcc/arm-none-eabi/13/../../../../arm-none-eabi/lib/thumb/v7-m/nofp/libc_nano.a(libc_a-gdtoa-gethex.o)
                                 0x47 (size before relaxing)
 .rodata.str1.1
                0x08017a92        0x0 /usr/lib64/gcc/arm-none-eabi/13/../../../../arm-none-eabi/lib/thumb/v7-m/nofp/libc_nano.a(libc_a-mprec.o)
                                 0x3e (size before relaxing)
 .rodata.str1.1
                0x08017a92        0x0 /usr/lib64/gcc/arm-none-eabi/13/../../../../arm-none-eabi/lib/thumb/v7-m/nofp/libc_nano.a(libc_a-nano-svfprintf.o)
                                 0x11 (size before relaxing)
 .rodata.str1.1
                0x08017a92        0x0 /usr/lib64/gcc/arm-none-eabi/13/../../../../arm-none-eabi/lib/thumb/v7-m/nofp/libc_nano.a(libc_a-assert.o)
                                 0x3d (size before relaxing)
 .rodata.str1.1
                0x08017a92        0x0 /usr/lib64/gcc/arm-none-eabi/13/../../../../arm-none-eabi/lib/thumb/v7-m/nofp/libc_nano.a(libc_a-nano-vfprintf.o)
                                 0x11 (size before relaxing)
                0x08017a98                        . = ALIGN (0x8)
 *fill*         0x08017a92        0x6 
                0x08017a98                        _etext = .

.glue_7         0x08017a98        0x0
 .glue_7        0x08017a98        0x0 linker stubs

.glue_7t        0x08017a98        0x0
 .glue_7t       0x08017a98        0x0 linker stubs

.vfp11_veneer   0x08017a98        0x0
 .vfp11_veneer  0x08017a98        0x0 linker stubs

.v4_bx          0x08017a98        0x0
 .v4_bx         0x08017a98        0x0 linker stubs

.init           0x08017a98        0xc
 .init          0x08017a98        0x4 /usr/lib64/gcc/arm-none-eabi/13/thumb/v7-m/nofp/crti.o
                0x08017a98                _init
 .init          0x08017a9c        0x8 /usr/lib64/gcc/arm-none-eabi/13/thumb/v7-m/nofp/crtn.o

.fini           0x08017aa4        0xc
 .fini          0x08017aa4        0x4 /usr/lib64/gcc/arm-none-eabi/13/thumb/v7-m/nofp/crti.o
                0x08017aa4                _fini
 .fini          0x08017aa8        0x8 /usr/lib64/gcc/arm-none-eabi/13/thumb/v7-m/nofp/crtn.o

.iplt           0x08017ab0        0x0
 .iplt          0x08017ab0        0x0 /usr/lib64/gcc/arm-none-eabi/13/thumb/v7-m/nofp/crtbegin.o

.eh_frame       0x08017ab0        0x4
 .eh_frame      0x08017ab0        0x0 /usr/lib64/gcc/arm-none-eabi/13/thumb/v7-m/nofp/crtbegin.o
 .eh_frame      0x08017ab0        0x4 /usr/lib64/gcc/arm-none-eabi/13/thumb/v7-m/nofp/crtend.o

.ARM.extab      0x08017ab4        0x0
 .ARM.extab     0x08017ab4        0x0 /usr/lib64/gcc/arm-none-eabi/13/../../../../arm-none-eabi/lib/thumb/v7-m/nofp/crt0.o
 .ARM.extab     0x08017ab4        0x0 /usr/lib64/gcc/arm-none-eabi/13/../../../../arm-none-eabi/lib/thumb/v7-m/nofp/libc_nano.a(libc_a-strcmp.o)
 .ARM.extab     0x08017ab4        0x0 /usr/lib64/gcc/arm-none-eabi/13/../../../../arm-none-eabi/lib/thumb/v7-m/nofp/libc_nano.a(libc_a-strlen.o)

.ARM.exidx      0x08017ab4        0x8
 .ARM.exidx     0x08017ab4        0x8 /usr/lib64/gcc/arm-none-eabi/13/../../../../arm-none-eabi/lib/thumb/v7-m/nofp/crt0.o
                                 0x10 (size before relaxing)
 .ARM.exidx     0x08017abc        0x0 /usr/lib64/gcc/arm-none-eabi/13/../../../../arm-none-eabi/lib/thumb/v7-m/nofp/libc_nano.a(libc_a-strcmp.o)
                                  0x8 (size before relaxing)
 .ARM.exidx     0x08017abc        0x0 /usr/lib64/gcc/arm-none-eabi/13/../../../../arm-none-eabi/lib/thumb/v7-m/nofp/libc_nano.a(libc_a-strlen.o)
                                  0x8 (size before relaxing)

.rel.dyn        0x08017abc        0x0
 .rel.iplt      0x08017abc        0x0 /usr/lib64/gcc/arm-none-eabi/13/thumb/v7-m/nofp/crtbegin.o

.data           0x20000000      0x3c8 load address 0x08017abc
                0x20000000                        . = ALIGN (0x8)
                0x20000000                        _sdata = .
 *(.data)
 .data          0x20000000        0x0 /usr/lib64/gcc/arm-none-eabi/13/thumb/v7-m/nofp/crti.o
 .data          0x20000000        0x4 /usr/lib64/gcc/arm-none-eabi/13/thumb/v7-m/nofp/crtbegin.o
                0x20000000                __dso_handle
 .data          0x20000004      0x118 /usr/lib64/gcc/arm-none-eabi/13/../../../../arm-none-eabi/lib/thumb/v7-m/nofp/crt0.o
                0x2000000c                __stack_base__
 .data          0x2000011c        0x0 obj/DMA/buzzer.o
 .data          0x2000011c        0x0 obj/i2c/SSD1306.o
 .data          0x2000011c        0x0 obj/i2c/aht20.o
 .data          0x2000011c        0x0 obj/i2c/i2c.o
 .data          0x2000011c        0x4 obj/core/syscalls.o
                0x2000011c                environ
 .data          0x20000120        0x0 obj/core/stm32_startup.o
 .data          0x20000120        0x0 obj/core/clock_set.o
 .data          0x20000120        0x0 obj/core/timeout.o
 .data          0x20000120        0x0 obj/core/main.o
 .data          0x20000120        0x0 obj/uart/usart.o
 .data          0x20000120        0x0 obj/uart/neo6m.o
 .data          0x20000120        0x0 obj/uart/a7670.o
 .data          0x20000120        0x0 /usr/lib64/gcc/arm-none-eabi/13/thumb/v7-m/nofp/libgcc.a(_arm_mulsf3.o)
 .data          0x20000120        0x0 /usr/lib64/gcc/arm-none-eabi/13/thumb/v7-m/nofp/libgcc.a(_arm_cmpdf2.o)
 .data          0x20000120        0x0 /usr/lib64/gcc/arm-none-eabi/13/thumb/v7-m/nofp/libgcc.a(_arm_fixunsdfsi.o)
 .data          0x20000120        0x0 /usr/lib64/gcc/arm-none-eabi/13/thumb/v7-m/nofp/libgcc.a(_arm_addsubsf3.o)
 .data          0x20000120        0x0 /usr/lib64/gcc/arm-none-eabi/13/thumb/v7-m/nofp/libgcc.a(_arm_muldivsf3.o)
 .data          0x20000120        0x0 /usr/lib64/gcc/arm-none-eabi/13/../../../../arm-none-eabi/lib/thumb/v7-m/nofp/libc_nano.a(libc_a-atexit.o)
 .data          0x20000120        0x0 /usr/lib64/gcc/arm-none-eabi/13/../../../../arm-none-eabi/lib/thumb/v7-m/nofp/libc_nano.a(libc_a-atof.o)
 .data          0x20000120        0x0 /usr/lib64/gcc/arm-none-eabi/13/../../../../arm-none-eabi/lib/thumb/v7-m/nofp/libc_nano.a(libc_a-atoi.o)
 .data          0x20000120        0x0 /usr/lib64/gcc/arm-none-eabi/13/../../../../arm-none-eabi/lib/thumb/v7-m/nofp/libc_nano.a(libc_a-exit.o)
 .data          0x20000120        0x0 /usr/lib64/gcc/arm-none-eabi/13/../../../../arm-none-eabi/lib/thumb/v7-m/nofp/libc_nano.a(libc_a-strtod.o)
 .data          0x20000120        0x0 /usr/lib64/gcc/arm-none-eabi/13/../../../../arm-none-eabi/lib/thumb/v7-m/nofp/libc_nano.a(libc_a-strtol.o)
 .data          0x20000120        0x0 /usr/lib64/gcc/arm-none-eabi/13/../../../../arm-none-eabi/lib/thumb/v7-m/nofp/libc_nano.a(libc_a-ctype_.o)
 .data          0x20000120        0x0 /usr/lib64/gcc/arm-none-eabi/13/../../../../arm-none-eabi/lib/thumb/v7-m/nofp/libc_nano.a(libc_a-nano-vfprintf_float.o)
 .data          0x20000120        0x0 /usr/lib64/gcc/arm-none-eabi/13/../../../../arm-none-eabi/lib/thumb/v7-m/nofp/libc_nano.a(libc_a-nano-vfprintf_i.o)
 .data          0x20000120        0xc /usr/lib64/gcc/arm-none-eabi/13/../../../../arm-none-eabi/lib/thumb/v7-m/nofp/libc_nano.a(libc_a-findfp.o)
                0x20000120                __sglue
 .data          0x2000012c        0x0 /usr/lib64/gcc/arm-none-eabi/13/../../../../arm-none-eabi/lib/thumb/v7-m/nofp/libc_nano.a(libc_a-fwalk.o)
 .data          0x2000012c        0x0 /usr/lib64/gcc/arm-none-eabi/13/../../../../arm-none-eabi/lib/thumb/v7-m/nofp/libc_nano.a(libc_a-sprintf.o)
 .data          0x2000012c        0x0 /usr/lib64/gcc/arm-none-eabi/13/../../../../arm-none-eabi/lib/thumb/v7-m/nofp/libc_nano.a(libc_a-stdio.o)
 .data          0x2000012c        0x0 /usr/lib64/gcc/arm-none-eabi/13/../../../../arm-none-eabi/lib/thumb/v7-m/nofp/libc_nano.a(libc_a-memset.o)
 .data          0x2000012c        0x0 /usr/lib64/gcc/arm-none-eabi/13/../../../../arm-none-eabi/lib/thumb/v7-m/nofp/libc_nano.a(libc_a-strncmp.o)
 .data          0x2000012c      0x16c /usr/lib64/gcc/arm-none-eabi/13/../../../../arm-none-eabi/lib/thumb/v7-m/nofp/libc_nano.a(libc_a-locale.o)
                0x2000012c                __global_locale
 .data          0x20000298        0x0 /usr/lib64/gcc/arm-none-eabi/13/../../../../arm-none-eabi/lib/thumb/v7-m/nofp/libc_nano.a(libc_a-localeconv.o)
 .data          0x20000298        0x0 /usr/lib64/gcc/arm-none-eabi/13/../../../../arm-none-eabi/lib/thumb/v7-m/nofp/libc_nano.a(libc_a-closer.o)
 .data          0x20000298        0x0 /usr/lib64/gcc/arm-none-eabi/13/../../../../arm-none-eabi/lib/thumb/v7-m/nofp/libc_nano.a(libc_a-reent.o)
 .data          0x20000298      0x128 /usr/lib64/gcc/arm-none-eabi/13/../../../../arm-none-eabi/lib/thumb/v7-m/nofp/libc_nano.a(libc_a-impure.o)
                0x20000298                _impure_ptr
                0x200002a0                _impure_data
 .data          0x200003c0        0x0 /usr/lib64/gcc/arm-none-eabi/13/../../../../arm-none-eabi/lib/thumb/v7-m/nofp/libc_nano.a(libc_a-lseekr.o)
 .data          0x200003c0        0x0 /usr/lib64/gcc/arm-none-eabi/13/../../../../arm-none-eabi/lib/thumb/v7-m/nofp/libc_nano.a(libc_a-readr.o)
 .data          0x200003c0        0x0 /usr/lib64/gcc/arm-none-eabi/13/../../../../arm-none-eabi/lib/thumb/v7-m/nofp/libc_nano.a(libc_a-writer.o)
 .data          0x200003c0        0x0 /usr/lib64/gcc/arm-none-eabi/13/../../../../arm-none-eabi/lib/thumb/v7-m/nofp/libc_nano.a(libc_a-errno.o)
 .data          0x200003c0        0x0 /usr/lib64/gcc/arm-none-eabi/13/../../../../arm-none-eabi/lib/thumb/v7-m/nofp/libc_nano.a(libc_a-init.o)
 .data          0x200003c0        0x0 /usr/lib64/gcc/arm-none-eabi/13/../../../../arm-none-eabi/lib/thumb/v7-m/nofp/libc_nano.a(libc_a-fini.o)
 .data          0x200003c0        0x0 /usr/lib64/gcc/arm-none-eabi/13/../../../../arm-none-eabi/lib/thumb/v7-m/nofp/libc_nano.a(libc_a-strcmp.o)
 .data          0x200003c0        0x0 /usr/lib64/gcc/arm-none-eabi/13/../../../../arm-none-eabi/lib/thumb/v7-m/nofp/libc_nano.a(libc_a-memchr-stub.o)
 .data          0x200003c0        0x0 /usr/lib64/gcc/arm-none-eabi/13/../../../../arm-none-eabi/lib/thumb/v7-m/nofp/libc_nano.a(libc_a-memcpy-stub.o)
 .data          0x200003c0        0x0 /usr/lib64/gcc/arm-none-eabi/13/../../../../arm-none-eabi/lib/thumb/v7-m/nofp/libc_nano.a(libc_a-strlen.o)
 .data          0x200003c0        0x0 /usr/lib64/gcc/arm-none-eabi/13/../../../../arm-none-eabi/lib/thumb/v7-m/nofp/libc_nano.a(libm_a-s_nan.o)
 .data          0x200003c0        0x0 /usr/lib64/gcc/arm-none-eabi/13/../../../../arm-none-eabi/lib/thumb/v7-m/nofp/libc_nano.a(libm_a-sf_nan.o)
 .data          0x200003c0        0x4 /usr/lib64/gcc/arm-none-eabi/13/../../../../arm-none-eabi/lib/thumb/v7-m/nofp/libc_nano.a(libc_a-__atexit.o)
                0x200003c0                __atexit_dummy
 .data          0x200003c4        0x0 /usr/lib64/gcc/arm-none-eabi/13/../../../../arm-none-eabi/lib/thumb/v7-m/nofp/libc_nano.a(libc_a-__call_atexit.o)
 .data          0x200003c4        0x0 /usr/lib64/gcc/arm-none-eabi/13/../../../../arm-none-eabi/lib/thumb/v7-m/nofp/libc_nano.a(libc_a-dtoa.o)
 .data          0x200003c4        0x0 /usr/lib64/gcc/arm-none-eabi/13/../../../../arm-none-eabi/lib/thumb/v7-m/nofp/libc_nano.a(libc_a-freer.o)
 .data          0x200003c4        0x0 /usr/lib64/gcc/arm-none-eabi/13/../../../../arm-none-eabi/lib/thumb/v7-m/nofp/libc_nano.a(libc_a-gdtoa-gethex.o)
 .data          0x200003c4        0x0 /usr/lib64/gcc/arm-none-eabi/13/../../../../arm-none-eabi/lib/thumb/v7-m/nofp/libc_nano.a(libc_a-gdtoa-hexnan.o)
 .data          0x200003c4        0x0 /usr/lib64/gcc/arm-none-eabi/13/../../../../arm-none-eabi/lib/thumb/v7-m/nofp/libc_nano.a(libc_a-mallocr.o)
 .data          0x200003c4        0x0 /usr/lib64/gcc/arm-none-eabi/13/../../../../arm-none-eabi/lib/thumb/v7-m/nofp/libc_nano.a(libc_a-mbtowc_r.o)
 .data          0x200003c4        0x0 /usr/lib64/gcc/arm-none-eabi/13/../../../../arm-none-eabi/lib/thumb/v7-m/nofp/libc_nano.a(libc_a-mlock.o)
 .data          0x200003c4        0x0 /usr/lib64/gcc/arm-none-eabi/13/../../../../arm-none-eabi/lib/thumb/v7-m/nofp/libc_nano.a(libc_a-mprec.o)
 .data          0x200003c4        0x0 /usr/lib64/gcc/arm-none-eabi/13/../../../../arm-none-eabi/lib/thumb/v7-m/nofp/libc_nano.a(libc_a-wctomb_r.o)
 .data          0x200003c4        0x0 /usr/lib64/gcc/arm-none-eabi/13/../../../../arm-none-eabi/lib/thumb/v7-m/nofp/libc_nano.a(libc_a-nano-svfprintf.o)
 .data          0x200003c4        0x0 /usr/lib64/gcc/arm-none-eabi/13/../../../../arm-none-eabi/lib/thumb/v7-m/nofp/libc_nano.a(libc_a-fflush.o)
 .data          0x200003c4        0x0 /usr/lib64/gcc/arm-none-eabi/13/../../../../arm-none-eabi/lib/thumb/v7-m/nofp/libc_nano.a(libc_a-memmove.o)
 .data          0x200003c4        0x0 /usr/lib64/gcc/arm-none-eabi/13/../../../../arm-none-eabi/lib/thumb/v7-m/nofp/libc_nano.a(libc_a-sbrkr.o)
 .data          0x200003c4        0x0 /usr/lib64/gcc/arm-none-eabi/13/../../../../arm-none-eabi/lib/thumb/v7-m/nofp/libc_nano.a(libc_a-assert.o)
 .data          0x200003c4        0x0 /usr/lib64/gcc/arm-none-eabi/13/../../../../arm-none-eabi/lib/thumb/v7-m/nofp/libc_nano.a(libc_a-callocr.o)
 .data          0x200003c4        0x0 /usr/lib64/gcc/arm-none-eabi/13/../../../../arm-none-eabi/lib/thumb/v7-m/nofp/libc_nano.a(libc_a-reallocr.o)
 .data          0x200003c4        0x0 /usr/lib64/gcc/arm-none-eabi/13/../../../../arm-none-eabi/lib/thumb/v7-m/nofp/libc_nano.a(libc_a-fprintf.o)
 .data          0x200003c4        0x0 /usr/lib64/gcc/arm-none-eabi/13/../../../../arm-none-eabi/lib/thumb/v7-m/nofp/libc_nano.a(libc_a-abort.o)
 .data          0x200003c4        0x0 /usr/lib64/gcc/arm-none-eabi/13/../../../../arm-none-eabi/lib/thumb/v7-m/nofp/libc_nano.a(libc_a-msizer.o)
 .data          0x200003c4        0x0 /usr/lib64/gcc/arm-none-eabi/13/../../../../arm-none-eabi/lib/thumb/v7-m/nofp/libc_nano.a(libc_a-nano-vfprintf.o)
 .data          0x200003c4        0x0 /usr/lib64/gcc/arm-none-eabi/13/../../../../arm-none-eabi/lib/thumb/v7-m/nofp/libc_nano.a(libc_a-fvwrite.o)
 .data          0x200003c4        0x0 /usr/lib64/gcc/arm-none-eabi/13/../../../../arm-none-eabi/lib/thumb/v7-m/nofp/libc_nano.a(libc_a-wbuf.o)
 .data          0x200003c4        0x0 /usr/lib64/gcc/arm-none-eabi/13/../../../../arm-none-eabi/lib/thumb/v7-m/nofp/libc_nano.a(libc_a-wsetup.o)
 .data          0x200003c4        0x0 /usr/lib64/gcc/arm-none-eabi/13/../../../../arm-none-eabi/lib/thumb/v7-m/nofp/libc_nano.a(libc_a-signal.o)
 .data          0x200003c4        0x0 /usr/lib64/gcc/arm-none-eabi/13/../../../../arm-none-eabi/lib/thumb/v7-m/nofp/libc_nano.a(libc_a-signalr.o)
 .data          0x200003c4        0x0 /usr/lib64/gcc/arm-none-eabi/13/../../../../arm-none-eabi/lib/thumb/v7-m/nofp/libc_nano.a(libc_a-makebuf.o)
 .data          0x200003c4        0x0 /usr/lib64/gcc/arm-none-eabi/13/../../../../arm-none-eabi/lib/thumb/v7-m/nofp/libc_nano.a(libc_a-fstatr.o)
 .data          0x200003c4        0x0 /usr/lib64/gcc/arm-none-eabi/13/../../../../arm-none-eabi/lib/thumb/v7-m/nofp/libc_nano.a(libc_a-isattyr.o)
 .data          0x200003c4        0x0 /usr/lib64/gcc/arm-none-eabi/13/thumb/v7-m/nofp/libgcc.a(_arm_muldf3.o)
 .data          0x200003c4        0x0 /usr/lib64/gcc/arm-none-eabi/13/thumb/v7-m/nofp/libgcc.a(_arm_addsubdf3.o)
 .data          0x200003c4        0x0 /usr/lib64/gcc/arm-none-eabi/13/thumb/v7-m/nofp/libgcc.a(_arm_muldivdf3.o)
 .data          0x200003c4        0x0 /usr/lib64/gcc/arm-none-eabi/13/thumb/v7-m/nofp/libgcc.a(_arm_unorddf2.o)
 .data          0x200003c4        0x0 /usr/lib64/gcc/arm-none-eabi/13/thumb/v7-m/nofp/libgcc.a(_arm_fixdfsi.o)
 .data          0x200003c4        0x0 /usr/lib64/gcc/arm-none-eabi/13/thumb/v7-m/nofp/libgcc.a(_arm_truncdfsf2.o)
 .data          0x200003c4        0x0 /usr/lib64/gcc/arm-none-eabi/13/thumb/v7-m/nofp/libgcc.a(_arm_cmpsf2.o)
 .data          0x200003c4        0x0 /usr/lib64/gcc/arm-none-eabi/13/thumb/v7-m/nofp/libgcc.a(_arm_unordsf2.o)
 .data          0x200003c4        0x0 /usr/lib64/gcc/arm-none-eabi/13/thumb/v7-m/nofp/libgcc.a(_fixdfdi.o)
 .data          0x200003c4        0x0 /usr/lib64/gcc/arm-none-eabi/13/thumb/v7-m/nofp/libgcc.a(_fixunsdfdi.o)
 .data          0x200003c4        0x0 /usr/lib64/gcc/arm-none-eabi/13/thumb/v7-m/nofp/crtend.o
 .data          0x200003c4        0x0 /usr/lib64/gcc/arm-none-eabi/13/thumb/v7-m/nofp/crtn.o
 *(.data.*)
                0x200003c8                        . = ALIGN (0x8)
 *fill*         0x200003c4        0x4 
                0x200003c8                        _edata = .

.init_array     0x200003c8        0x4 load address 0x08017e84
 .init_array    0x200003c8        0x4 /usr/lib64/gcc/arm-none-eabi/13/thumb/v7-m/nofp/crtbegin.o

.fini_array     0x200003cc        0x4 load address 0x08017e88
 .fini_array    0x200003cc        0x4 /usr/lib64/gcc/arm-none-eabi/13/thumb/v7-m/nofp/crtbegin.o

.tm_clone_table
                0x200003d0        0x0 load address 0x08017e8c
 .tm_clone_table
                0x200003d0        0x0 /usr/lib64/gcc/arm-none-eabi/13/thumb/v7-m/nofp/crtbegin.o
 .tm_clone_table
                0x200003d0        0x0 /usr/lib64/gcc/arm-none-eabi/13/thumb/v7-m/nofp/crtend.o

.igot.plt       0x200003d0        0x0 load address 0x08017e8c
 .igot.plt      0x200003d0        0x0 /usr/lib64/gcc/arm-none-eabi/13/thumb/v7-m/nofp/crtbegin.o

.bss            0x200003d0      0x9d8 load address 0x08017e8c
                0x200003d0                        . = ALIGN (0x8)
                0x200003d0                        _sbss = .
                0x200003d0                        __bss_start__ = _sbss
 *(.bss)
 .bss           0x200003d0        0x0 /usr/lib64/gcc/arm-none-eabi/13/thumb/v7-m/nofp/crti.o
 .bss           0x200003d0       0x1c /usr/lib64/gcc/arm-none-eabi/13/thumb/v7-m/nofp/crtbegin.o
 .bss           0x200003ec        0x0 /usr/lib64/gcc/arm-none-eabi/13/../../../../arm-none-eabi/lib/thumb/v7-m/nofp/crt0.o
 .bss           0x200003ec      0x204 obj/DMA/buzzer.o
                0x200003ec                audio_ram
 .bss           0x200005f0        0x0 obj/i2c/SSD1306.o
 .bss           0x200005f0        0x0 obj/i2c/aht20.o
 .bss           0x200005f0        0x0 obj/i2c/i2c.o
 .bss           0x200005f0        0x8 obj/core/syscalls.o
                0x200005f0                __env
 .bss           0x200005f8        0x0 obj/core/stm32_startup.o
 .bss           0x200005f8        0x0 obj/core/clock_set.o
 .bss           0x200005f8        0x0 obj/core/timeout.o
 .bss           0x200005f8      0x4ce obj/core/main.o
                0x200005f8                sensor_data
                0x20000600                gpsData
                0x20000620                old_gpsData
                0x20000640                freq
                0x20000644                gpsBuffer
                0x200006a8                displayBuffer
                0x20000aa8                testo
 .bss           0x20000ac6        0x0 obj/uart/usart.o
 .bss           0x20000ac6        0x0 obj/uart/neo6m.o
 .bss           0x20000ac6        0x0 obj/uart/a7670.o
 .bss           0x20000ac6        0x0 /usr/lib64/gcc/arm-none-eabi/13/thumb/v7-m/nofp/libgcc.a(_arm_mulsf3.o)
 .bss           0x20000ac6        0x0 /usr/lib64/gcc/arm-none-eabi/13/thumb/v7-m/nofp/libgcc.a(_arm_cmpdf2.o)
 .bss           0x20000ac6        0x0 /usr/lib64/gcc/arm-none-eabi/13/thumb/v7-m/nofp/libgcc.a(_arm_fixunsdfsi.o)
 .bss           0x20000ac6        0x0 /usr/lib64/gcc/arm-none-eabi/13/thumb/v7-m/nofp/libgcc.a(_arm_addsubsf3.o)
 .bss           0x20000ac6        0x0 /usr/lib64/gcc/arm-none-eabi/13/thumb/v7-m/nofp/libgcc.a(_arm_muldivsf3.o)
 .bss           0x20000ac6        0x0 /usr/lib64/gcc/arm-none-eabi/13/../../../../arm-none-eabi/lib/thumb/v7-m/nofp/libc_nano.a(libc_a-atexit.o)
 .bss           0x20000ac6        0x0 /usr/lib64/gcc/arm-none-eabi/13/../../../../arm-none-eabi/lib/thumb/v7-m/nofp/libc_nano.a(libc_a-atof.o)
 .bss           0x20000ac6        0x0 /usr/lib64/gcc/arm-none-eabi/13/../../../../arm-none-eabi/lib/thumb/v7-m/nofp/libc_nano.a(libc_a-atoi.o)
 .bss           0x20000ac6        0x0 /usr/lib64/gcc/arm-none-eabi/13/../../../../arm-none-eabi/lib/thumb/v7-m/nofp/libc_nano.a(libc_a-exit.o)
 .bss           0x20000ac6        0x0 /usr/lib64/gcc/arm-none-eabi/13/../../../../arm-none-eabi/lib/thumb/v7-m/nofp/libc_nano.a(libc_a-strtod.o)
 .bss           0x20000ac6        0x0 /usr/lib64/gcc/arm-none-eabi/13/../../../../arm-none-eabi/lib/thumb/v7-m/nofp/libc_nano.a(libc_a-strtol.o)
 .bss           0x20000ac6        0x0 /usr/lib64/gcc/arm-none-eabi/13/../../../../arm-none-eabi/lib/thumb/v7-m/nofp/libc_nano.a(libc_a-ctype_.o)
 .bss           0x20000ac6        0x0 /usr/lib64/gcc/arm-none-eabi/13/../../../../arm-none-eabi/lib/thumb/v7-m/nofp/libc_nano.a(libc_a-nano-vfprintf_float.o)
 .bss           0x20000ac6        0x0 /usr/lib64/gcc/arm-none-eabi/13/../../../../arm-none-eabi/lib/thumb/v7-m/nofp/libc_nano.a(libc_a-nano-vfprintf_i.o)
 *fill*         0x20000ac6        0x2 
 .bss           0x20000ac8      0x13c /usr/lib64/gcc/arm-none-eabi/13/../../../../arm-none-eabi/lib/thumb/v7-m/nofp/libc_nano.a(libc_a-findfp.o)
                0x20000ac8                __sf
                0x20000c00                __stdio_exit_handler
 .bss           0x20000c04        0x0 /usr/lib64/gcc/arm-none-eabi/13/../../../../arm-none-eabi/lib/thumb/v7-m/nofp/libc_nano.a(libc_a-fwalk.o)
 .bss           0x20000c04        0x0 /usr/lib64/gcc/arm-none-eabi/13/../../../../arm-none-eabi/lib/thumb/v7-m/nofp/libc_nano.a(libc_a-sprintf.o)
 .bss           0x20000c04        0x0 /usr/lib64/gcc/arm-none-eabi/13/../../../../arm-none-eabi/lib/thumb/v7-m/nofp/libc_nano.a(libc_a-stdio.o)
 .bss           0x20000c04        0x0 /usr/lib64/gcc/arm-none-eabi/13/../../../../arm-none-eabi/lib/thumb/v7-m/nofp/libc_nano.a(libc_a-memset.o)
 .bss           0x20000c04        0x0 /usr/lib64/gcc/arm-none-eabi/13/../../../../arm-none-eabi/lib/thumb/v7-m/nofp/libc_nano.a(libc_a-strncmp.o)
 .bss           0x20000c04        0x4 /usr/lib64/gcc/arm-none-eabi/13/../../../../arm-none-eabi/lib/thumb/v7-m/nofp/libc_nano.a(libc_a-locale.o)
                0x20000c04                _PathLocale
 .bss           0x20000c08        0x0 /usr/lib64/gcc/arm-none-eabi/13/../../../../arm-none-eabi/lib/thumb/v7-m/nofp/libc_nano.a(libc_a-localeconv.o)
 .bss           0x20000c08        0x0 /usr/lib64/gcc/arm-none-eabi/13/../../../../arm-none-eabi/lib/thumb/v7-m/nofp/libc_nano.a(libc_a-closer.o)
 .bss           0x20000c08        0x4 /usr/lib64/gcc/arm-none-eabi/13/../../../../arm-none-eabi/lib/thumb/v7-m/nofp/libc_nano.a(libc_a-reent.o)
                0x20000c08                errno
 .bss           0x20000c0c        0x0 /usr/lib64/gcc/arm-none-eabi/13/../../../../arm-none-eabi/lib/thumb/v7-m/nofp/libc_nano.a(libc_a-impure.o)
 .bss           0x20000c0c        0x0 /usr/lib64/gcc/arm-none-eabi/13/../../../../arm-none-eabi/lib/thumb/v7-m/nofp/libc_nano.a(libc_a-lseekr.o)
 .bss           0x20000c0c        0x0 /usr/lib64/gcc/arm-none-eabi/13/../../../../arm-none-eabi/lib/thumb/v7-m/nofp/libc_nano.a(libc_a-readr.o)
 .bss           0x20000c0c        0x0 /usr/lib64/gcc/arm-none-eabi/13/../../../../arm-none-eabi/lib/thumb/v7-m/nofp/libc_nano.a(libc_a-writer.o)
 .bss           0x20000c0c        0x0 /usr/lib64/gcc/arm-none-eabi/13/../../../../arm-none-eabi/lib/thumb/v7-m/nofp/libc_nano.a(libc_a-errno.o)
 .bss           0x20000c0c        0x0 /usr/lib64/gcc/arm-none-eabi/13/../../../../arm-none-eabi/lib/thumb/v7-m/nofp/libc_nano.a(libc_a-init.o)
 .bss           0x20000c0c        0x0 /usr/lib64/gcc/arm-none-eabi/13/../../../../arm-none-eabi/lib/thumb/v7-m/nofp/libc_nano.a(libc_a-fini.o)
 .bss           0x20000c0c        0x0 /usr/lib64/gcc/arm-none-eabi/13/../../../../arm-none-eabi/lib/thumb/v7-m/nofp/libc_nano.a(libc_a-strcmp.o)
 .bss           0x20000c0c        0x0 /usr/lib64/gcc/arm-none-eabi/13/../../../../arm-none-eabi/lib/thumb/v7-m/nofp/libc_nano.a(libc_a-memchr-stub.o)
 .bss           0x20000c0c        0x0 /usr/lib64/gcc/arm-none-eabi/13/../../../../arm-none-eabi/lib/thumb/v7-m/nofp/libc_nano.a(libc_a-memcpy-stub.o)
 .bss           0x20000c0c        0x0 /usr/lib64/gcc/arm-none-eabi/13/../../../../arm-none-eabi/lib/thumb/v7-m/nofp/libc_nano.a(libc_a-strlen.o)
 .bss           0x20000c0c        0x0 /usr/lib64/gcc/arm-none-eabi/13/../../../../arm-none-eabi/lib/thumb/v7-m/nofp/libc_nano.a(libm_a-s_nan.o)
 .bss           0x20000c0c        0x0 /usr/lib64/gcc/arm-none-eabi/13/../../../../arm-none-eabi/lib/thumb/v7-m/nofp/libc_nano.a(libm_a-sf_nan.o)
 .bss           0x20000c0c      0x190 /usr/lib64/gcc/arm-none-eabi/13/../../../../arm-none-eabi/lib/thumb/v7-m/nofp/libc_nano.a(libc_a-__atexit.o)
                0x20000c0c                __atexit0
 .bss           0x20000d9c        0x4 /usr/lib64/gcc/arm-none-eabi/13/../../../../arm-none-eabi/lib/thumb/v7-m/nofp/libc_nano.a(libc_a-__call_atexit.o)
                0x20000d9c                __atexit
 .bss           0x20000da0        0x0 /usr/lib64/gcc/arm-none-eabi/13/../../../../arm-none-eabi/lib/thumb/v7-m/nofp/libc_nano.a(libc_a-dtoa.o)
 .bss           0x20000da0        0x0 /usr/lib64/gcc/arm-none-eabi/13/../../../../arm-none-eabi/lib/thumb/v7-m/nofp/libc_nano.a(libc_a-freer.o)
 .bss           0x20000da0        0x0 /usr/lib64/gcc/arm-none-eabi/13/../../../../arm-none-eabi/lib/thumb/v7-m/nofp/libc_nano.a(libc_a-gdtoa-gethex.o)
 .bss           0x20000da0        0x0 /usr/lib64/gcc/arm-none-eabi/13/../../../../arm-none-eabi/lib/thumb/v7-m/nofp/libc_nano.a(libc_a-gdtoa-hexnan.o)
 .bss           0x20000da0        0x8 /usr/lib64/gcc/arm-none-eabi/13/../../../../arm-none-eabi/lib/thumb/v7-m/nofp/libc_nano.a(libc_a-mallocr.o)
                0x20000da0                __malloc_sbrk_start
                0x20000da4                __malloc_free_list
 .bss           0x20000da8        0x0 /usr/lib64/gcc/arm-none-eabi/13/../../../../arm-none-eabi/lib/thumb/v7-m/nofp/libc_nano.a(libc_a-mbtowc_r.o)
 .bss           0x20000da8        0x0 /usr/lib64/gcc/arm-none-eabi/13/../../../../arm-none-eabi/lib/thumb/v7-m/nofp/libc_nano.a(libc_a-mlock.o)
 .bss           0x20000da8        0x0 /usr/lib64/gcc/arm-none-eabi/13/../../../../arm-none-eabi/lib/thumb/v7-m/nofp/libc_nano.a(libc_a-mprec.o)
 .bss           0x20000da8        0x0 /usr/lib64/gcc/arm-none-eabi/13/../../../../arm-none-eabi/lib/thumb/v7-m/nofp/libc_nano.a(libc_a-wctomb_r.o)
 .bss           0x20000da8        0x0 /usr/lib64/gcc/arm-none-eabi/13/../../../../arm-none-eabi/lib/thumb/v7-m/nofp/libc_nano.a(libc_a-nano-svfprintf.o)
 .bss           0x20000da8        0x0 /usr/lib64/gcc/arm-none-eabi/13/../../../../arm-none-eabi/lib/thumb/v7-m/nofp/libc_nano.a(libc_a-fflush.o)
 .bss           0x20000da8        0x0 /usr/lib64/gcc/arm-none-eabi/13/../../../../arm-none-eabi/lib/thumb/v7-m/nofp/libc_nano.a(libc_a-memmove.o)
 .bss           0x20000da8        0x0 /usr/lib64/gcc/arm-none-eabi/13/../../../../arm-none-eabi/lib/thumb/v7-m/nofp/libc_nano.a(libc_a-sbrkr.o)
 .bss           0x20000da8        0x0 /usr/lib64/gcc/arm-none-eabi/13/../../../../arm-none-eabi/lib/thumb/v7-m/nofp/libc_nano.a(libc_a-assert.o)
 .bss           0x20000da8        0x0 /usr/lib64/gcc/arm-none-eabi/13/../../../../arm-none-eabi/lib/thumb/v7-m/nofp/libc_nano.a(libc_a-callocr.o)
 .bss           0x20000da8        0x0 /usr/lib64/gcc/arm-none-eabi/13/../../../../arm-none-eabi/lib/thumb/v7-m/nofp/libc_nano.a(libc_a-reallocr.o)
 .bss           0x20000da8        0x0 /usr/lib64/gcc/arm-none-eabi/13/../../../../arm-none-eabi/lib/thumb/v7-m/nofp/libc_nano.a(libc_a-fprintf.o)
 .bss           0x20000da8        0x0 /usr/lib64/gcc/arm-none-eabi/13/../../../../arm-none-eabi/lib/thumb/v7-m/nofp/libc_nano.a(libc_a-abort.o)
 .bss           0x20000da8        0x0 /usr/lib64/gcc/arm-none-eabi/13/../../../../arm-none-eabi/lib/thumb/v7-m/nofp/libc_nano.a(libc_a-msizer.o)
 .bss           0x20000da8        0x0 /usr/lib64/gcc/arm-none-eabi/13/../../../../arm-none-eabi/lib/thumb/v7-m/nofp/libc_nano.a(libc_a-nano-vfprintf.o)
 .bss           0x20000da8        0x0 /usr/lib64/gcc/arm-none-eabi/13/../../../../arm-none-eabi/lib/thumb/v7-m/nofp/libc_nano.a(libc_a-fvwrite.o)
 .bss           0x20000da8        0x0 /usr/lib64/gcc/arm-none-eabi/13/../../../../arm-none-eabi/lib/thumb/v7-m/nofp/libc_nano.a(libc_a-wbuf.o)
 .bss           0x20000da8        0x0 /usr/lib64/gcc/arm-none-eabi/13/../../../../arm-none-eabi/lib/thumb/v7-m/nofp/libc_nano.a(libc_a-wsetup.o)
 .bss           0x20000da8        0x0 /usr/lib64/gcc/arm-none-eabi/13/../../../../arm-none-eabi/lib/thumb/v7-m/nofp/libc_nano.a(libc_a-signal.o)
 .bss           0x20000da8        0x0 /usr/lib64/gcc/arm-none-eabi/13/../../../../arm-none-eabi/lib/thumb/v7-m/nofp/libc_nano.a(libc_a-signalr.o)
 .bss           0x20000da8        0x0 /usr/lib64/gcc/arm-none-eabi/13/../../../../arm-none-eabi/lib/thumb/v7-m/nofp/libc_nano.a(libc_a-makebuf.o)
 .bss           0x20000da8        0x0 /usr/lib64/gcc/arm-none-eabi/13/../../../../arm-none-eabi/lib/thumb/v7-m/nofp/libc_nano.a(libc_a-fstatr.o)
 .bss           0x20000da8        0x0 /usr/lib64/gcc/arm-none-eabi/13/../../../../arm-none-eabi/lib/thumb/v7-m/nofp/libc_nano.a(libc_a-isattyr.o)
 .bss           0x20000da8        0x0 /usr/lib64/gcc/arm-none-eabi/13/thumb/v7-m/nofp/libgcc.a(_arm_muldf3.o)
 .bss           0x20000da8        0x0 /usr/lib64/gcc/arm-none-eabi/13/thumb/v7-m/nofp/libgcc.a(_arm_addsubdf3.o)
 .bss           0x20000da8        0x0 /usr/lib64/gcc/arm-none-eabi/13/thumb/v7-m/nofp/libgcc.a(_arm_muldivdf3.o)
 .bss           0x20000da8        0x0 /usr/lib64/gcc/arm-none-eabi/13/thumb/v7-m/nofp/libgcc.a(_arm_unorddf2.o)
 .bss           0x20000da8        0x0 /usr/lib64/gcc/arm-none-eabi/13/thumb/v7-m/nofp/libgcc.a(_arm_fixdfsi.o)
 .bss           0x20000da8        0x0 /usr/lib64/gcc/arm-none-eabi/13/thumb/v7-m/nofp/libgcc.a(_arm_truncdfsf2.o)
 .bss           0x20000da8        0x0 /usr/lib64/gcc/arm-none-eabi/13/thumb/v7-m/nofp/libgcc.a(_arm_cmpsf2.o)
 .bss           0x20000da8        0x0 /usr/lib64/gcc/arm-none-eabi/13/thumb/v7-m/nofp/libgcc.a(_arm_unordsf2.o)
 .bss           0x20000da8        0x0 /usr/lib64/gcc/arm-none-eabi/13/thumb/v7-m/nofp/libgcc.a(_fixdfdi.o)
 .bss           0x20000da8        0x0 /usr/lib64/gcc/arm-none-eabi/13/thumb/v7-m/nofp/libgcc.a(_fixunsdfdi.o)
 .bss           0x20000da8        0x0 /usr/lib64/gcc/arm-none-eabi/13/thumb/v7-m/nofp/crtend.o
 .bss           0x20000da8        0x0 /usr/lib64/gcc/arm-none-eabi/13/thumb/v7-m/nofp/crtn.o
 *(.bss.*)
 *(COMMON)
                0x20000da8                        . = ALIGN (0x8)
                0x20000da8                        _ebss = .
                0x20000da8                        __bss_end__ = _ebss
                0x20000da8                        . = ALIGN (0x8)
                0x20000da8                        end = .
                0x20000da8                        __end__ = end
                0x20000da8                        _end = end

._user_heap_stack
                0x20000da8      0x800 load address 0x08017e8c
                0x20000da8                        . = ALIGN (0x8)
                0x20000da8                        . = (. + _Min_Heap_Size)
                0x20000da8                        __heap_limit = .
                0x200015a8                        . = (. + _Min_Stack_Size)
 *fill*         0x20000da8      0x800 
                0x200015a8                        . = ALIGN (0x8)
OUTPUT(final.elf elf32-littlearm)
LOAD linker stubs

.ARM.attributes
                0x00000000       0x29
 .ARM.attributes
                0x00000000       0x1d /usr/lib64/gcc/arm-none-eabi/13/thumb/v7-m/nofp/crti.o
 .ARM.attributes
                0x0000001d       0x2d /usr/lib64/gcc/arm-none-eabi/13/thumb/v7-m/nofp/crtbegin.o
 .ARM.attributes
                0x0000004a       0x1b /usr/lib64/gcc/arm-none-eabi/13/../../../../arm-none-eabi/lib/thumb/v7-m/nofp/crt0.o
 .ARM.attributes
                0x00000065       0x2d obj/DMA/buzzer.o
 .ARM.attributes
                0x00000092       0x2d obj/i2c/SSD1306.o
 .ARM.attributes
                0x000000bf       0x2d obj/i2c/aht20.o
 .ARM.attributes
                0x000000ec       0x2d obj/i2c/i2c.o
 .ARM.attributes
                0x00000119       0x2d obj/core/syscalls.o
 .ARM.attributes
                0x00000146       0x2d obj/core/stm32_startup.o
 .ARM.attributes
                0x00000173       0x2d obj/core/clock_set.o
 .ARM.attributes
                0x000001a0       0x2d obj/core/timeout.o
 .ARM.attributes
                0x000001cd       0x2d obj/core/main.o
 .ARM.attributes
                0x000001fa       0x2d obj/uart/usart.o
 .ARM.attributes
                0x00000227       0x2d obj/uart/neo6m.o
 .ARM.attributes
                0x00000254       0x2d obj/uart/a7670.o
 .ARM.attributes
                0x00000281       0x1d /usr/lib64/gcc/arm-none-eabi/13/thumb/v7-m/nofp/libgcc.a(_arm_mulsf3.o)
 .ARM.attributes
                0x0000029e       0x1d /usr/lib64/gcc/arm-none-eabi/13/thumb/v7-m/nofp/libgcc.a(_arm_cmpdf2.o)
 .ARM.attributes
                0x000002bb       0x1d /usr/lib64/gcc/arm-none-eabi/13/thumb/v7-m/nofp/libgcc.a(_arm_fixunsdfsi.o)
 .ARM.attributes
                0x000002d8       0x1d /usr/lib64/gcc/arm-none-eabi/13/thumb/v7-m/nofp/libgcc.a(_arm_addsubsf3.o)
 .ARM.attributes
                0x000002f5       0x1d /usr/lib64/gcc/arm-none-eabi/13/thumb/v7-m/nofp/libgcc.a(_arm_muldivsf3.o)
 .ARM.attributes
                0x00000312       0x2d /usr/lib64/gcc/arm-none-eabi/13/../../../../arm-none-eabi/lib/thumb/v7-m/nofp/libc_nano.a(libc_a-atexit.o)
 .ARM.attributes
                0x0000033f       0x2d /usr/lib64/gcc/arm-none-eabi/13/../../../../arm-none-eabi/lib/thumb/v7-m/nofp/libc_nano.a(libc_a-atof.o)
 .ARM.attributes
                0x0000036c       0x2d /usr/lib64/gcc/arm-none-eabi/13/../../../../arm-none-eabi/lib/thumb/v7-m/nofp/libc_nano.a(libc_a-atoi.o)
 .ARM.attributes
                0x00000399       0x2d /usr/lib64/gcc/arm-none-eabi/13/../../../../arm-none-eabi/lib/thumb/v7-m/nofp/libc_nano.a(libc_a-exit.o)
 .ARM.attributes
                0x000003c6       0x2d /usr/lib64/gcc/arm-none-eabi/13/../../../../arm-none-eabi/lib/thumb/v7-m/nofp/libc_nano.a(libc_a-strtod.o)
 .ARM.attributes
                0x000003f3       0x2d /usr/lib64/gcc/arm-none-eabi/13/../../../../arm-none-eabi/lib/thumb/v7-m/nofp/libc_nano.a(libc_a-strtol.o)
 .ARM.attributes
                0x00000420       0x2d /usr/lib64/gcc/arm-none-eabi/13/../../../../arm-none-eabi/lib/thumb/v7-m/nofp/libc_nano.a(libc_a-ctype_.o)
 .ARM.attributes
                0x0000044d       0x2d /usr/lib64/gcc/arm-none-eabi/13/../../../../arm-none-eabi/lib/thumb/v7-m/nofp/libc_nano.a(libc_a-nano-vfprintf_float.o)
 .ARM.attributes
                0x0000047a       0x2d /usr/lib64/gcc/arm-none-eabi/13/../../../../arm-none-eabi/lib/thumb/v7-m/nofp/libc_nano.a(libc_a-nano-vfprintf_i.o)
 .ARM.attributes
                0x000004a7       0x2d /usr/lib64/gcc/arm-none-eabi/13/../../../../arm-none-eabi/lib/thumb/v7-m/nofp/libc_nano.a(libc_a-findfp.o)
 .ARM.attributes
                0x000004d4       0x2d /usr/lib64/gcc/arm-none-eabi/13/../../../../arm-none-eabi/lib/thumb/v7-m/nofp/libc_nano.a(libc_a-fwalk.o)
 .ARM.attributes
                0x00000501       0x2d /usr/lib64/gcc/arm-none-eabi/13/../../../../arm-none-eabi/lib/thumb/v7-m/nofp/libc_nano.a(libc_a-sprintf.o)
 .ARM.attributes
                0x0000052e       0x2d /usr/lib64/gcc/arm-none-eabi/13/../../../../arm-none-eabi/lib/thumb/v7-m/nofp/libc_nano.a(libc_a-stdio.o)
 .ARM.attributes
                0x0000055b       0x2d /usr/lib64/gcc/arm-none-eabi/13/../../../../arm-none-eabi/lib/thumb/v7-m/nofp/libc_nano.a(libc_a-memset.o)
 .ARM.attributes
                0x00000588       0x2d /usr/lib64/gcc/arm-none-eabi/13/../../../../arm-none-eabi/lib/thumb/v7-m/nofp/libc_nano.a(libc_a-strncmp.o)
 .ARM.attributes
                0x000005b5       0x2d /usr/lib64/gcc/arm-none-eabi/13/../../../../arm-none-eabi/lib/thumb/v7-m/nofp/libc_nano.a(libc_a-locale.o)
 .ARM.attributes
                0x000005e2       0x2d /usr/lib64/gcc/arm-none-eabi/13/../../../../arm-none-eabi/lib/thumb/v7-m/nofp/libc_nano.a(libc_a-localeconv.o)
 .ARM.attributes
                0x0000060f       0x2d /usr/lib64/gcc/arm-none-eabi/13/../../../../arm-none-eabi/lib/thumb/v7-m/nofp/libc_nano.a(libc_a-closer.o)
 .ARM.attributes
                0x0000063c       0x2d /usr/lib64/gcc/arm-none-eabi/13/../../../../arm-none-eabi/lib/thumb/v7-m/nofp/libc_nano.a(libc_a-reent.o)
 .ARM.attributes
                0x00000669       0x2d /usr/lib64/gcc/arm-none-eabi/13/../../../../arm-none-eabi/lib/thumb/v7-m/nofp/libc_nano.a(libc_a-impure.o)
 .ARM.attributes
                0x00000696       0x2d /usr/lib64/gcc/arm-none-eabi/13/../../../../arm-none-eabi/lib/thumb/v7-m/nofp/libc_nano.a(libc_a-lseekr.o)
 .ARM.attributes
                0x000006c3       0x2d /usr/lib64/gcc/arm-none-eabi/13/../../../../arm-none-eabi/lib/thumb/v7-m/nofp/libc_nano.a(libc_a-readr.o)
 .ARM.attributes
                0x000006f0       0x2d /usr/lib64/gcc/arm-none-eabi/13/../../../../arm-none-eabi/lib/thumb/v7-m/nofp/libc_nano.a(libc_a-writer.o)
 .ARM.attributes
                0x0000071d       0x2d /usr/lib64/gcc/arm-none-eabi/13/../../../../arm-none-eabi/lib/thumb/v7-m/nofp/libc_nano.a(libc_a-errno.o)
 .ARM.attributes
                0x0000074a       0x2d /usr/lib64/gcc/arm-none-eabi/13/../../../../arm-none-eabi/lib/thumb/v7-m/nofp/libc_nano.a(libc_a-init.o)
 .ARM.attributes
                0x00000777       0x2d /usr/lib64/gcc/arm-none-eabi/13/../../../../arm-none-eabi/lib/thumb/v7-m/nofp/libc_nano.a(libc_a-fini.o)
 .ARM.attributes
                0x000007a4       0x1b /usr/lib64/gcc/arm-none-eabi/13/../../../../arm-none-eabi/lib/thumb/v7-m/nofp/libc_nano.a(libc_a-strcmp.o)
 .ARM.attributes
                0x000007bf       0x2d /usr/lib64/gcc/arm-none-eabi/13/../../../../arm-none-eabi/lib/thumb/v7-m/nofp/libc_nano.a(libc_a-memchr-stub.o)
 .ARM.attributes
                0x000007ec       0x2d /usr/lib64/gcc/arm-none-eabi/13/../../../../arm-none-eabi/lib/thumb/v7-m/nofp/libc_nano.a(libc_a-memcpy-stub.o)
 .ARM.attributes
                0x00000819       0x17 /usr/lib64/gcc/arm-none-eabi/13/../../../../arm-none-eabi/lib/thumb/v7-m/nofp/libc_nano.a(libc_a-strlen.o)
 .ARM.attributes
                0x00000830       0x2d /usr/lib64/gcc/arm-none-eabi/13/../../../../arm-none-eabi/lib/thumb/v7-m/nofp/libc_nano.a(libm_a-s_nan.o)
 .ARM.attributes
                0x0000085d       0x2d /usr/lib64/gcc/arm-none-eabi/13/../../../../arm-none-eabi/lib/thumb/v7-m/nofp/libc_nano.a(libm_a-sf_nan.o)
 .ARM.attributes
                0x0000088a       0x2d /usr/lib64/gcc/arm-none-eabi/13/../../../../arm-none-eabi/lib/thumb/v7-m/nofp/libc_nano.a(libc_a-__atexit.o)
 .ARM.attributes
                0x000008b7       0x2d /usr/lib64/gcc/arm-none-eabi/13/../../../../arm-none-eabi/lib/thumb/v7-m/nofp/libc_nano.a(libc_a-__call_atexit.o)
 .ARM.attributes
                0x000008e4       0x2d /usr/lib64/gcc/arm-none-eabi/13/../../../../arm-none-eabi/lib/thumb/v7-m/nofp/libc_nano.a(libc_a-dtoa.o)
 .ARM.attributes
                0x00000911       0x2d /usr/lib64/gcc/arm-none-eabi/13/../../../../arm-none-eabi/lib/thumb/v7-m/nofp/libc_nano.a(libc_a-freer.o)
 .ARM.attributes
                0x0000093e       0x2d /usr/lib64/gcc/arm-none-eabi/13/../../../../arm-none-eabi/lib/thumb/v7-m/nofp/libc_nano.a(libc_a-gdtoa-gethex.o)
 .ARM.attributes
                0x0000096b       0x2d /usr/lib64/gcc/arm-none-eabi/13/../../../../arm-none-eabi/lib/thumb/v7-m/nofp/libc_nano.a(libc_a-gdtoa-hexnan.o)
 .ARM.attributes
                0x00000998       0x2d /usr/lib64/gcc/arm-none-eabi/13/../../../../arm-none-eabi/lib/thumb/v7-m/nofp/libc_nano.a(libc_a-mallocr.o)
 .ARM.attributes
                0x000009c5       0x2d /usr/lib64/gcc/arm-none-eabi/13/../../../../arm-none-eabi/lib/thumb/v7-m/nofp/libc_nano.a(libc_a-mbtowc_r.o)
 .ARM.attributes
                0x000009f2       0x2d /usr/lib64/gcc/arm-none-eabi/13/../../../../arm-none-eabi/lib/thumb/v7-m/nofp/libc_nano.a(libc_a-mlock.o)
 .ARM.attributes
                0x00000a1f       0x2d /usr/lib64/gcc/arm-none-eabi/13/../../../../arm-none-eabi/lib/thumb/v7-m/nofp/libc_nano.a(libc_a-mprec.o)
 .ARM.attributes
                0x00000a4c       0x2d /usr/lib64/gcc/arm-none-eabi/13/../../../../arm-none-eabi/lib/thumb/v7-m/nofp/libc_nano.a(libc_a-wctomb_r.o)
 .ARM.attributes
                0x00000a79       0x2d /usr/lib64/gcc/arm-none-eabi/13/../../../../arm-none-eabi/lib/thumb/v7-m/nofp/libc_nano.a(libc_a-nano-svfprintf.o)
 .ARM.attributes
                0x00000aa6       0x2d /usr/lib64/gcc/arm-none-eabi/13/../../../../arm-none-eabi/lib/thumb/v7-m/nofp/libc_nano.a(libc_a-fflush.o)
 .ARM.attributes
                0x00000ad3       0x2d /usr/lib64/gcc/arm-none-eabi/13/../../../../arm-none-eabi/lib/thumb/v7-m/nofp/libc_nano.a(libc_a-memmove.o)
 .ARM.attributes
                0x00000b00       0x2d /usr/lib64/gcc/arm-none-eabi/13/../../../../arm-none-eabi/lib/thumb/v7-m/nofp/libc_nano.a(libc_a-sbrkr.o)
 .ARM.attributes
                0x00000b2d       0x2d /usr/lib64/gcc/arm-none-eabi/13/../../../../arm-none-eabi/lib/thumb/v7-m/nofp/libc_nano.a(libc_a-assert.o)
 .ARM.attributes
                0x00000b5a       0x2d /usr/lib64/gcc/arm-none-eabi/13/../../../../arm-none-eabi/lib/thumb/v7-m/nofp/libc_nano.a(libc_a-callocr.o)
 .ARM.attributes
                0x00000b87       0x2d /usr/lib64/gcc/arm-none-eabi/13/../../../../arm-none-eabi/lib/thumb/v7-m/nofp/libc_nano.a(libc_a-reallocr.o)
 .ARM.attributes
                0x00000bb4       0x2d /usr/lib64/gcc/arm-none-eabi/13/../../../../arm-none-eabi/lib/thumb/v7-m/nofp/libc_nano.a(libc_a-fprintf.o)
 .ARM.attributes
                0x00000be1       0x2d /usr/lib64/gcc/arm-none-eabi/13/../../../../arm-none-eabi/lib/thumb/v7-m/nofp/libc_nano.a(libc_a-abort.o)
 .ARM.attributes
                0x00000c0e       0x2d /usr/lib64/gcc/arm-none-eabi/13/../../../../arm-none-eabi/lib/thumb/v7-m/nofp/libc_nano.a(libc_a-msizer.o)
 .ARM.attributes
                0x00000c3b       0x2d /usr/lib64/gcc/arm-none-eabi/13/../../../../arm-none-eabi/lib/thumb/v7-m/nofp/libc_nano.a(libc_a-nano-vfprintf.o)
 .ARM.attributes
                0x00000c68       0x2d /usr/lib64/gcc/arm-none-eabi/13/../../../../arm-none-eabi/lib/thumb/v7-m/nofp/libc_nano.a(libc_a-fvwrite.o)
 .ARM.attributes
                0x00000c95       0x2d /usr/lib64/gcc/arm-none-eabi/13/../../../../arm-none-eabi/lib/thumb/v7-m/nofp/libc_nano.a(libc_a-wbuf.o)
 .ARM.attributes
                0x00000cc2       0x2d /usr/lib64/gcc/arm-none-eabi/13/../../../../arm-none-eabi/lib/thumb/v7-m/nofp/libc_nano.a(libc_a-wsetup.o)
 .ARM.attributes
                0x00000cef       0x2d /usr/lib64/gcc/arm-none-eabi/13/../../../../arm-none-eabi/lib/thumb/v7-m/nofp/libc_nano.a(libc_a-signal.o)
 .ARM.attributes
                0x00000d1c       0x2d /usr/lib64/gcc/arm-none-eabi/13/../../../../arm-none-eabi/lib/thumb/v7-m/nofp/libc_nano.a(libc_a-signalr.o)
 .ARM.attributes
                0x00000d49       0x2d /usr/lib64/gcc/arm-none-eabi/13/../../../../arm-none-eabi/lib/thumb/v7-m/nofp/libc_nano.a(libc_a-makebuf.o)
 .ARM.attributes
                0x00000d76       0x2d /usr/lib64/gcc/arm-none-eabi/13/../../../../arm-none-eabi/lib/thumb/v7-m/nofp/libc_nano.a(libc_a-fstatr.o)
 .ARM.attributes
                0x00000da3       0x2d /usr/lib64/gcc/arm-none-eabi/13/../../../../arm-none-eabi/lib/thumb/v7-m/nofp/libc_nano.a(libc_a-isattyr.o)
 .ARM.attributes
                0x00000dd0       0x1d /usr/lib64/gcc/arm-none-eabi/13/thumb/v7-m/nofp/libgcc.a(_arm_muldf3.o)
 .ARM.attributes
                0x00000ded       0x1d /usr/lib64/gcc/arm-none-eabi/13/thumb/v7-m/nofp/libgcc.a(_arm_addsubdf3.o)
 .ARM.attributes
                0x00000e0a       0x1d /usr/lib64/gcc/arm-none-eabi/13/thumb/v7-m/nofp/libgcc.a(_arm_muldivdf3.o)
 .ARM.attributes
                0x00000e27       0x1d /usr/lib64/gcc/arm-none-eabi/13/thumb/v7-m/nofp/libgcc.a(_arm_unorddf2.o)
 .ARM.attributes
                0x00000e44       0x1d /usr/lib64/gcc/arm-none-eabi/13/thumb/v7-m/nofp/libgcc.a(_arm_fixdfsi.o)
 .ARM.attributes
                0x00000e61       0x1d /usr/lib64/gcc/arm-none-eabi/13/thumb/v7-m/nofp/libgcc.a(_arm_truncdfsf2.o)
 .ARM.attributes
                0x00000e7e       0x1d /usr/lib64/gcc/arm-none-eabi/13/thumb/v7-m/nofp/libgcc.a(_arm_cmpsf2.o)
 .ARM.attributes
                0x00000e9b       0x1d /usr/lib64/gcc/arm-none-eabi/13/thumb/v7-m/nofp/libgcc.a(_arm_unordsf2.o)
 .ARM.attributes
                0x00000eb8       0x2d /usr/lib64/gcc/arm-none-eabi/13/thumb/v7-m/nofp/libgcc.a(_fixdfdi.o)
 .ARM.attributes
                0x00000ee5       0x2d /usr/lib64/gcc/arm-none-eabi/13/thumb/v7-m/nofp/libgcc.a(_fixunsdfdi.o)
 .ARM.attributes
                0x00000f12       0x2d /usr/lib64/gcc/arm-none-eabi/13/thumb/v7-m/nofp/crtend.o
 .ARM.attributes
                0x00000f3f       0x1d /usr/lib64/gcc/arm-none-eabi/13/thumb/v7-m/nofp/crtn.o

.comment        0x00000000       0x3b
 .comment       0x00000000       0x3b obj/DMA/buzzer.o
                                 0x1a (size before relaxing)
 .comment       0x0000003b        0x0 obj/i2c/SSD1306.o
                                 0x1a (size before relaxing)
 .comment       0x0000003b        0x0 obj/i2c/aht20.o
                                 0x1a (size before relaxing)
 .comment       0x0000003b        0x0 obj/i2c/i2c.o
                                 0x1a (size before relaxing)
 .comment       0x0000003b        0x0 obj/core/syscalls.o
                                 0x1a (size before relaxing)
 .comment       0x0000003b        0x0 obj/core/stm32_startup.o
                                 0x1a (size before relaxing)
 .comment       0x0000003b        0x0 obj/core/clock_set.o
                                 0x1a (size before relaxing)
 .comment       0x0000003b        0x0 obj/core/timeout.o
                                 0x1a (size before relaxing)
 .comment       0x0000003b        0x0 obj/core/main.o
                                 0x1a (size before relaxing)
 .comment       0x0000003b        0x0 obj/uart/usart.o
                                 0x1a (size before relaxing)
 .comment       0x0000003b        0x0 obj/uart/neo6m.o
                                 0x1a (size before relaxing)
 .comment       0x0000003b        0x0 obj/uart/a7670.o
                                 0x1a (size before relaxing)
 .comment       0x0000003b        0x0 /usr/lib64/gcc/arm-none-eabi/13/../../../../arm-none-eabi/lib/thumb/v7-m/nofp/libc_nano.a(libc_a-atexit.o)
                                 0x23 (size before relaxing)
 .comment       0x0000003b        0x0 /usr/lib64/gcc/arm-none-eabi/13/../../../../arm-none-eabi/lib/thumb/v7-m/nofp/libc_nano.a(libc_a-atof.o)
                                 0x23 (size before relaxing)
 .comment       0x0000003b        0x0 /usr/lib64/gcc/arm-none-eabi/13/../../../../arm-none-eabi/lib/thumb/v7-m/nofp/libc_nano.a(libc_a-atoi.o)
                                 0x23 (size before relaxing)
 .comment       0x0000003b        0x0 /usr/lib64/gcc/arm-none-eabi/13/../../../../arm-none-eabi/lib/thumb/v7-m/nofp/libc_nano.a(libc_a-exit.o)
                                 0x23 (size before relaxing)
 .comment       0x0000003b        0x0 /usr/lib64/gcc/arm-none-eabi/13/../../../../arm-none-eabi/lib/thumb/v7-m/nofp/libc_nano.a(libc_a-strtod.o)
                                 0x23 (size before relaxing)
 .comment       0x0000003b        0x0 /usr/lib64/gcc/arm-none-eabi/13/../../../../arm-none-eabi/lib/thumb/v7-m/nofp/libc_nano.a(libc_a-strtol.o)
                                 0x23 (size before relaxing)
 .comment       0x0000003b        0x0 /usr/lib64/gcc/arm-none-eabi/13/../../../../arm-none-eabi/lib/thumb/v7-m/nofp/libc_nano.a(libc_a-ctype_.o)
                                 0x23 (size before relaxing)
 .comment       0x0000003b        0x0 /usr/lib64/gcc/arm-none-eabi/13/../../../../arm-none-eabi/lib/thumb/v7-m/nofp/libc_nano.a(libc_a-nano-vfprintf_float.o)
                                 0x23 (size before relaxing)
 .comment       0x0000003b        0x0 /usr/lib64/gcc/arm-none-eabi/13/../../../../arm-none-eabi/lib/thumb/v7-m/nofp/libc_nano.a(libc_a-nano-vfprintf_i.o)
                                 0x23 (size before relaxing)
 .comment       0x0000003b        0x0 /usr/lib64/gcc/arm-none-eabi/13/../../../../arm-none-eabi/lib/thumb/v7-m/nofp/libc_nano.a(libc_a-findfp.o)
                                 0x23 (size before relaxing)
 .comment       0x0000003b        0x0 /usr/lib64/gcc/arm-none-eabi/13/../../../../arm-none-eabi/lib/thumb/v7-m/nofp/libc_nano.a(libc_a-fwalk.o)
                                 0x23 (size before relaxing)
 .comment       0x0000003b        0x0 /usr/lib64/gcc/arm-none-eabi/13/../../../../arm-none-eabi/lib/thumb/v7-m/nofp/libc_nano.a(libc_a-sprintf.o)
                                 0x23 (size before relaxing)
 .comment       0x0000003b        0x0 /usr/lib64/gcc/arm-none-eabi/13/../../../../arm-none-eabi/lib/thumb/v7-m/nofp/libc_nano.a(libc_a-stdio.o)
                                 0x23 (size before relaxing)
 .comment       0x0000003b        0x0 /usr/lib64/gcc/arm-none-eabi/13/../../../../arm-none-eabi/lib/thumb/v7-m/nofp/libc_nano.a(libc_a-memset.o)
                                 0x23 (size before relaxing)
 .comment       0x0000003b        0x0 /usr/lib64/gcc/arm-none-eabi/13/../../../../arm-none-eabi/lib/thumb/v7-m/nofp/libc_nano.a(libc_a-strncmp.o)
                                 0x23 (size before relaxing)
 .comment       0x0000003b        0x0 /usr/lib64/gcc/arm-none-eabi/13/../../../../arm-none-eabi/lib/thumb/v7-m/nofp/libc_nano.a(libc_a-locale.o)
                                 0x23 (size before relaxing)
 .comment       0x0000003b        0x0 /usr/lib64/gcc/arm-none-eabi/13/../../../../arm-none-eabi/lib/thumb/v7-m/nofp/libc_nano.a(libc_a-localeconv.o)
                                 0x23 (size before relaxing)
 .comment       0x0000003b        0x0 /usr/lib64/gcc/arm-none-eabi/13/../../../../arm-none-eabi/lib/thumb/v7-m/nofp/libc_nano.a(libc_a-closer.o)
                                 0x23 (size before relaxing)
 .comment       0x0000003b        0x0 /usr/lib64/gcc/arm-none-eabi/13/../../../../arm-none-eabi/lib/thumb/v7-m/nofp/libc_nano.a(libc_a-reent.o)
                                 0x23 (size before relaxing)
 .comment       0x0000003b        0x0 /usr/lib64/gcc/arm-none-eabi/13/../../../../arm-none-eabi/lib/thumb/v7-m/nofp/libc_nano.a(libc_a-impure.o)
                                 0x23 (size before relaxing)
 .comment       0x0000003b        0x0 /usr/lib64/gcc/arm-none-eabi/13/../../../../arm-none-eabi/lib/thumb/v7-m/nofp/libc_nano.a(libc_a-lseekr.o)
                                 0x23 (size before relaxing)
 .comment       0x0000003b        0x0 /usr/lib64/gcc/arm-none-eabi/13/../../../../arm-none-eabi/lib/thumb/v7-m/nofp/libc_nano.a(libc_a-readr.o)
                                 0x23 (size before relaxing)
 .comment       0x0000003b        0x0 /usr/lib64/gcc/arm-none-eabi/13/../../../../arm-none-eabi/lib/thumb/v7-m/nofp/libc_nano.a(libc_a-writer.o)
                                 0x23 (size before relaxing)
 .comment       0x0000003b        0x0 /usr/lib64/gcc/arm-none-eabi/13/../../../../arm-none-eabi/lib/thumb/v7-m/nofp/libc_nano.a(libc_a-errno.o)
                                 0x23 (size before relaxing)
 .comment       0x0000003b        0x0 /usr/lib64/gcc/arm-none-eabi/13/../../../../arm-none-eabi/lib/thumb/v7-m/nofp/libc_nano.a(libc_a-init.o)
                                 0x23 (size before relaxing)
 .comment       0x0000003b        0x0 /usr/lib64/gcc/arm-none-eabi/13/../../../../arm-none-eabi/lib/thumb/v7-m/nofp/libc_nano.a(libc_a-fini.o)
                                 0x23 (size before relaxing)
 .comment       0x0000003b        0x0 /usr/lib64/gcc/arm-none-eabi/13/../../../../arm-none-eabi/lib/thumb/v7-m/nofp/libc_nano.a(libc_a-memchr-stub.o)
                                 0x23 (size before relaxing)
 .comment       0x0000003b        0x0 /usr/lib64/gcc/arm-none-eabi/13/../../../../arm-none-eabi/lib/thumb/v7-m/nofp/libc_nano.a(libc_a-memcpy-stub.o)
                                 0x23 (size before relaxing)
 .comment       0x0000003b        0x0 /usr/lib64/gcc/arm-none-eabi/13/../../../../arm-none-eabi/lib/thumb/v7-m/nofp/libc_nano.a(libm_a-s_nan.o)
                                 0x23 (size before relaxing)
 .comment       0x0000003b        0x0 /usr/lib64/gcc/arm-none-eabi/13/../../../../arm-none-eabi/lib/thumb/v7-m/nofp/libc_nano.a(libm_a-sf_nan.o)
                                 0x23 (size before relaxing)
 .comment       0x0000003b        0x0 /usr/lib64/gcc/arm-none-eabi/13/../../../../arm-none-eabi/lib/thumb/v7-m/nofp/libc_nano.a(libc_a-__atexit.o)
                                 0x23 (size before relaxing)
 .comment       0x0000003b        0x0 /usr/lib64/gcc/arm-none-eabi/13/../../../../arm-none-eabi/lib/thumb/v7-m/nofp/libc_nano.a(libc_a-__call_atexit.o)
                                 0x23 (size before relaxing)
 .comment       0x0000003b        0x0 /usr/lib64/gcc/arm-none-eabi/13/../../../../arm-none-eabi/lib/thumb/v7-m/nofp/libc_nano.a(libc_a-dtoa.o)
                                 0x23 (size before relaxing)
 .comment       0x0000003b        0x0 /usr/lib64/gcc/arm-none-eabi/13/../../../../arm-none-eabi/lib/thumb/v7-m/nofp/libc_nano.a(libc_a-freer.o)
                                 0x23 (size before relaxing)
 .comment       0x0000003b        0x0 /usr/lib64/gcc/arm-none-eabi/13/../../../../arm-none-eabi/lib/thumb/v7-m/nofp/libc_nano.a(libc_a-gdtoa-gethex.o)
                                 0x23 (size before relaxing)
 .comment       0x0000003b        0x0 /usr/lib64/gcc/arm-none-eabi/13/../../../../arm-none-eabi/lib/thumb/v7-m/nofp/libc_nano.a(libc_a-gdtoa-hexnan.o)
                                 0x23 (size before relaxing)
 .comment       0x0000003b        0x0 /usr/lib64/gcc/arm-none-eabi/13/../../../../arm-none-eabi/lib/thumb/v7-m/nofp/libc_nano.a(libc_a-mallocr.o)
                                 0x23 (size before relaxing)
 .comment       0x0000003b        0x0 /usr/lib64/gcc/arm-none-eabi/13/../../../../arm-none-eabi/lib/thumb/v7-m/nofp/libc_nano.a(libc_a-mbtowc_r.o)
                                 0x23 (size before relaxing)
 .comment       0x0000003b        0x0 /usr/lib64/gcc/arm-none-eabi/13/../../../../arm-none-eabi/lib/thumb/v7-m/nofp/libc_nano.a(libc_a-mlock.o)
                                 0x23 (size before relaxing)
 .comment       0x0000003b        0x0 /usr/lib64/gcc/arm-none-eabi/13/../../../../arm-none-eabi/lib/thumb/v7-m/nofp/libc_nano.a(libc_a-mprec.o)
                                 0x23 (size before relaxing)
 .comment       0x0000003b        0x0 /usr/lib64/gcc/arm-none-eabi/13/../../../../arm-none-eabi/lib/thumb/v7-m/nofp/libc_nano.a(libc_a-wctomb_r.o)
                                 0x23 (size before relaxing)
 .comment       0x0000003b        0x0 /usr/lib64/gcc/arm-none-eabi/13/../../../../arm-none-eabi/lib/thumb/v7-m/nofp/libc_nano.a(libc_a-nano-svfprintf.o)
                                 0x23 (size before relaxing)
 .comment       0x0000003b        0x0 /usr/lib64/gcc/arm-none-eabi/13/../../../../arm-none-eabi/lib/thumb/v7-m/nofp/libc_nano.a(libc_a-fflush.o)
                                 0x23 (size before relaxing)
 .comment       0x0000003b        0x0 /usr/lib64/gcc/arm-none-eabi/13/../../../../arm-none-eabi/lib/thumb/v7-m/nofp/libc_nano.a(libc_a-memmove.o)
                                 0x23 (size before relaxing)
 .comment       0x0000003b        0x0 /usr/lib64/gcc/arm-none-eabi/13/../../../../arm-none-eabi/lib/thumb/v7-m/nofp/libc_nano.a(libc_a-sbrkr.o)
                                 0x23 (size before relaxing)
 .comment       0x0000003b        0x0 /usr/lib64/gcc/arm-none-eabi/13/../../../../arm-none-eabi/lib/thumb/v7-m/nofp/libc_nano.a(libc_a-assert.o)
                                 0x23 (size before relaxing)
 .comment       0x0000003b        0x0 /usr/lib64/gcc/arm-none-eabi/13/../../../../arm-none-eabi/lib/thumb/v7-m/nofp/libc_nano.a(libc_a-callocr.o)
                                 0x23 (size before relaxing)
 .comment       0x0000003b        0x0 /usr/lib64/gcc/arm-none-eabi/13/../../../../arm-none-eabi/lib/thumb/v7-m/nofp/libc_nano.a(libc_a-reallocr.o)
                                 0x23 (size before relaxing)
 .comment       0x0000003b        0x0 /usr/lib64/gcc/arm-none-eabi/13/../../../../arm-none-eabi/lib/thumb/v7-m/nofp/libc_nano.a(libc_a-fprintf.o)
                                 0x23 (size before relaxing)
 .comment       0x0000003b        0x0 /usr/lib64/gcc/arm-none-eabi/13/../../../../arm-none-eabi/lib/thumb/v7-m/nofp/libc_nano.a(libc_a-abort.o)
                                 0x23 (size before relaxing)
 .comment       0x0000003b        0x0 /usr/lib64/gcc/arm-none-eabi/13/../../../../arm-none-eabi/lib/thumb/v7-m/nofp/libc_nano.a(libc_a-msizer.o)
                                 0x23 (size before relaxing)
 .comment       0x0000003b        0x0 /usr/lib64/gcc/arm-none-eabi/13/../../../../arm-none-eabi/lib/thumb/v7-m/nofp/libc_nano.a(libc_a-nano-vfprintf.o)
                                 0x23 (size before relaxing)
 .comment       0x0000003b        0x0 /usr/lib64/gcc/arm-none-eabi/13/../../../../arm-none-eabi/lib/thumb/v7-m/nofp/libc_nano.a(libc_a-fvwrite.o)
                                 0x23 (size before relaxing)
 .comment       0x0000003b        0x0 /usr/lib64/gcc/arm-none-eabi/13/../../../../arm-none-eabi/lib/thumb/v7-m/nofp/libc_nano.a(libc_a-wbuf.o)
                                 0x23 (size before relaxing)
 .comment       0x0000003b        0x0 /usr/lib64/gcc/arm-none-eabi/13/../../../../arm-none-eabi/lib/thumb/v7-m/nofp/libc_nano.a(libc_a-wsetup.o)
                                 0x23 (size before relaxing)
 .comment       0x0000003b        0x0 /usr/lib64/gcc/arm-none-eabi/13/../../../../arm-none-eabi/lib/thumb/v7-m/nofp/libc_nano.a(libc_a-signal.o)
                                 0x23 (size before relaxing)
 .comment       0x0000003b        0x0 /usr/lib64/gcc/arm-none-eabi/13/../../../../arm-none-eabi/lib/thumb/v7-m/nofp/libc_nano.a(libc_a-signalr.o)
                                 0x23 (size before relaxing)
 .comment       0x0000003b        0x0 /usr/lib64/gcc/arm-none-eabi/13/../../../../arm-none-eabi/lib/thumb/v7-m/nofp/libc_nano.a(libc_a-makebuf.o)
                                 0x23 (size before relaxing)
 .comment       0x0000003b        0x0 /usr/lib64/gcc/arm-none-eabi/13/../../../../arm-none-eabi/lib/thumb/v7-m/nofp/libc_nano.a(libc_a-fstatr.o)
                                 0x23 (size before relaxing)
 .comment       0x0000003b        0x0 /usr/lib64/gcc/arm-none-eabi/13/../../../../arm-none-eabi/lib/thumb/v7-m/nofp/libc_nano.a(libc_a-isattyr.o)
                                 0x23 (size before relaxing)

.debug_line     0x00000000     0xf83c
 .debug_line    0x00000000       0xbe /usr/lib64/gcc/arm-none-eabi/13/../../../../arm-none-eabi/lib/thumb/v7-m/nofp/crt0.o