Archive member included to satisfy reference by file (symbol)

/usr/lib64/gcc/arm-none-eabi/13/thumb/v7-m/nofp/libgcc.a(_arm_mulsf3.o)
                              obj/i2c/aht20.o (__aeabi_fmul)
/usr/lib64/gcc/arm-none-eabi/13/thumb/v7-m/nofp/libgcc.a(_arm_addsubdf3.o)
                              obj/uart/neo6m.o (__aeabi_f2d)
/usr/lib64/gcc/arm-none-eabi/13/thumb/v7-m/nofp/libgcc.a(_arm_cmpdf2.o)
                              obj/core/main.o (__aeabi_dcmpeq)
/usr/lib64/gcc/arm-none-eabi/13/thumb/v7-m/nofp/libgcc.a(_arm_fixunsdfsi.o)
                              obj/uart/neo6m.o (__aeabi_d2uiz)
/usr/lib64/gcc/arm-none-eabi/13/thumb/v7-m/nofp/libgcc.a(_arm_truncdfsf2.o)
                              obj/core/main.o (__aeabi_d2f)
/usr/lib64/gcc/arm-none-eabi/13/thumb/v7-m/nofp/libgcc.a(_arm_addsubsf3.o)
                              obj/i2c/aht20.o (__aeabi_fsub)
/usr/lib64/gcc/arm-none-eabi/13/thumb/v7-m/nofp/libgcc.a(_arm_muldivsf3.o)
                              obj/i2c/aht20.o (__aeabi_fdiv)
/usr/lib64/gcc/arm-none-eabi/13/thumb/v7-m/nofp/libgcc.a(_arm_fixsfsi.o)
                              obj/core/main.o (__aeabi_f2iz)
/usr/lib64/gcc/arm-none-eabi/13/../../../../arm-none-eabi/lib/thumb/v7-m/nofp/libc_nano.a(libc_a-atexit.o)
                              /usr/lib64/gcc/arm-none-eabi/13/../../../../arm-none-eabi/lib/thumb/v7-m/nofp/crt0.o (atexit)
/usr/lib64/gcc/arm-none-eabi/13/../../../../arm-none-eabi/lib/thumb/v7-m/nofp/libc_nano.a(libc_a-atof.o)
                              obj/uart/neo6m.o (atof)
/usr/lib64/gcc/arm-none-eabi/13/../../../../arm-none-eabi/lib/thumb/v7-m/nofp/libc_nano.a(libc_a-atoi.o)
                              obj/uart/neo6m.o (atoi)
/usr/lib64/gcc/arm-none-eabi/13/../../../../arm-none-eabi/lib/thumb/v7-m/nofp/libc_nano.a(libc_a-exit.o)
                              /usr/lib64/gcc/arm-none-eabi/13/../../../../arm-none-eabi/lib/thumb/v7-m/nofp/crt0.o (exit)
/usr/lib64/gcc/arm-none-eabi/13/../../../../arm-none-eabi/lib/thumb/v7-m/nofp/libc_nano.a(libc_a-strtod.o)
                              /usr/lib64/gcc/arm-none-eabi/13/../../../../arm-none-eabi/lib/thumb/v7-m/nofp/libc_nano.a(libc_a-atof.o) (strtod)
/usr/lib64/gcc/arm-none-eabi/13/../../../../arm-none-eabi/lib/thumb/v7-m/nofp/libc_nano.a(libc_a-strtol.o)
                              /usr/lib64/gcc/arm-none-eabi/13/../../../../arm-none-eabi/lib/thumb/v7-m/nofp/libc_nano.a(libc_a-atoi.o) (_strtol_r)
/usr/lib64/gcc/arm-none-eabi/13/../../../../arm-none-eabi/lib/thumb/v7-m/nofp/libc_nano.a(libc_a-ctype_.o)
                              /usr/lib64/gcc/arm-none-eabi/13/../../../../arm-none-eabi/lib/thumb/v7-m/nofp/libc_nano.a(libc_a-strtol.o) (_ctype_)
/usr/lib64/gcc/arm-none-eabi/13/../../../../arm-none-eabi/lib/thumb/v7-m/nofp/libc_nano.a(libc_a-nano-vfprintf_float.o)
                              (_printf_float)
/usr/lib64/gcc/arm-none-eabi/13/../../../../arm-none-eabi/lib/thumb/v7-m/nofp/libc_nano.a(libc_a-nano-vfprintf_i.o)
                              /usr/lib64/gcc/arm-none-eabi/13/../../../../arm-none-eabi/lib/thumb/v7-m/nofp/libc_nano.a(libc_a-nano-vfprintf_float.o) (_printf_common)
/usr/lib64/gcc/arm-none-eabi/13/../../../../arm-none-eabi/lib/thumb/v7-m/nofp/libc_nano.a(libc_a-findfp.o)
                              /usr/lib64/gcc/arm-none-eabi/13/../../../../arm-none-eabi/lib/thumb/v7-m/nofp/libc_nano.a(libc_a-exit.o) (__stdio_exit_handler)
/usr/lib64/gcc/arm-none-eabi/13/../../../../arm-none-eabi/lib/thumb/v7-m/nofp/libc_nano.a(libc_a-fwalk.o)
                              /usr/lib64/gcc/arm-none-eabi/13/../../../../arm-none-eabi/lib/thumb/v7-m/nofp/libc_nano.a(libc_a-findfp.o) (_fwalk_sglue)
/usr/lib64/gcc/arm-none-eabi/13/../../../../arm-none-eabi/lib/thumb/v7-m/nofp/libc_nano.a(libc_a-snprintf.o)
                              obj/core/main.o (snprintf)
/usr/lib64/gcc/arm-none-eabi/13/../../../../arm-none-eabi/lib/thumb/v7-m/nofp/libc_nano.a(libc_a-sprintf.o)
                              obj/core/main.o (sprintf)
/usr/lib64/gcc/arm-none-eabi/13/../../../../arm-none-eabi/lib/thumb/v7-m/nofp/libc_nano.a(libc_a-stdio.o)
                              /usr/lib64/gcc/arm-none-eabi/13/../../../../arm-none-eabi/lib/thumb/v7-m/nofp/libc_nano.a(libc_a-findfp.o) (__sread)
/usr/lib64/gcc/arm-none-eabi/13/../../../../arm-none-eabi/lib/thumb/v7-m/nofp/libc_nano.a(libc_a-memset.o)
                              /usr/lib64/gcc/arm-none-eabi/13/../../../../arm-none-eabi/lib/thumb/v7-m/nofp/crt0.o (memset)
/usr/lib64/gcc/arm-none-eabi/13/../../../../arm-none-eabi/lib/thumb/v7-m/nofp/libc_nano.a(libc_a-strncmp.o)
                              obj/uart/neo6m.o (strncmp)
/usr/lib64/gcc/arm-none-eabi/13/../../../../arm-none-eabi/lib/thumb/v7-m/nofp/libc_nano.a(libc_a-locale.o)
                              /usr/lib64/gcc/arm-none-eabi/13/../../../../arm-none-eabi/lib/thumb/v7-m/nofp/libc_nano.a(libc_a-strtod.o) (__global_locale)
[...]
Memory Configuration

Name             Origin             Length             Attributes
FLASH            0x08000000         0x00020000         xr
SRAM             0x20000000         0x00005000         xrw
*default*        0x00000000         0xffffffff

Linker script and memory map

LOAD /usr/lib64/gcc/arm-none-eabi/13/thumb/v7-m/nofp/crti.o
LOAD /usr/lib64/gcc/arm-none-eabi/13/thumb/v7-m/nofp/crtbegin.o
LOAD /usr/lib64/gcc/arm-none-eabi/13/../../../../arm-none-eabi/lib/thumb/v7-m/nofp/crt0.o
LOAD /usr/lib64/gcc/arm-none-eabi/13/../../../../arm-none-eabi/lib/thumb/v7-m/nofp/libm.a
LOAD obj/DMA/buzzer.o
LOAD obj/i2c/SSD1306.o
LOAD obj/i2c/aht20.o
LOAD obj/i2c/i2c.o
LOAD obj/SPI/SD.o
LOAD obj/SPI/spi.o
LOAD obj/core/syscalls.o
LOAD obj/core/stm32_startup.o
LOAD obj/core/clock_set.o
LOAD obj/core/timeout.o
LOAD obj/core/main.o
LOAD obj/uart/usart.o
LOAD obj/uart/neo6m.o
LOAD obj/uart/a7670.o
LOAD /usr/lib64/gcc/arm-none-eabi/13/../../../../arm-none-eabi/lib/thumb/v7-m/nofp/libm.a
START GROUP
LOAD /usr/lib64/gcc/arm-none-eabi/13/thumb/v7-m/nofp/libgcc.a
LOAD /usr/lib64/gcc/arm-none-eabi/13/../../../../arm-none-eabi/lib/thumb/v7-m/nofp/libc_nano.a
END GROUP
START GROUP
LOAD /usr/lib64/gcc/arm-none-eabi/13/thumb/v7-m/nofp/libgcc.a
LOAD /usr/lib64/gcc/arm-none-eabi/13/../../../../arm-none-eabi/lib/thumb/v7-m/nofp/libc_nano.a
LOAD /usr/lib64/gcc/arm-none-eabi/13/../../../../arm-none-eabi/lib/thumb/v7-m/nofp/libnosys.a
END GROUP
START GROUP
LOAD /usr/lib64/gcc/arm-none-eabi/13/thumb/v7-m/nofp/libgcc.a
LOAD /usr/lib64/gcc/arm-none-eabi/13/../../../../arm-none-eabi/lib/thumb/v7-m/nofp/libc_nano.a
LOAD /usr/lib64/gcc/arm-none-eabi/13/../../../../arm-none-eabi/lib/thumb/v7-m/nofp/libnosys.a
END GROUP
LOAD /usr/lib64/gcc/arm-none-eabi/13/thumb/v7-m/nofp/crtend.o
LOAD /usr/lib64/gcc/arm-none-eabi/13/thumb/v7-m/nofp/crtn.o
                0x20005000                        _estack = (ORIGIN (SRAM) + LENGTH (SRAM))
                0x00000000                        _Min_Heap_Size = 0x0
                0x00000800                        _Min_Stack_Size = 0x800

.text           0x08000000    0x18200
                0x08000000                        . = ALIGN (0x8)
 *(.isr_vector)
 .isr_vector    0x08000000      0x130 obj/core/stm32_startup.o
                0x08000000                vectors
 *(.text)
 .text          0x08000130        0x0 /usr/lib64/gcc/arm-none-eabi/13/thumb/v7-m/nofp/crti.o
 .text          0x08000130       0x88 /usr/lib64/gcc/arm-none-eabi/13/thumb/v7-m/nofp/crtbegin.o
 .text          0x080001b8       0xf0 /usr/lib64/gcc/arm-none-eabi/13/../../../../arm-none-eabi/lib/thumb/v7-m/nofp/crt0.o
                0x080001b8                _stack_init
                0x080001c4                _mainCRTStartup
                0x080001c4                _start
 .text          0x080002a8      0x21c obj/DMA/buzzer.o
                0x080002a8                fill_buffer
                0x08000330                TIM3_setup
                0x0800046c                DMA1_Channel3_IRQHandler
 .text          0x080004c4      0x2e0 obj/i2c/SSD1306.o
                0x080004c4                SSD1306_power_on
                0x08000504                SSD1306_write_data
                0x0800054c                SSD1306_clear
                0x080005c8                SSD1306_print_string
                0x08000626                SSD1306_print_char_scaled
                0x0800070c                draw_pixel
 .text          0x080007a4      0x174 obj/i2c/aht20.o
                0x080007a4                AHT20_init_sequence
                0x080007f8                AHT20_trigger_measurement
                0x0800081e                AHT20_read_results
                0x08000860                AHT20_calculate_data
 .text          0x08000918      0x294 obj/i2c/i2c.o
                0x08000918                i2c1_init
                0x08000a1c                i2c1_start
                0x08000ab4                i2c1_write
                0x08000ae4                i2c1_stop
                0x08000b2c                i2c1_read
 .text          0x08000bac      0x2d0 obj/SPI/SD.o
                0x08000bac                sd_send_command
                0x08000c30                sd_init
                0x08000cf4                sd_read_sector
                0x08000da4                sd_write_sector
 .text          0x08000e7c      0x194 obj/SPI/spi.o
                0x08000e7c                SPI1_init
                0x08000f94                SPI1_transmit
 .text          0x08001010      0x278 obj/core/syscalls.o
                0x08001010                initialise_monitor_handles
                0x0800101c                _getpid
                0x0800102a                _kill
                0x0800104a                _exit
                0x08001060                _read
                0x0800109a                _write
                0x080010d2                _fputwc_r
                0x080010ea                _close
                0x08001100                _fstat
                0x0800111e                _isatty
                0x08001132                _lseek
                0x0800114a                _open
                0x08001164                _wait
                0x08001182                _unlink
                0x080011a0                _times
                0x080011b6                _stat
                0x080011d4                _link
                0x080011f4                _fork
                0x0800120a                _execve
                0x0800122c                _sbrk
 .text          0x08001288       0x94 obj/core/stm32_startup.o
                0x08001288                EXTI2_IRQHandler
                0x08001288                TIM8_TRG_COM_IRQHandler
                0x08001288                TIM8_CC_IRQHandler
                0x08001288                SVCall_Handler
                0x08001288                DebugMon_Handler
                0x08001288                TIM1_CC_IRQHandler
                0x08001288                TIM6_IRQHandler
                0x08001288                SysTick_Handler
                0x08001288                PVD_IRQHandler
                0x08001288                SDIO_IRQHandler
                0x08001288                PendSV_Handler
                0x08001288                NMI_Handler
                0x08001288                EXTI3_IRQHandler
                0x08001288                USB_HP_CAN_TX_IRQHandler
                0x08001288                EXTI0_IRQHandler
                0x08001288                I2C2_EV_IRQHandler
                0x08001288                UsageFault_Handler
                0x08001288                ADC1_2_IRQHandler
                0x08001288                SPI1_IRQHandler
                0x08001288                CAN_SCE_IRQHandler
                0x08001288                TAMPER_IRQHandler
                0x08001288                TIM8_UP_IRQHandler
                0x08001288                DMA2_Channel2_IRQHandler
                0x08001288                DMA1_Channel4_IRQHandler
                0x08001288                USART3_IRQHandler
                0x08001288                RTC_IRQHandler
                0x08001288                DMA1_Channel7_IRQHandler
                0x08001288                UART5_IRQHandler
                0x08001288                ADC3_IRQHandler
                0x08001288                USBWakeup_IRQHandler
                0x08001288                TIM4_IRQHandler
                0x08001288                CAN_RX1_IRQHandler
                0x08001288                DMA2_Channel1_IRQHandler
                0x08001288                I2C1_EV_IRQHandler
                0x08001288                DMA1_Channel6_IRQHandler
                0x08001288                UART4_IRQHandler
                0x08001288                TIM3_IRQHandler
                0x08001288                RCC_IRQHandler
                0x08001288                TIM1_TRG_COM_IRQHandler
                0x08001288                DMA1_Channel1_IRQHandler
                0x08001288                Default_Handler
                0x08001288                EXTI15_10_IRQHandler
                0x08001288                TIM7_IRQHandler
                0x08001288                TIM5_IRQHandler
                0x08001288                EXTI9_5_IRQHandler
                0x08001288                SPI2_IRQHandler
                0x08001288                USB_LP_CAN_RX0_IRQHandler
                0x08001288                MemManage_Handler
                0x08001288                DMA1_Channel5_IRQHandler
                0x08001288                EXTI4_IRQHandler
                0x08001288                FSMC_IRQHandler
                0x08001288                TIM1_UP_IRQHandler
                0x08001288                WWDG_IRQHandler
                0x08001288                TIM2_IRQHandler
                0x08001288                TIM1_BRK_IRQHandler
                0x08001288                EXTI1_IRQHandler
                0x08001288                RTCAlarm_IRQHandler
                0x08001288                DMA2_Channel4_5_IRQHandler
                0x08001288                USART2_IRQHandler
                0x08001288                I2C2_ER_IRQHandler
                0x08001288                DMA1_Channel2_IRQHandler
                0x08001288                TIM8_BRK_IRQHandler
                0x08001288                FLASH_IRQHandler
                0x08001288                BusFault_Handler
                0x08001288                SPI3_IRQHandler
                0x08001288                I2C1_ER_IRQHandler
                0x08001288                DMA2_Channel3_IRQHandler
                0x08001290                HardFault_Handler
                0x08001298                Reset_Handler
 .text          0x0800131c       0xd4 obj/core/clock_set.o
                0x0800131c                clock_setup
 .text          0x080013f0       0x94 obj/core/timeout.o
                0x080013f0                ticks_init
                0x0800141c                delay
 .text          0x08001484      0x388 obj/core/main.o
                0x08001484                LED_init
                0x080014cc                LED_toggle
                0x080014e8                is_display_update_needed
                0x08001550                format_gps_float
                0x080015b8                update_display
                0x08001674                main
                0x080017a0                A7670_test
                0x080017e4                A7670_init
 .text          0x0800180c      0x21c obj/uart/usart.o
                0x0800180c                usart1_init
                0x080018c8                usart1_send
                0x080018f8                usart1_send_string
                0x08001924                usart1_read_buffer
                0x08001980                USART1_IRQHandler
                0x080019ec                usart1_flush
 .text          0x08001a28      0x2c0 obj/uart/neo6m.o
                0x08001a7a                NEO6M_read_gps_string
                0x08001b3c                NEO6M_format_gps_data
 .text          0x08001ce8      0x334 obj/uart/a7670.o
                0x08001d3a                A7670E_poweron
                0x08001d90                A7670E_send_sms
                0x08001e38                A7670_read_gps_string
                0x08001efc                A7670_format_gps_data
 .text          0x0800201c      0x168 /usr/lib64/gcc/arm-none-eabi/13/thumb/v7-m/nofp/libgcc.a(_arm_mulsf3.o)
 .text          0x08002184      0x378 /usr/lib64/gcc/arm-none-eabi/13/thumb/v7-m/nofp/libgcc.a(_arm_addsubdf3.o)
                0x08002184                __aeabi_drsub
                0x0800218c                __aeabi_dsub
                0x0800218c                __subdf3
                0x08002190                __adddf3
                0x08002190                __aeabi_dadd
                0x08002408                __aeabi_ui2d
                0x08002408                __floatunsidf
                0x08002428                __floatsidf
                0x08002428                __aeabi_i2d
                0x0800244c                __extendsfdf2
                0x0800244c                __aeabi_f2d
                0x08002490                __aeabi_ul2d
                0x08002490                __floatundidf
                0x080024a0                __floatdidf
                0x080024a0                __aeabi_l2d
 .text          0x080024fc      0x110 /usr/lib64/gcc/arm-none-eabi/13/thumb/v7-m/nofp/libgcc.a(_arm_cmpdf2.o)
                0x080024fc                __gtdf2
                0x080024fc                __gedf2
                0x08002504                __ltdf2
                0x08002504                __ledf2
                0x0800250c                __cmpdf2
                0x0800250c                __eqdf2
                0x0800250c                __nedf2
                0x08002588                __aeabi_cdrcmple
                0x08002598                __aeabi_cdcmple
                0x08002598                __aeabi_cdcmpeq
                0x080025a8                __aeabi_dcmpeq
                0x080025bc                __aeabi_dcmplt
                0x080025d0                __aeabi_dcmple
                0x080025e4                __aeabi_dcmpge
                0x080025f8                __aeabi_dcmpgt
 .text          0x0800260c       0x40 /usr/lib64/gcc/arm-none-eabi/13/thumb/v7-m/nofp/libgcc.a(_arm_fixunsdfsi.o)
                0x0800260c                __fixunsdfsi
                0x0800260c                __aeabi_d2uiz
 .text          0x0800264c       0xa0 /usr/lib64/gcc/arm-none-eabi/13/thumb/v7-m/nofp/libgcc.a(_arm_truncdfsf2.o)
                0x0800264c                __aeabi_d2f
                0x0800264c                __truncdfsf2
 .text          0x080026ec      0x21c /usr/lib64/gcc/arm-none-eabi/13/thumb/v7-m/nofp/libgcc.a(_arm_addsubsf3.o)
                0x080026ec                __aeabi_frsub
                0x080026f4                __subsf3
                0x080026f4                __aeabi_fsub
                0x080026f8                __aeabi_fadd
                0x080026f8                __addsf3
                0x08002858                __aeabi_ui2f
                0x08002858                __floatunsisf
                0x08002860                __aeabi_i2f
                0x08002860                __floatsisf
                0x0800287c                __floatundisf
                0x0800287c                __aeabi_ul2f
                0x0800288c                __floatdisf
                0x0800288c                __aeabi_l2f
 .text          0x08002908      0x2a0 /usr/lib64/gcc/arm-none-eabi/13/thumb/v7-m/nofp/libgcc.a(_arm_muldivsf3.o)
                0x08002908                __mulsf3
                0x08002908                __aeabi_fmul
                0x08002a70                __divsf3
                0x08002a70                __aeabi_fdiv
 .text          0x08002ba8       0x4c /usr/lib64/gcc/arm-none-eabi/13/thumb/v7-m/nofp/libgcc.a(_arm_fixsfsi.o)
                0x08002ba8                __fixsfsi
                0x08002ba8                __aeabi_f2iz
 .text          0x08002bf4        0xc /usr/lib64/gcc/arm-none-eabi/13/../../../../arm-none-eabi/lib/thumb/v7-m/nofp/libc_nano.a(libc_a-atexit.o)
                0x08002bf4                atexit
 .text          0x08002c00        0x6 /usr/lib64/gcc/arm-none-eabi/13/../../../../arm-none-eabi/lib/thumb/v7-m/nofp/libc_nano.a(libc_a-atof.o)
                0x08002c00                atof
 .text          0x08002c06       0x10 /usr/lib64/gcc/arm-none-eabi/13/../../../../arm-none-eabi/lib/thumb/v7-m/nofp/libc_nano.a(libc_a-atoi.o)
                0x08002c06                atoi
                0x08002c0e                _atoi_r
 *fill*         0x08002c16        0x2 
 .text          0x08002c18       0x24 /usr/lib64/gcc/arm-none-eabi/13/../../../../arm-none-eabi/lib/thumb/v7-m/nofp/libc_nano.a(libc_a-exit.o)
                0x08002c18                exit
 *fill*         0x08002c3c        0x4 
 .text          0x08002c40      0xd80 /usr/lib64/gcc/arm-none-eabi/13/../../../../arm-none-eabi/lib/thumb/v7-m/nofp/libc_nano.a(libc_a-strtod.o)
                0x08002c82                _strtod_l
                0x08003838                _strtod_r
                0x08003844                strtod_l
                0x08003858                strtod
                0x08003870                strtof_l
                0x08003910                strtof
 .text          0x080039c0      0x118 /usr/lib64/gcc/arm-none-eabi/13/../../../../arm-none-eabi/lib/thumb/v7-m/nofp/libc_nano.a(libc_a-strtol.o)
                0x08003ab4                _strtol_r
                0x08003ab6                strtol_l
                0x08003ac8                strtol
 .text          0x08003ad8        0x0 /usr/lib64/gcc/arm-none-eabi/13/../../../../arm-none-eabi/lib/thumb/v7-m/nofp/libc_nano.a(libc_a-ctype_.o)
 .text          0x08003ad8      0x58c /usr/lib64/gcc/arm-none-eabi/13/../../../../arm-none-eabi/lib/thumb/v7-m/nofp/libc_nano.a(libc_a-nano-vfprintf_float.o)
                0x08003ad8                __cvt
                0x08003b9a                __exponent
                0x08003c12                _printf_float
 .text          0x08004064      0x33c /usr/lib64/gcc/arm-none-eabi/13/../../../../arm-none-eabi/lib/thumb/v7-m/nofp/libc_nano.a(libc_a-nano-vfprintf_i.o)
                0x08004064                _printf_common
                0x0800414e                _printf_i
 .text          0x080043a0      0x1b8 /usr/lib64/gcc/arm-none-eabi/13/../../../../arm-none-eabi/lib/thumb/v7-m/nofp/libc_nano.a(libc_a-findfp.o)
                0x08004480                __sfp
                0x08004510                __sinit
                0x0800452c                __sfp_lock_acquire
                0x0800452e                __sfp_lock_release
                0x08004530                __fp_lock_all
                0x08004544                __fp_unlock_all
 .text          0x08004558       0x3a /usr/lib64/gcc/arm-none-eabi/13/../../../../arm-none-eabi/lib/thumb/v7-m/nofp/libc_nano.a(libc_a-fwalk.o)
                0x08004558                _fwalk_sglue
 *fill*         0x08004592        0x2 
 .text          0x08004594       0xc0 /usr/lib64/gcc/arm-none-eabi/13/../../../../arm-none-eabi/lib/thumb/v7-m/nofp/libc_nano.a(libc_a-snprintf.o)
                0x08004594                _sniprintf_r
                0x08004594                _snprintf_r
                0x080045f0                snprintf
                0x080045f0                sniprintf
 .text          0x08004654       0x80 /usr/lib64/gcc/arm-none-eabi/13/../../../../arm-none-eabi/lib/thumb/v7-m/nofp/libc_nano.a(libc_a-sprintf.o)
                0x08004654                _siprintf_r
                0x08004654                _sprintf_r
                0x08004690                sprintf
                0x08004690                siprintf
 .text          0x080046d4       0x8c /usr/lib64/gcc/arm-none-eabi/13/../../../../arm-none-eabi/lib/thumb/v7-m/nofp/libc_nano.a(libc_a-stdio.o)
                0x080046d4                __sread
                0x080046f6                __seofread
                0x080046fa                __swrite
                0x08004732                __sseek
                0x08004758                __sclose
 .text          0x08004760       0x10 /usr/lib64/gcc/arm-none-eabi/13/../../../../arm-none-eabi/lib/thumb/v7-m/nofp/libc_nano.a(libc_a-memset.o)
                0x08004760                memset
 .text          0x08004770       0x24 /usr/lib64/gcc/arm-none-eabi/13/../../../../arm-none-eabi/lib/thumb/v7-m/nofp/libc_nano.a(libc_a-strncmp.o)
                0x08004770                strncmp
 .text          0x08004794       0x58 /usr/lib64/gcc/arm-none-eabi/13/../../../../arm-none-eabi/lib/thumb/v7-m/nofp/libc_nano.a(libc_a-locale.o)
                0x08004794                _setlocale_r
                0x080047d0                __locale_mb_cur_max
                0x080047dc                setlocale
 .text          0x080047ec       0x14 /usr/lib64/gcc/arm-none-eabi/13/../../../../arm-none-eabi/lib/thumb/v7-m/nofp/libc_nano.a(libc_a-localeconv.o)
                0x080047ec                __localeconv_l
                0x080047f0                _localeconv_r
                0x080047f8                localeconv
 .text          0x08004800       0x20 /usr/lib64/gcc/arm-none-eabi/13/../../../../arm-none-eabi/lib/thumb/v7-m/nofp/libc_nano.a(libc_a-closer.o)
                0x08004800                _close_r
 .text          0x08004820       0x68 /usr/lib64/gcc/arm-none-eabi/13/../../../../arm-none-eabi/lib/thumb/v7-m/nofp/libc_nano.a(libc_a-reent.o)
                0x08004820                _reclaim_reent
 .text          0x08004888        0x0 /usr/lib64/gcc/arm-none-eabi/13/../../../../arm-none-eabi/lib/thumb/v7-m/nofp/libc_nano.a(libc_a-impure.o)
 .text          0x08004888       0x24 /usr/lib64/gcc/arm-none-eabi/13/../../../../arm-none-eabi/lib/thumb/v7-m/nofp/libc_nano.a(libc_a-lseekr.o)
                0x08004888                _lseek_r
 .text          0x080048ac       0x24 /usr/lib64/gcc/arm-none-eabi/13/../../../../arm-none-eabi/lib/thumb/v7-m/nofp/libc_nano.a(libc_a-readr.o)
                0x080048ac                _read_r
 .text          0x080048d0       0x24 /usr/lib64/gcc/arm-none-eabi/13/../../../../arm-none-eabi/lib/thumb/v7-m/nofp/libc_nano.a(libc_a-writer.o)
                0x080048d0                _write_r
 .text          0x080048f4        0xc /usr/lib64/gcc/arm-none-eabi/13/../../../../arm-none-eabi/lib/thumb/v7-m/nofp/libc_nano.a(libc_a-errno.o)
                0x080048f4                __errno
 .text          0x08004900       0x48 /usr/lib64/gcc/arm-none-eabi/13/../../../../arm-none-eabi/lib/thumb/v7-m/nofp/libc_nano.a(libc_a-init.o)
                0x08004900                __libc_init_array
 .text          0x08004948       0x28 /usr/lib64/gcc/arm-none-eabi/13/../../../../arm-none-eabi/lib/thumb/v7-m/nofp/libc_nano.a(libc_a-fini.o)
                0x08004948                __libc_fini_array
 .text          0x08004970       0x14 /usr/lib64/gcc/arm-none-eabi/13/../../../../arm-none-eabi/lib/thumb/v7-m/nofp/libc_nano.a(libc_a-strcmp.o)
                0x08004970                strcmp
 .text          0x08004984       0x1c /usr/lib64/gcc/arm-none-eabi/13/../../../../arm-none-eabi/lib/thumb/v7-m/nofp/libc_nano.a(libc_a-memchr-stub.o)
                0x08004984                memchr
 .text          0x080049a0       0x1c /usr/lib64/gcc/arm-none-eabi/13/../../../../arm-none-eabi/lib/thumb/v7-m/nofp/libc_nano.a(libc_a-memcpy-stub.o)
                0x080049a0                memcpy
 .text          0x080049bc       0x10 /usr/lib64/gcc/arm-none-eabi/13/../../../../arm-none-eabi/lib/thumb/v7-m/nofp/libc_nano.a(libc_a-strlen.o)
                0x080049bc                strlen
 .text          0x080049cc        0xc /usr/lib64/gcc/arm-none-eabi/13/../../../../arm-none-eabi/lib/thumb/v7-m/nofp/libc_nano.a(libm_a-s_nan.o)
                0x080049cc                nan
 .text          0x080049d8        0x8 /usr/lib64/gcc/arm-none-eabi/13/../../../../arm-none-eabi/lib/thumb/v7-m/nofp/libc_nano.a(libm_a-sf_nan.o)
                0x080049d8                nanf
 .text          0x080049e0       0x58 /usr/lib64/gcc/arm-none-eabi/13/../../../../arm-none-eabi/lib/thumb/v7-m/nofp/libc_nano.a(libc_a-__atexit.o)
                0x080049e0                __register_exitproc
 .text          0x08004a38       0x98 /usr/lib64/gcc/arm-none-eabi/13/../../../../arm-none-eabi/lib/thumb/v7-m/nofp/libc_nano.a(libc_a-__call_atexit.o)
                0x08004a38                __call_exitprocs
 .text          0x08004ad0      0xc84 /usr/lib64/gcc/arm-none-eabi/13/../../../../arm-none-eabi/lib/thumb/v7-m/nofp/libc_nano.a(libc_a-dtoa.o)
                0x08004be0                _dtoa_r
 .text          0x08005754       0x94 /usr/lib64/gcc/arm-none-eabi/13/../../../../arm-none-eabi/lib/thumb/v7-m/nofp/libc_nano.a(libc_a-freer.o)
                0x08005754                _free_r
 .text          0x080057e8      0x4e4 /usr/lib64/gcc/arm-none-eabi/13/../../../../arm-none-eabi/lib/thumb/v7-m/nofp/libc_nano.a(libc_a-gdtoa-gethex.o)
                0x0800588a                __hexdig_fun
                0x080058b4                __gethex
 .text          0x08005ccc      0x186 /usr/lib64/gcc/arm-none-eabi/13/../../../../arm-none-eabi/lib/thumb/v7-m/nofp/libc_nano.a(libc_a-gdtoa-hexnan.o)
                0x08005cf0                __match
                0x08005d1a                __hexnan
 *fill*         0x08005e52        0x2 
 .text          0x08005e54      0x13c /usr/lib64/gcc/arm-none-eabi/13/../../../../arm-none-eabi/lib/thumb/v7-m/nofp/libc_nano.a(libc_a-mallocr.o)
                0x08005e98                _malloc_r
 .text          0x08005f90       0x34 /usr/lib64/gcc/arm-none-eabi/13/../../../../arm-none-eabi/lib/thumb/v7-m/nofp/libc_nano.a(libc_a-mbtowc_r.o)
                0x08005f90                _mbtowc_r
                0x08005fa0                __ascii_mbtowc
 .text          0x08005fc4        0x4 /usr/lib64/gcc/arm-none-eabi/13/../../../../arm-none-eabi/lib/thumb/v7-m/nofp/libc_nano.a(libc_a-mlock.o)
                0x08005fc4                __malloc_lock
                0x08005fc6                __malloc_unlock
 .text          0x08005fc8      0x910 /usr/lib64/gcc/arm-none-eabi/13/../../../../arm-none-eabi/lib/thumb/v7-m/nofp/libc_nano.a(libc_a-mprec.o)
                0x08005fc8                _Balloc
                0x08006012                _Bfree
                0x08006024                __multadd
                0x080060b0                __s2b
                0x08006144                __hi0bits
                0x08006180                __lo0bits
                0x080061dc                __i2b
                0x08006208                __multiply
                0x08006374                __pow5mult
                0x080063f8                __lshift
                0x080064dc                __mcmp
                0x08006512                __mdiff
                0x08006644                __ulp
                0x08006684                __b2d
                0x08006714                __d2b
                0x080067c4                __ratio
                0x08006818                _mprec_log10
                0x08006850                __copybits
                0x08006896                __any_on
 .text          0x080068d8       0x2c /usr/lib64/gcc/arm-none-eabi/13/../../../../arm-none-eabi/lib/thumb/v7-m/nofp/libc_nano.a(libc_a-wctomb_r.o)
                0x080068d8                _wctomb_r
                0x080068e8                __ascii_wctomb
 .text          0x08006904      0x3a4 /usr/lib64/gcc/arm-none-eabi/13/../../../../arm-none-eabi/lib/thumb/v7-m/nofp/libc_nano.a(libc_a-nano-svfprintf.o)
                0x08006904                __ssputs_r
                0x080069c4                __ssprint_r
                0x08006ab8                _svfprintf_r
                0x08006ab8                _svfiprintf_r
 .text          0x08006ca8      0x150 /usr/lib64/gcc/arm-none-eabi/13/../../../../arm-none-eabi/lib/thumb/v7-m/nofp/libc_nano.a(libc_a-fflush.o)
                0x08006ca8                __sflush_r
                0x08006dac                _fflush_r
                0x08006dd0                fflush
 .text          0x08006df8       0x32 /usr/lib64/gcc/arm-none-eabi/13/../../../../arm-none-eabi/lib/thumb/v7-m/nofp/libc_nano.a(libc_a-memmove.o)
                0x08006df8                memmove
 *fill*         0x08006e2a        0x2 
 .text          0x08006e2c       0x20 /usr/lib64/gcc/arm-none-eabi/13/../../../../arm-none-eabi/lib/thumb/v7-m/nofp/libc_nano.a(libc_a-sbrkr.o)
                0x08006e2c                _sbrk_r
 .text          0x08006e4c       0x48 /usr/lib64/gcc/arm-none-eabi/13/../../../../arm-none-eabi/lib/thumb/v7-m/nofp/libc_nano.a(libc_a-assert.o)
                0x08006e4c                __assert_func
                0x08006e88                __assert
 .text          0x08006e94       0x28 /usr/lib64/gcc/arm-none-eabi/13/../../../../arm-none-eabi/lib/thumb/v7-m/nofp/libc_nano.a(libc_a-callocr.o)
                0x08006e94                _calloc_r
 .text          0x08006ebc       0x5c /usr/lib64/gcc/arm-none-eabi/13/../../../../arm-none-eabi/lib/thumb/v7-m/nofp/libc_nano.a(libc_a-reallocr.o)
                0x08006ebc                _realloc_r
 .text          0x08006f18       0x40 /usr/lib64/gcc/arm-none-eabi/13/../../../../arm-none-eabi/lib/thumb/v7-m/nofp/libc_nano.a(libc_a-fprintf.o)
                0x08006f18                _fprintf_r
                0x08006f18                _fiprintf_r
                0x08006f32                fprintf
                0x08006f32                fiprintf
 .text          0x08006f58        0xe /usr/lib64/gcc/arm-none-eabi/13/../../../../arm-none-eabi/lib/thumb/v7-m/nofp/libc_nano.a(libc_a-abort.o)
                0x08006f58                abort
 .text          0x08006f66       0x10 /usr/lib64/gcc/arm-none-eabi/13/../../../../arm-none-eabi/lib/thumb/v7-m/nofp/libc_nano.a(libc_a-msizer.o)
                0x08006f66                _malloc_usable_size_r
 *fill*         0x08006f76        0x2 
 .text          0x08006f78      0x2d8 /usr/lib64/gcc/arm-none-eabi/13/../../../../arm-none-eabi/lib/thumb/v7-m/nofp/libc_nano.a(libc_a-nano-vfprintf.o)
                0x08006fa2                __sfputs_r
                0x08006fec                __sprint_r
                0x0800704c                _vfiprintf_r
                0x0800704c                _vfprintf_r
                0x0800723c                vfiprintf
                0x0800723c                vfprintf
 .text          0x08007250      0x2a0 /usr/lib64/gcc/arm-none-eabi/13/../../../../arm-none-eabi/lib/thumb/v7-m/nofp/libc_nano.a(libc_a-fvwrite.o)
                0x08007250                __sfvwrite_r
 .text          0x080074f0       0xa8 /usr/lib64/gcc/arm-none-eabi/13/../../../../arm-none-eabi/lib/thumb/v7-m/nofp/libc_nano.a(libc_a-wbuf.o)
                0x080074f0                __swbuf_r
                0x08007586                __swbuf
 .text          0x08007598       0xa8 /usr/lib64/gcc/arm-none-eabi/13/../../../../arm-none-eabi/lib/thumb/v7-m/nofp/libc_nano.a(libc_a-wsetup.o)
                0x08007598                __swsetup_r
 .text          0x08007640      0x138 /usr/lib64/gcc/arm-none-eabi/13/../../../../arm-none-eabi/lib/thumb/v7-m/nofp/libc_nano.a(libc_a-signal.o)
                0x08007640                _init_signal_r
                0x0800766c                _signal_r
                0x080076a0                _raise_r
                0x080076f2                __sigtramp_r
                0x0800773e                raise
                0x0800774c                signal
                0x0800775c                _init_signal
                0x08007768                __sigtramp
 .text          0x08007778       0x28 /usr/lib64/gcc/arm-none-eabi/13/../../../../arm-none-eabi/lib/thumb/v7-m/nofp/libc_nano.a(libc_a-signalr.o)
                0x08007778                _kill_r
                0x0800779c                _getpid_r
 .text          0x080077a0       0xc6 /usr/lib64/gcc/arm-none-eabi/13/../../../../arm-none-eabi/lib/thumb/v7-m/nofp/libc_nano.a(libc_a-makebuf.o)
                0x080077a0                __swhatbuf_r
                0x080077f0                __smakebuf_r
 *fill*         0x08007866        0x2 
 .text          0x08007868       0x24 /usr/lib64/gcc/arm-none-eabi/13/../../../../arm-none-eabi/lib/thumb/v7-m/nofp/libc_nano.a(libc_a-fstatr.o)
                0x08007868                _fstat_r
 .text          0x0800788c       0x20 /usr/lib64/gcc/arm-none-eabi/13/../../../../arm-none-eabi/lib/thumb/v7-m/nofp/libc_nano.a(libc_a-isattyr.o)
                0x0800788c                _isatty_r
 .text          0x080078ac      0x254 /usr/lib64/gcc/arm-none-eabi/13/thumb/v7-m/nofp/libgcc.a(_arm_muldf3.o)
 .text          0x08007b00      0x424 /usr/lib64/gcc/arm-none-eabi/13/thumb/v7-m/nofp/libgcc.a(_arm_muldivdf3.o)
                0x08007b00                __aeabi_dmul
                0x08007b00                __muldf3
                0x08007d54                __aeabi_ddiv
                0x08007d54                __divdf3
 .text          0x08007f24       0x2c /usr/lib64/gcc/arm-none-eabi/13/thumb/v7-m/nofp/libgcc.a(_arm_unorddf2.o)
                0x08007f24                __aeabi_dcmpun
                0x08007f24                __unorddf2
 .text          0x08007f50       0x50 /usr/lib64/gcc/arm-none-eabi/13/thumb/v7-m/nofp/libgcc.a(_arm_fixdfsi.o)
                0x08007f50                __fixdfsi
                0x08007f50                __aeabi_d2iz
 .text          0x08007fa0       0xec /usr/lib64/gcc/arm-none-eabi/13/thumb/v7-m/nofp/libgcc.a(_arm_cmpsf2.o)
                0x08007fa0                __gtsf2
                0x08007fa0                __gesf2
                0x08007fa8                __lesf2
                0x08007fa8                __ltsf2
                0x08007fb0                __nesf2
                0x08007fb0                __eqsf2
                0x08007fb0                __cmpsf2
                0x08008010                __aeabi_cfrcmple
                0x08008018                __aeabi_cfcmple
                0x08008018                __aeabi_cfcmpeq
                0x08008028                __aeabi_fcmpeq
                0x0800803c                __aeabi_fcmplt
                0x08008050                __aeabi_fcmple
                0x08008064                __aeabi_fcmpge
                0x08008078                __aeabi_fcmpgt
 .text          0x0800808c       0x2c /usr/lib64/gcc/arm-none-eabi/13/thumb/v7-m/nofp/libgcc.a(_arm_unordsf2.o)
                0x0800808c                __aeabi_fcmpun
                0x0800808c                __unordsf2
 .text          0x080080b8       0x30 /usr/lib64/gcc/arm-none-eabi/13/thumb/v7-m/nofp/libgcc.a(_fixdfdi.o)
                0x080080b8                __aeabi_d2lz
                0x080080b8                __fixdfdi
 .text          0x080080e8       0x3c /usr/lib64/gcc/arm-none-eabi/13/thumb/v7-m/nofp/libgcc.a(_fixunsdfdi.o)
                0x080080e8                __aeabi_d2ulz
                0x080080e8                __fixunsdfdi
 .text          0x08008124        0x0 /usr/lib64/gcc/arm-none-eabi/13/thumb/v7-m/nofp/crtend.o
 .text          0x08008124        0x0 /usr/lib64/gcc/arm-none-eabi/13/thumb/v7-m/nofp/crtn.o
 *(.text.*)
 *(.rodata)
 .rodata        0x08008124       0x24 /usr/lib64/gcc/arm-none-eabi/13/thumb/v7-m/nofp/crtbegin.o
 .rodata        0x08008148     0xfa04 obj/DMA/buzzer.o
                0x08008148                mg_raw
                0x08017b48                mg_raw_len
 .rodata        0x08017b4c      0x1e0 obj/i2c/SSD1306.o
                0x08017b4c                Font5x7
 .rodata        0x08017d2c       0xbb obj/core/main.o
 *fill*         0x08017de7        0x1 
 .rodata        0x08017de8        0xf obj/uart/neo6m.o
 *fill*         0x08017df7        0x1 
 .rodata        0x08017df8       0x28 obj/uart/a7670.o
 .rodata        0x08017e20       0x50 /usr/lib64/gcc/arm-none-eabi/13/../../../../arm-none-eabi/lib/thumb/v7-m/nofp/libc_nano.a(libc_a-strtod.o)
 .rodata        0x08017e70      0x101 /usr/lib64/gcc/arm-none-eabi/13/../../../../arm-none-eabi/lib/thumb/v7-m/nofp/libc_nano.a(libc_a-ctype_.o)
                0x08017e70                _ctype_
 *fill*         0x08017f71        0x7 
 .rodata        0x08017f78      0x128 /usr/lib64/gcc/arm-none-eabi/13/../../../../arm-none-eabi/lib/thumb/v7-m/nofp/libc_nano.a(libc_a-mprec.o)
                0x08017f88                __mprec_tens
                0x08018050                __mprec_tinytens
                0x08018078                __mprec_bigtens
 .rodata        0x080180a0       0x24 /usr/lib64/gcc/arm-none-eabi/13/thumb/v7-m/nofp/crtend.o
 *(.rodata.*)
 .rodata.str1.1
                0x080180c4      0x136 /usr/lib64/gcc/arm-none-eabi/13/../../../../arm-none-eabi/lib/thumb/v7-m/nofp/libc_nano.a(libc_a-strtod.o)
                                  0xf (size before relaxing)
 .rodata.str1.1
                0x080181fa        0x0 /usr/lib64/gcc/arm-none-eabi/13/../../../../arm-none-eabi/lib/thumb/v7-m/nofp/libc_nano.a(libc_a-nano-vfprintf_float.o)
                                 0x12 (size before relaxing)
 .rodata.str1.1
                0x080181fa        0x0 /usr/lib64/gcc/arm-none-eabi/13/../../../../arm-none-eabi/lib/thumb/v7-m/nofp/libc_nano.a(libc_a-nano-vfprintf_i.o)
                                 0x22 (size before relaxing)
 .rodata.str1.1
                0x080181fa        0x0 /usr/lib64/gcc/arm-none-eabi/13/../../../../arm-none-eabi/lib/thumb/v7-m/nofp/libc_nano.a(libc_a-locale.o)
                                  0xb (size before relaxing)
 .rodata.str1.1
                0x080181fa        0x0 /usr/lib64/gcc/arm-none-eabi/13/../../../../arm-none-eabi/lib/thumb/v7-m/nofp/libc_nano.a(libc_a-dtoa.o)
                                 0x4c (size before relaxing)
 .rodata.str1.1
                0x080181fa        0x0 /usr/lib64/gcc/arm-none-eabi/13/../../../../arm-none-eabi/lib/thumb/v7-m/nofp/libc_nano.a(libc_a-gdtoa-gethex.o)
                                 0x47 (size before relaxing)
 .rodata.str1.1
                0x080181fa        0x0 /usr/lib64/gcc/arm-none-eabi/13/../../../../arm-none-eabi/lib/thumb/v7-m/nofp/libc_nano.a(libc_a-mprec.o)
                                 0x3e (size before relaxing)
 .rodata.str1.1
                0x080181fa        0x0 /usr/lib64/gcc/arm-none-eabi/13/../../../../arm-none-eabi/lib/thumb/v7-m/nofp/libc_nano.a(libc_a-nano-svfprintf.o)
                                 0x11 (size before relaxing)
 .rodata.str1.1
                0x080181fa        0x0 /usr/lib64/gcc/arm-none-eabi/13/../../../../arm-none-eabi/lib/thumb/v7-m/nofp/libc_nano.a(libc_a-assert.o)
                                 0x3d (size before relaxing)
 .rodata.str1.1
                0x080181fa        0x0 /usr/lib64/gcc/arm-none-eabi/13/../../../../arm-none-eabi/lib/thumb/v7-m/nofp/libc_nano.a(libc_a-nano-vfprintf.o)
                                 0x11 (size before relaxing)
                0x08018200                        . = ALIGN (0x8)
 *fill*         0x080181fa        0x6 
                0x08018200                        _etext = .

.glue_7         0x08018200        0x0
 .glue_7        0x08018200        0x0 linker stubs

.glue_7t        0x08018200        0x0
 .glue_7t       0x08018200        0x0 linker stubs

.vfp11_veneer   0x08018200        0x0
 .vfp11_veneer  0x08018200        0x0 linker stubs

.v4_bx          0x08018200        0x0
 .v4_bx         0x08018200        0x0 linker stubs

.init           0x08018200        0xc
 .init          0x08018200        0x4 /usr/lib64/gcc/arm-none-eabi/13/thumb/v7-m/nofp/crti.o
                0x08018200                _init
 .init          0x08018204        0x8 /usr/lib64/gcc/arm-none-eabi/13/thumb/v7-m/nofp/crtn.o

.fini           0x0801820c        0xc
 .fini          0x0801820c        0x4 /usr/lib64/gcc/arm-none-eabi/13/thumb/v7-m/nofp/crti.o
                0x0801820c                _fini
 .fini          0x08018210        0x8 /usr/lib64/gcc/arm-none-eabi/13/thumb/v7-m/nofp/crtn.o

.iplt           0x08018218        0x0
 .iplt          0x08018218        0x0 /usr/lib64/gcc/arm-none-eabi/13/thumb/v7-m/nofp/crtbegin.o

.eh_frame       0x08018218        0x4
 .eh_frame      0x08018218        0x0 /usr/lib64/gcc/arm-none-eabi/13/thumb/v7-m/nofp/crtbegin.o
 .eh_frame      0x08018218        0x4 /usr/lib64/gcc/arm-none-eabi/13/thumb/v7-m/nofp/crtend.o

.ARM.extab      0x0801821c        0x0
 .ARM.extab     0x0801821c        0x0 /usr/lib64/gcc/arm-none-eabi/13/../../../../arm-none-eabi/lib/thumb/v7-m/nofp/crt0.o
 .ARM.extab     0x0801821c        0x0 /usr/lib64/gcc/arm-none-eabi/13/../../../../arm-none-eabi/lib/thumb/v7-m/nofp/libc_nano.a(libc_a-strcmp.o)
 .ARM.extab     0x0801821c        0x0 /usr/lib64/gcc/arm-none-eabi/13/../../../../arm-none-eabi/lib/thumb/v7-m/nofp/libc_nano.a(libc_a-strlen.o)

.ARM.exidx      0x0801821c        0x8
 .ARM.exidx     0x0801821c        0x8 /usr/lib64/gcc/arm-none-eabi/13/../../../../arm-none-eabi/lib/thumb/v7-m/nofp/crt0.o
                                 0x10 (size before relaxing)
 .ARM.exidx     0x08018224        0x0 /usr/lib64/gcc/arm-none-eabi/13/../../../../arm-none-eabi/lib/thumb/v7-m/nofp/libc_nano.a(libc_a-strcmp.o)
                                  0x8 (size before relaxing)
 .ARM.exidx     0x08018224        0x0 /usr/lib64/gcc/arm-none-eabi/13/../../../../arm-none-eabi/lib/thumb/v7-m/nofp/libc_nano.a(libc_a-strlen.o)
                                  0x8 (size before relaxing)

.rel.dyn        0x08018224        0x0
 .rel.iplt      0x08018224        0x0 /usr/lib64/gcc/arm-none-eabi/13/thumb/v7-m/nofp/crtbegin.o

.data           0x20000000      0x3c8 load address 0x08018224
                0x20000000                        . = ALIGN (0x8)
                0x20000000                        _sdata = .
 *(.data)
 .data          0x20000000        0x0 /usr/lib64/gcc/arm-none-eabi/13/thumb/v7-m/nofp/crti.o
 .data          0x20000000        0x4 /usr/lib64/gcc/arm-none-eabi/13/thumb/v7-m/nofp/crtbegin.o
                0x20000000                __dso_handle
 .data          0x20000004      0x118 /usr/lib64/gcc/arm-none-eabi/13/../../../../arm-none-eabi/lib/thumb/v7-m/nofp/crt0.o
                0x2000000c                __stack_base__
 .data          0x2000011c        0x0 obj/DMA/buzzer.o
 .data          0x2000011c        0x0 obj/i2c/SSD1306.o
 .data          0x2000011c        0x0 obj/i2c/aht20.o
 .data          0x2000011c        0x0 obj/i2c/i2c.o
 .data          0x2000011c        0x0 obj/SPI/SD.o
 .data          0x2000011c        0x0 obj/SPI/spi.o
 .data          0x2000011c        0x4 obj/core/syscalls.o
                0x2000011c                environ
 .data          0x20000120        0x0 obj/core/stm32_startup.o
 .data          0x20000120        0x0 obj/core/clock_set.o
 .data          0x20000120        0x0 obj/core/timeout.o
 .data          0x20000120        0x0 obj/core/main.o
 .data          0x20000120        0x0 obj/uart/usart.o
 .data          0x20000120        0x0 obj/uart/neo6m.o
 .data          0x20000120        0x0 obj/uart/a7670.o
 .data          0x20000120        0x0 /usr/lib64/gcc/arm-none-eabi/13/thumb/v7-m/nofp/libgcc.a(_arm_mulsf3.o)
 .data          0x20000120        0x0 /usr/lib64/gcc/arm-none-eabi/13/thumb/v7-m/nofp/libgcc.a(_arm_addsubdf3.o)
 .data          0x20000120        0x0 /usr/lib64/gcc/arm-none-eabi/13/thumb/v7-m/nofp/libgcc.a(_arm_cmpdf2.o)
 .data          0x20000120        0x0 /usr/lib64/gcc/arm-none-eabi/13/thumb/v7-m/nofp/libgcc.a(_arm_fixunsdfsi.o)
 .data          0x20000120        0x0 /usr/lib64/gcc/arm-none-eabi/13/thumb/v7-m/nofp/libgcc.a(_arm_truncdfsf2.o)
 .data          0x20000120        0x0 /usr/lib64/gcc/arm-none-eabi/13/thumb/v7-m/nofp/libgcc.a(_arm_addsubsf3.o)
 .data          0x20000120        0x0 /usr/lib64/gcc/arm-none-eabi/13/thumb/v7-m/nofp/libgcc.a(_arm_muldivsf3.o)
 .data          0x20000120        0x0 /usr/lib64/gcc/arm-none-eabi/13/thumb/v7-m/nofp/libgcc.a(_arm_fixsfsi.o)
 .data          0x20000120        0x0 /usr/lib64/gcc/arm-none-eabi/13/../../../../arm-none-eabi/lib/thumb/v7-m/nofp/libc_nano.a(libc_a-atexit.o)
 .data          0x20000120        0x0 /usr/lib64/gcc/arm-none-eabi/13/../../../../arm-none-eabi/lib/thumb/v7-m/nofp/libc_nano.a(libc_a-atof.o)
 .data          0x20000120        0x0 /usr/lib64/gcc/arm-none-eabi/13/../../../../arm-none-eabi/lib/thumb/v7-m/nofp/libc_nano.a(libc_a-atoi.o)
 .data          0x20000120        0x0 /usr/lib64/gcc/arm-none-eabi/13/../../../../arm-none-eabi/lib/thumb/v7-m/nofp/libc_nano.a(libc_a-exit.o)
 .data          0x20000120        0x0 /usr/lib64/gcc/arm-none-eabi/13/../../../../arm-none-eabi/lib/thumb/v7-m/nofp/libc_nano.a(libc_a-strtod.o)
 .data          0x20000120        0x0 /usr/lib64/gcc/arm-none-eabi/13/../../../../arm-none-eabi/lib/thumb/v7-m/nofp/libc_nano.a(libc_a-strtol.o)
 .data          0x20000120        0x0 /usr/lib64/gcc/arm-none-eabi/13/../../../../arm-none-eabi/lib/thumb/v7-m/nofp/libc_nano.a(libc_a-ctype_.o)
 .data          0x20000120        0x0 /usr/lib64/gcc/arm-none-eabi/13/../../../../arm-none-eabi/lib/thumb/v7-m/nofp/libc_nano.a(libc_a-nano-vfprintf_float.o)
 .data          0x20000120        0x0 /usr/lib64/gcc/arm-none-eabi/13/../../../../arm-none-eabi/lib/thumb/v7-m/nofp/libc_nano.a(libc_a-nano-vfprintf_i.o)
 .data          0x20000120        0xc /usr/lib64/gcc/arm-none-eabi/13/../../../../arm-none-eabi/lib/thumb/v7-m/nofp/libc_nano.a(libc_a-findfp.o)
                0x20000120                __sglue
 .data          0x2000012c        0x0 /usr/lib64/gcc/arm-none-eabi/13/../../../../arm-none-eabi/lib/thumb/v7-m/nofp/libc_nano.a(libc_a-fwalk.o)
 .data          0x2000012c        0x0 /usr/lib64/gcc/arm-none-eabi/13/../../../../arm-none-eabi/lib/thumb/v7-m/nofp/libc_nano.a(libc_a-snprintf.o)
 .data          0x2000012c        0x0 /usr/lib64/gcc/arm-none-eabi/13/../../../../arm-none-eabi/lib/thumb/v7-m/nofp/libc_nano.a(libc_a-sprintf.o)
 .data          0x2000012c        0x0 /usr/lib64/gcc/arm-none-eabi/13/../../../../arm-none-eabi/lib/thumb/v7-m/nofp/libc_nano.a(libc_a-stdio.o)
 .data          0x2000012c        0x0 /usr/lib64/gcc/arm-none-eabi/13/../../../../arm-none-eabi/lib/thumb/v7-m/nofp/libc_nano.a(libc_a-memset.o)
 .data          0x2000012c        0x0 /usr/lib64/gcc/arm-none-eabi/13/../../../../arm-none-eabi/lib/thumb/v7-m/nofp/libc_nano.a(libc_a-strncmp.o)
 .data          0x2000012c      0x16c /usr/lib64/gcc/arm-none-eabi/13/../../../../arm-none-eabi/lib/thumb/v7-m/nofp/libc_nano.a(libc_a-locale.o)
                0x2000012c                __global_locale
 .data          0x20000298        0x0 /usr/lib64/gcc/arm-none-eabi/13/../../../../arm-none-eabi/lib/thumb/v7-m/nofp/libc_nano.a(libc_a-localeconv.o)
 .data          0x20000298        0x0 /usr/lib64/gcc/arm-none-eabi/13/../../../../arm-none-eabi/lib/thumb/v7-m/nofp/libc_nano.a(libc_a-closer.o)
 .data          0x20000298        0x0 /usr/lib64/gcc/arm-none-eabi/13/../../../../arm-none-eabi/lib/thumb/v7-m/nofp/libc_nano.a(libc_a-reent.o)
 .data          0x20000298      0x128 /usr/lib64/gcc/arm-none-eabi/13/../../../../arm-none-eabi/lib/thumb/v7-m/nofp/libc_nano.a(libc_a-impure.o)
                0x20000298                _impure_ptr
                0x200002a0                _impure_data
 .data          0x200003c0        0x0 /usr/lib64/gcc/arm-none-eabi/13/../../../../arm-none-eabi/lib/thumb/v7-m/nofp/libc_nano.a(libc_a-lseekr.o)
 .data          0x200003c0        0x0 /usr/lib64/gcc/arm-none-eabi/13/../../../../arm-none-eabi/lib/thumb/v7-m/nofp/libc_nano.a(libc_a-readr.o)
 .data          0x200003c0        0x0 /usr/lib64/gcc/arm-none-eabi/13/../../../../arm-none-eabi/lib/thumb/v7-m/nofp/libc_nano.a(libc_a-writer.o)
 .data          0x200003c0        0x0 /usr/lib64/gcc/arm-none-eabi/13/../../../../arm-none-eabi/lib/thumb/v7-m/nofp/libc_nano.a(libc_a-errno.o)
 .data          0x200003c0        0x0 /usr/lib64/gcc/arm-none-eabi/13/../../../../arm-none-eabi/lib/thumb/v7-m/nofp/libc_nano.a(libc_a-init.o)
 .data          0x200003c0        0x0 /usr/lib64/gcc/arm-none-eabi/13/../../../../arm-none-eabi/lib/thumb/v7-m/nofp/libc_nano.a(libc_a-fini.o)
 .data          0x200003c0        0x0 /usr/lib64/gcc/arm-none-eabi/13/../../../../arm-none-eabi/lib/thumb/v7-m/nofp/libc_nano.a(libc_a-strcmp.o)
 .data          0x200003c0        0x0 /usr/lib64/gcc/arm-none-eabi/13/../../../../arm-none-eabi/lib/thumb/v7-m/nofp/libc_nano.a(libc_a-memchr-stub.o)
 .data          0x200003c0        0x0 /usr/lib64/gcc/arm-none-eabi/13/../../../../arm-none-eabi/lib/thumb/v7-m/nofp/libc_nano.a(libc_a-memcpy-stub.o)
 .data          0x200003c0        0x0 /usr/lib64/gcc/arm-none-eabi/13/../../../../arm-none-eabi/lib/thumb/v7-m/nofp/libc_nano.a(libc_a-strlen.o)
 .data          0x200003c0        0x0 /usr/lib64/gcc/arm-none-eabi/13/../../../../arm-none-eabi/lib/thumb/v7-m/nofp/libc_nano.a(libm_a-s_nan.o)
 .data          0x200003c0        0x0 /usr/lib64/gcc/arm-none-eabi/13/../../../../arm-none-eabi/lib/thumb/v7-m/nofp/libc_nano.a(libm_a-sf_nan.o)
 .data          0x200003c0        0x4 /usr/lib64/gcc/arm-none-eabi/13/../../../../arm-none-eabi/lib/thumb/v7-m/nofp/libc_nano.a(libc_a-__atexit.o)
                0x200003c0                __atexit_dummy
 .data          0x200003c4        0x0 /usr/lib64/gcc/arm-none-eabi/13/../../../../arm-none-eabi/lib/thumb/v7-m/nofp/libc_nano.a(libc_a-__call_atexit.o)
 .data          0x200003c4        0x0 /usr/lib64/gcc/arm-none-eabi/13/../../../../arm-none-eabi/lib/thumb/v7-m/nofp/libc_nano.a(libc_a-dtoa.o)
 .data          0x200003c4        0x0 /usr/lib64/gcc/arm-none-eabi/13/../../../../arm-none-eabi/lib/thumb/v7-m/nofp/libc_nano.a(libc_a-freer.o)
 .data          0x200003c4        0x0 /usr/lib64/gcc/arm-none-eabi/13/../../../../arm-none-eabi/lib/thumb/v7-m/nofp/libc_nano.a(libc_a-gdtoa-gethex.o)
 .data          0x200003c4        0x0 /usr/lib64/gcc/arm-none-eabi/13/../../../../arm-none-eabi/lib/thumb/v7-m/nofp/libc_nano.a(libc_a-gdtoa-hexnan.o)
 .data          0x200003c4        0x0 /usr/lib64/gcc/arm-none-eabi/13/../../../../arm-none-eabi/lib/thumb/v7-m/nofp/libc_nano.a(libc_a-mallocr.o)
 .data          0x200003c4        0x0 /usr/lib64/gcc/arm-none-eabi/13/../../../../arm-none-eabi/lib/thumb/v7-m/nofp/libc_nano.a(libc_a-mbtowc_r.o)
 .data          0x200003c4        0x0 /usr/lib64/gcc/arm-none-eabi/13/../../../../arm-none-eabi/lib/thumb/v7-m/nofp/libc_nano.a(libc_a-mlock.o)
 .data          0x200003c4        0x0 /usr/lib64/gcc/arm-none-eabi/13/../../../../arm-none-eabi/lib/thumb/v7-m/nofp/libc_nano.a(libc_a-mprec.o)
 .data          0x200003c4        0x0 /usr/lib64/gcc/arm-none-eabi/13/../../../../arm-none-eabi/lib/thumb/v7-m/nofp/libc_nano.a(libc_a-wctomb_r.o)
 .data          0x200003c4        0x0 /usr/lib64/gcc/arm-none-eabi/13/../../../../arm-none-eabi/lib/thumb/v7-m/nofp/libc_nano.a(libc_a-nano-svfprintf.o)
 .data          0x200003c4        0x0 /usr/lib64/gcc/arm-none-eabi/13/../../../../arm-none-eabi/lib/thumb/v7-m/nofp/libc_nano.a(libc_a-fflush.o)
 .data          0x200003c4        0x0 /usr/lib64/gcc/arm-none-eabi/13/../../../../arm-none-eabi/lib/thumb/v7-m/nofp/libc_nano.a(libc_a-memmove.o)
 .data          0x200003c4        0x0 /usr/lib64/gcc/arm-none-eabi/13/../../../../arm-none-eabi/lib/thumb/v7-m/nofp/libc_nano.a(libc_a-sbrkr.o)
 .data          0x200003c4        0x0 /usr/lib64/gcc/arm-none-eabi/13/../../../../arm-none-eabi/lib/thumb/v7-m/nofp/libc_nano.a(libc_a-assert.o)
 .data          0x200003c4        0x0 /usr/lib64/gcc/arm-none-eabi/13/../../../../arm-none-eabi/lib/thumb/v7-m/nofp/libc_nano.a(libc_a-callocr.o)
 .data          0x200003c4        0x0 /usr/lib64/gcc/arm-none-eabi/13/../../../../arm-none-eabi/lib/thumb/v7-m/nofp/libc_nano.a(libc_a-reallocr.o)
 .data          0x200003c4        0x0 /usr/lib64/gcc/arm-none-eabi/13/../../../../arm-none-eabi/lib/thumb/v7-m/nofp/libc_nano.a(libc_a-fprintf.o)
 .data          0x200003c4        0x0 /usr/lib64/gcc/arm-none-eabi/13/../../../../arm-none-eabi/lib/thumb/v7-m/nofp/libc_nano.a(libc_a-abort.o)
 .data          0x200003c4        0x0 /usr/lib64/gcc/arm-none-eabi/13/../../../../arm-none-eabi/lib/thumb/v7-m/nofp/libc_nano.a(libc_a-msizer.o)
 .data          0x200003c4        0x0 /usr/lib64/gcc/arm-none-eabi/13/../../../../arm-none-eabi/lib/thumb/v7-m/nofp/libc_nano.a(libc_a-nano-vfprintf.o)
 .data          0x200003c4        0x0 /usr/lib64/gcc/arm-none-eabi/13/../../../../arm-none-eabi/lib/thumb/v7-m/nofp/libc_nano.a(libc_a-fvwrite.o)
 .data          0x200003c4        0x0 /usr/lib64/gcc/arm-none-eabi/13/../../../../arm-none-eabi/lib/thumb/v7-m/nofp/libc_nano.a(libc_a-wbuf.o)
 .data          0x200003c4        0x0 /usr/lib64/gcc/arm-none-eabi/13/../../../../arm-none-eabi/lib/thumb/v7-m/nofp/libc_nano.a(libc_a-wsetup.o)
 .data          0x200003c4        0x0 /usr/lib64/gcc/arm-none-eabi/13/../../../../arm-none-eabi/lib/thumb/v7-m/nofp/libc_nano.a(libc_a-signal.o)
 .data          0x200003c4        0x0 /usr/lib64/gcc/arm-none-eabi/13/../../../../arm-none-eabi/lib/thumb/v7-m/nofp/libc_nano.a(libc_a-signalr.o)
 .data          0x200003c4        0x0 /usr/lib64/gcc/arm-none-eabi/13/../../../../arm-none-eabi/lib/thumb/v7-m/nofp/libc_nano.a(libc_a-makebuf.o)
 .data          0x200003c4        0x0 /usr/lib64/gcc/arm-none-eabi/13/../../../../arm-none-eabi/lib/thumb/v7-m/nofp/libc_nano.a(libc_a-fstatr.o)
 .data          0x200003c4        0x0 /usr/lib64/gcc/arm-none-eabi/13/../../../../arm-none-eabi/lib/thumb/v7-m/nofp/libc_nano.a(libc_a-isattyr.o)
 .data          0x200003c4        0x0 /usr/lib64/gcc/arm-none-eabi/13/thumb/v7-m/nofp/libgcc.a(_arm_muldf3.o)
 .data          0x200003c4        0x0 /usr/lib64/gcc/arm-none-eabi/13/thumb/v7-m/nofp/libgcc.a(_arm_muldivdf3.o)
 .data          0x200003c4        0x0 /usr/lib64/gcc/arm-none-eabi/13/thumb/v7-m/nofp/libgcc.a(_arm_unorddf2.o)
 .data          0x200003c4        0x0 /usr/lib64/gcc/arm-none-eabi/13/thumb/v7-m/nofp/libgcc.a(_arm_fixdfsi.o)
 .data          0x200003c4        0x0 /usr/lib64/gcc/arm-none-eabi/13/thumb/v7-m/nofp/libgcc.a(_arm_cmpsf2.o)
 .data          0x200003c4        0x0 /usr/lib64/gcc/arm-none-eabi/13/thumb/v7-m/nofp/libgcc.a(_arm_unordsf2.o)
 .data          0x200003c4        0x0 /usr/lib64/gcc/arm-none-eabi/13/thumb/v7-m/nofp/libgcc.a(_fixdfdi.o)
 .data          0x200003c4        0x0 /usr/lib64/gcc/arm-none-eabi/13/thumb/v7-m/nofp/libgcc.a(_fixunsdfdi.o)
 .data          0x200003c4        0x0 /usr/lib64/gcc/arm-none-eabi/13/thumb/v7-m/nofp/crtend.o
 .data          0x200003c4        0x0 /usr/lib64/gcc/arm-none-eabi/13/thumb/v7-m/nofp/crtn.o
 *(.data.*)
                0x200003c8                        . = ALIGN (0x8)
 *fill*         0x200003c4        0x4 
                0x200003c8                        _edata = .

.init_array     0x200003c8        0x4 load address 0x080185ec
 .init_array    0x200003c8        0x4 /usr/lib64/gcc/arm-none-eabi/13/thumb/v7-m/nofp/crtbegin.o

.fini_array     0x200003cc        0x4 load address 0x080185f0
 .fini_array    0x200003cc        0x4 /usr/lib64/gcc/arm-none-eabi/13/thumb/v7-m/nofp/crtbegin.o

.tm_clone_table
                0x200003d0        0x0 load address 0x080185f4
 .tm_clone_table
                0x200003d0        0x0 /usr/lib64/gcc/arm-none-eabi/13/thumb/v7-m/nofp/crtbegin.o
 .tm_clone_table
                0x200003d0        0x0 /usr/lib64/gcc/arm-none-eabi/13/thumb/v7-m/nofp/crtend.o

.igot.plt       0x200003d0        0x0 load address 0x080185f4
 .igot.plt      0x200003d0        0x0 /usr/lib64/gcc/arm-none-eabi/13/thumb/v7-m/nofp/crtbegin.o

.bss            0x200003d0      0xce8 load address 0x080185f4
                0x200003d0                        . = ALIGN (0x8)
                0x200003d0                        _sbss = .
                0x200003d0                        __bss_start__ = _sbss
 *(.bss)
 .bss           0x200003d0        0x0 /usr/lib64/gcc/arm-none-eabi/13/thumb/v7-m/nofp/crti.o
 .bss           0x200003d0       0x1c /usr/lib64/gcc/arm-none-eabi/13/thumb/v7-m/nofp/crtbegin.o
 .bss           0x200003ec        0x0 /usr/lib64/gcc/arm-none-eabi/13/../../../../arm-none-eabi/lib/thumb/v7-m/nofp/crt0.o
 .bss           0x200003ec      0x204 obj/DMA/buzzer.o
                0x200003ec                audio_ram
 .bss           0x200005f0        0x0 obj/i2c/SSD1306.o
 .bss           0x200005f0        0x0 obj/i2c/aht20.o
 .bss           0x200005f0        0x0 obj/i2c/i2c.o
 .bss           0x200005f0        0x0 obj/SPI/SD.o
 .bss           0x200005f0       0x84 obj/SPI/spi.o
 .bss           0x20000674        0x8 obj/core/syscalls.o
                0x20000674                __env
 .bss           0x2000067c        0x0 obj/core/stm32_startup.o
 .bss           0x2000067c        0x0 obj/core/clock_set.o
 .bss           0x2000067c        0x0 obj/core/timeout.o
 *fill*         0x2000067c        0x4 
 .bss           0x20000680      0x6d0 obj/core/main.o
                0x20000680                sensor_data
                0x20000688                gpsData
                0x200006a8                old_gpsData
                0x200006c8                freq
                0x200006cc                gpsBuffer
                0x20000730                displayBuffer
                0x20000b30                testo
                0x20000b50                sd_buffer
 .bss           0x20000d50       0x84 obj/uart/usart.o
 .bss           0x20000dd4        0x0 obj/uart/neo6m.o
 .bss           0x20000dd4        0x0 obj/uart/a7670.o
 .bss           0x20000dd4        0x0 /usr/lib64/gcc/arm-none-eabi/13/thumb/v7-m/nofp/libgcc.a(_arm_mulsf3.o)
 .bss           0x20000dd4        0x0 /usr/lib64/gcc/arm-none-eabi/13/thumb/v7-m/nofp/libgcc.a(_arm_addsubdf3.o)
 .bss           0x20000dd4        0x0 /usr/lib64/gcc/arm-none-eabi/13/thumb/v7-m/nofp/libgcc.a(_arm_cmpdf2.o)
 .bss           0x20000dd4        0x0 /usr/lib64/gcc/arm-none-eabi/13/thumb/v7-m/nofp/libgcc.a(_arm_fixunsdfsi.o)
 .bss           0x20000dd4        0x0 /usr/lib64/gcc/arm-none-eabi/13/thumb/v7-m/nofp/libgcc.a(_arm_truncdfsf2.o)
 .bss           0x20000dd4        0x0 /usr/lib64/gcc/arm-none-eabi/13/thumb/v7-m/nofp/libgcc.a(_arm_addsubsf3.o)
 .bss           0x20000dd4        0x0 /usr/lib64/gcc/arm-none-eabi/13/thumb/v7-m/nofp/libgcc.a(_arm_muldivsf3.o)
 .bss           0x20000dd4        0x0 /usr/lib64/gcc/arm-none-eabi/13/thumb/v7-m/nofp/libgcc.a(_arm_fixsfsi.o)
 .bss           0x20000dd4        0x0 /usr/lib64/gcc/arm-none-eabi/13/../../../../arm-none-eabi/lib/thumb/v7-m/nofp/libc_nano.a(libc_a-atexit.o)
 .bss           0x20000dd4        0x0 /usr/lib64/gcc/arm-none-eabi/13/../../../../arm-none-eabi/lib/thumb/v7-m/nofp/libc_nano.a(libc_a-atof.o)
 .bss           0x20000dd4        0x0 /usr/lib64/gcc/arm-none-eabi/13/../../../../arm-none-eabi/lib/thumb/v7-m/nofp/libc_nano.a(libc_a-atoi.o)
 .bss           0x20000dd4        0x0 /usr/lib64/gcc/arm-none-eabi/13/../../../../arm-none-eabi/lib/thumb/v7-m/nofp/libc_nano.a(libc_a-exit.o)
 .bss           0x20000dd4        0x0 /usr/lib64/gcc/arm-none-eabi/13/../../../../arm-none-eabi/lib/thumb/v7-m/nofp/libc_nano.a(libc_a-strtod.o)
 .bss           0x20000dd4        0x0 /usr/lib64/gcc/arm-none-eabi/13/../../../../arm-none-eabi/lib/thumb/v7-m/nofp/libc_nano.a(libc_a-strtol.o)
 .bss           0x20000dd4        0x0 /usr/lib64/gcc/arm-none-eabi/13/../../../../arm-none-eabi/lib/thumb/v7-m/nofp/libc_nano.a(libc_a-ctype_.o)
 .bss           0x20000dd4        0x0 /usr/lib64/gcc/arm-none-eabi/13/../../../../arm-none-eabi/lib/thumb/v7-m/nofp/libc_nano.a(libc_a-nano-vfprintf_float.o)
 .bss           0x20000dd4        0x0 /usr/lib64/gcc/arm-none-eabi/13/../../../../arm-none-eabi/lib/thumb/v7-m/nofp/libc_nano.a(libc_a-nano-vfprintf_i.o)
 .bss           0x20000dd4      0x13c /usr/lib64/gcc/arm-none-eabi/13/../../../../arm-none-eabi/lib/thumb/v7-m/nofp/libc_nano.a(libc_a-findfp.o)
                0x20000dd4                __sf
                0x20000f0c                __stdio_exit_handler
 .bss           0x20000f10        0x0 /usr/lib64/gcc/arm-none-eabi/13/../../../../arm-none-eabi/lib/thumb/v7-m/nofp/libc_nano.a(libc_a-fwalk.o)
 .bss           0x20000f10        0x0 /usr/lib64/gcc/arm-none-eabi/13/../../../../arm-none-eabi/lib/thumb/v7-m/nofp/libc_nano.a(libc_a-snprintf.o)
 .bss           0x20000f10        0x0 /usr/lib64/gcc/arm-none-eabi/13/../../../../arm-none-eabi/lib/thumb/v7-m/nofp/libc_nano.a(libc_a-sprintf.o)
 .bss           0x20000f10        0x0 /usr/lib64/gcc/arm-none-eabi/13/../../../../arm-none-eabi/lib/thumb/v7-m/nofp/libc_nano.a(libc_a-stdio.o)
 .bss           0x20000f10        0x0 /usr/lib64/gcc/arm-none-eabi/13/../../../../arm-none-eabi/lib/thumb/v7-m/nofp/libc_nano.a(libc_a-memset.o)
 .bss           0x20000f10        0x0 /usr/lib64/gcc/arm-none-eabi/13/../../../../arm-none-eabi/lib/thumb/v7-m/nofp/libc_nano.a(libc_a-strncmp.o)
 .bss           0x20000f10        0x4 /usr/lib64/gcc/arm-none-eabi/13/../../../../arm-none-eabi/lib/thumb/v7-m/nofp/libc_nano.a(libc_a-locale.o)
                0x20000f10                _PathLocale
 .bss           0x20000f14        0x0 /usr/lib64/gcc/arm-none-eabi/13/../../../../arm-none-eabi/lib/thumb/v7-m/nofp/libc_nano.a(libc_a-localeconv.o)
 .bss           0x20000f14        0x0 /usr/lib64/gcc/arm-none-eabi/13/../../../../arm-none-eabi/lib/thumb/v7-m/nofp/libc_nano.a(libc_a-closer.o)
 .bss           0x20000f14        0x4 /usr/lib64/gcc/arm-none-eabi/13/../../../../arm-none-eabi/lib/thumb/v7-m/nofp/libc_nano.a(libc_a-reent.o)
                0x20000f14                errno
 .bss           0x20000f18        0x0 /usr/lib64/gcc/arm-none-eabi/13/../../../../arm-none-eabi/lib/thumb/v7-m/nofp/libc_nano.a(libc_a-impure.o)
 .bss           0x20000f18        0x0 /usr/lib64/gcc/arm-none-eabi/13/../../../../arm-none-eabi/lib/thumb/v7-m/nofp/libc_nano.a(libc_a-lseekr.o)
 .bss           0x20000f18        0x0 /usr/lib64/gcc/arm-none-eabi/13/../../../../arm-none-eabi/lib/thumb/v7-m/nofp/libc_nano.a(libc_a-readr.o)
 .bss           0x20000f18        0x0 /usr/lib64/gcc/arm-none-eabi/13/../../../../arm-none-eabi/lib/thumb/v7-m/nofp/libc_nano.a(libc_a-writer.o)
 .bss           0x20000f18        0x0 /usr/lib64/gcc/arm-none-eabi/13/../../../../arm-none-eabi/lib/thumb/v7-m/nofp/libc_nano.a(libc_a-errno.o)
 .bss           0x20000f18        0x0 /usr/lib64/gcc/arm-none-eabi/13/../../../../arm-none-eabi/lib/thumb/v7-m/nofp/libc_nano.a(libc_a-init.o)
 .bss           0x20000f18        0x0 /usr/lib64/gcc/arm-none-eabi/13/../../../../arm-none-eabi/lib/thumb/v7-m/nofp/libc_nano.a(libc_a-fini.o)
 .bss           0x20000f18        0x0 /usr/lib64/gcc/arm-none-eabi/13/../../../../arm-none-eabi/lib/thumb/v7-m/nofp/libc_nano.a(libc_a-strcmp.o)
 .bss           0x20000f18        0x0 /usr/lib64/gcc/arm-none-eabi/13/../../../../arm-none-eabi/lib/thumb/v7-m/nofp/libc_nano.a(libc_a-memchr-stub.o)
 .bss           0x20000f18        0x0 /usr/lib64/gcc/arm-none-eabi/13/../../../../arm-none-eabi/lib/thumb/v7-m/nofp/libc_nano.a(libc_a-memcpy-stub.o)
 .bss           0x20000f18        0x0 /usr/lib64/gcc/arm-none-eabi/13/../../../../arm-none-eabi/lib/thumb/v7-m/nofp/libc_nano.a(libc_a-strlen.o)
 .bss           0x20000f18        0x0 /usr/lib64/gcc/arm-none-eabi/13/../../../../arm-none-eabi/lib/thumb/v7-m/nofp/libc_nano.a(libm_a-s_nan.o)
 .bss           0x20000f18        0x0 /usr/lib64/gcc/arm-none-eabi/13/../../../../arm-none-eabi/lib/thumb/v7-m/nofp/libc_nano.a(libm_a-sf_nan.o)
 .bss           0x20000f18      0x190 /usr/lib64/gcc/arm-none-eabi/13/../../../../arm-none-eabi/lib/thumb/v7-m/nofp/libc_nano.a(libc_a-__atexit.o)
                0x20000f18                __atexit0
 .bss           0x200010a8        0x4 /usr/lib64/gcc/arm-none-eabi/13/../../../../arm-none-eabi/lib/thumb/v7-m/nofp/libc_nano.a(libc_a-__call_atexit.o)
                0x200010a8                __atexit
 .bss           0x200010ac        0x0 /usr/lib64/gcc/arm-none-eabi/13/../../../../arm-none-eabi/lib/thumb/v7-m/nofp/libc_nano.a(libc_a-dtoa.o)
 .bss           0x200010ac        0x0 /usr/lib64/gcc/arm-none-eabi/13/../../../../arm-none-eabi/lib/thumb/v7-m/nofp/libc_nano.a(libc_a-freer.o)
 .bss           0x200010ac        0x0 /usr/lib64/gcc/arm-none-eabi/13/../../../../arm-none-eabi/lib/thumb/v7-m/nofp/libc_nano.a(libc_a-gdtoa-gethex.o)
 .bss           0x200010ac        0x0 /usr/lib64/gcc/arm-none-eabi/13/../../../../arm-none-eabi/lib/thumb/v7-m/nofp/libc_nano.a(libc_a-gdtoa-hexnan.o)
 .bss           0x200010ac        0x8 /usr/lib64/gcc/arm-none-eabi/13/../../../../arm-none-eabi/lib/thumb/v7-m/nofp/libc_nano.a(libc_a-mallocr.o)
                0x200010ac                __malloc_sbrk_start
                0x200010b0                __malloc_free_list
 .bss           0x200010b4        0x0 /usr/lib64/gcc/arm-none-eabi/13/../../../../arm-none-eabi/lib/thumb/v7-m/nofp/libc_nano.a(libc_a-mbtowc_r.o)
 .bss           0x200010b4        0x0 /usr/lib64/gcc/arm-none-eabi/13/../../../../arm-none-eabi/lib/thumb/v7-m/nofp/libc_nano.a(libc_a-mlock.o)
 .bss           0x200010b4        0x0 /usr/lib64/gcc/arm-none-eabi/13/../../../../arm-none-eabi/lib/thumb/v7-m/nofp/libc_nano.a(libc_a-mprec.o)
 .bss           0x200010b4        0x0 /usr/lib64/gcc/arm-none-eabi/13/../../../../arm-none-eabi/lib/thumb/v7-m/nofp/libc_nano.a(libc_a-wctomb_r.o)
 .bss           0x200010b4        0x0 /usr/lib64/gcc/arm-none-eabi/13/../../../../arm-none-eabi/lib/thumb/v7-m/nofp/libc_nano.a(libc_a-nano-svfprintf.o)
 .bss           0x200010b4        0x0 /usr/lib64/gcc/arm-none-eabi/13/../../../../arm-none-eabi/lib/thumb/v7-m/nofp/libc_nano.a(libc_a-fflush.o)
 .bss           0x200010b4        0x0 /usr/lib64/gcc/arm-none-eabi/13/../../../../arm-none-eabi/lib/thumb/v7-m/nofp/libc_nano.a(libc_a-memmove.o)
 .bss           0x200010b4        0x0 /usr/lib64/gcc/arm-none-eabi/13/../../../../arm-none-eabi/lib/thumb/v7-m/nofp/libc_nano.a(libc_a-sbrkr.o)
 .bss           0x200010b4        0x0 /usr/lib64/gcc/arm-none-eabi/13/../../../../arm-none-eabi/lib/thumb/v7-m/nofp/libc_nano.a(libc_a-assert.o)
 .bss           0x200010b4        0x0 /usr/lib64/gcc/arm-none-eabi/13/../../../../arm-none-eabi/lib/thumb/v7-m/nofp/libc_nano.a(libc_a-callocr.o)
 .bss           0x200010b4        0x0 /usr/lib64/gcc/arm-none-eabi/13/../../../../arm-none-eabi/lib/thumb/v7-m/nofp/libc_nano.a(libc_a-reallocr.o)
 .bss           0x200010b4        0x0 /usr/lib64/gcc/arm-none-eabi/13/../../../../arm-none-eabi/lib/thumb/v7-m/nofp/libc_nano.a(libc_a-fprintf.o)
 .bss           0x200010b4        0x0 /usr/lib64/gcc/arm-none-eabi/13/../../../../arm-none-eabi/lib/thumb/v7-m/nofp/libc_nano.a(libc_a-abort.o)
 .bss           0x200010b4        0x0 /usr/lib64/gcc/arm-none-eabi/13/../../../../arm-none-eabi/lib/thumb/v7-m/nofp/libc_nano.a(libc_a-msizer.o)
 .bss           0x200010b4        0x0 /usr/lib64/gcc/arm-none-eabi/13/../../../../arm-none-eabi/lib/thumb/v7-m/nofp/libc_nano.a(libc_a-nano-vfprintf.o)
 .bss           0x200010b4        0x0 /usr/lib64/gcc/arm-none-eabi/13/../../../../arm-none-eabi/lib/thumb/v7-m/nofp/libc_nano.a(libc_a-fvwrite.o)
 .bss           0x200010b4        0x0 /usr/lib64/gcc/arm-none-eabi/13/../../../../arm-none-eabi/lib/thumb/v7-m/nofp/libc_nano.a(libc_a-wbuf.o)
 .bss           0x200010b4        0x0 /usr/lib64/gcc/arm-none-eabi/13/../../../../arm-none-eabi/lib/thumb/v7-m/nofp/libc_nano.a(libc_a-wsetup.o)
 .bss           0x200010b4        0x0 /usr/lib64/gcc/arm-none-eabi/13/../../../../arm-none-eabi/lib/thumb/v7-m/nofp/libc_nano.a(libc_a-signal.o)
 .bss           0x200010b4        0x0 /usr/lib64/gcc/arm-none-eabi/13/../../../../arm-none-eabi/lib/thumb/v7-m/nofp/libc_nano.a(libc_a-signalr.o)
 .bss           0x200010b4        0x0 /usr/lib64/gcc/arm-none-eabi/13/../../../../arm-none-eabi/lib/thumb/v7-m/nofp/libc_nano.a(libc_a-makebuf.o)
 .bss           0x200010b4        0x0 /usr/lib64/gcc/arm-none-eabi/13/../../../../arm-none-eabi/lib/thumb/v7-m/nofp/libc_nano.a(libc_a-fstatr.o)
 .bss           0x200010b4        0x0 /usr/lib64/gcc/arm-none-eabi/13/../../../../arm-none-eabi/lib/thumb/v7-m/nofp/libc_nano.a(libc_a-isattyr.o)
 .bss           0x200010b4        0x0 /usr/lib64/gcc/arm-none-eabi/13/thumb/v7-m/nofp/libgcc.a(_arm_muldf3.o)
 .bss           0x200010b4        0x0 /usr/lib64/gcc/arm-none-eabi/13/thumb/v7-m/nofp/libgcc.a(_arm_muldivdf3.o)
 .bss           0x200010b4        0x0 /usr/lib64/gcc/arm-none-eabi/13/thumb/v7-m/nofp/libgcc.a(_arm_unorddf2.o)
 .bss           0x200010b4        0x0 /usr/lib64/gcc/arm-none-eabi/13/thumb/v7-m/nofp/libgcc.a(_arm_fixdfsi.o)
 .bss           0x200010b4        0x0 /usr/lib64/gcc/arm-none-eabi/13/thumb/v7-m/nofp/libgcc.a(_arm_cmpsf2.o)
 .bss           0x200010b4        0x0 /usr/lib64/gcc/arm-none-eabi/13/thumb/v7-m/nofp/libgcc.a(_arm_unordsf2.o)
 .bss           0x200010b4        0x0 /usr/lib64/gcc/arm-none-eabi/13/thumb/v7-m/nofp/libgcc.a(_fixdfdi.o)
 .bss           0x200010b4        0x0 /usr/lib64/gcc/arm-none-eabi/13/thumb/v7-m/nofp/libgcc.a(_fixunsdfdi.o)
 .bss           0x200010b4        0x0 /usr/lib64/gcc/arm-none-eabi/13/thumb/v7-m/nofp/crtend.o
 .bss           0x200010b4        0x0 /usr/lib64/gcc/arm-none-eabi/13/thumb/v7-m/nofp/crtn.o
 *(.bss.*)
 *(COMMON)
                0x200010b8                        . = ALIGN (0x8)
 *fill*         0x200010b4        0x4 
                0x200010b8                        _ebss = .
                0x200010b8                        __bss_end__ = _ebss
                0x200010b8                        . = ALIGN (0x8)
                0x200010b8                        end = .
                0x200010b8                        __end__ = end
                0x200010b8                        _end = end

._user_heap_stack
                0x200010b8      0x800 load address 0x080185f4
                0x200010b8                        . = ALIGN (0x8)
                0x200010b8                        . = (. + _Min_Heap_Size)
                0x200010b8                        __heap_limit = .
                0x200018b8                        . = (. + _Min_Stack_Size)
 *fill*         0x200010b8      0x800 
                0x200018b8                        . = ALIGN (0x8)
OUTPUT(final.elf elf32-littlearm)
LOAD linker stubs

.ARM.attributes
                0x00000000       0x29
 .ARM.attributes
                0x00000000       0x1d /usr/lib64/gcc/arm-none-eabi/13/thumb/v7-m/nofp/crti.o
 .ARM.attributes
                0x0000001d       0x2d /usr/lib64/gcc/arm-none-eabi/13/thumb/v7-m/nofp/crtbegin.o
 .ARM.attributes
                0x0000004a       0x1b /usr/lib64/gcc/arm-none-eabi/13/../../../../arm-none-eabi/lib/thumb/v7-m/nofp/crt0.o
 .ARM.attributes
                0x00000065       0x2d obj/DMA/buzzer.o
 .ARM.attributes
                0x00000092       0x2d obj/i2c/SSD1306.o
 .ARM.attributes
                0x000000bf       0x2d obj/i2c/aht20.o
 .ARM.attributes
                0x000000ec       0x2d obj/i2c/i2c.o
 .ARM.attributes
                0x00000119       0x2d obj/SPI/SD.o
 .ARM.attributes
                0x00000146       0x2d obj/SPI/spi.o
 .ARM.attributes
                0x00000173       0x2d obj/core/syscalls.o
 .ARM.attributes
                0x000001a0       0x2d obj/core/stm32_startup.o
 .ARM.attributes
                0x000001cd       0x2d obj/core/clock_set.o
 .ARM.attributes
                0x000001fa       0x2d obj/core/timeout.o
 .ARM.attributes
                0x00000227       0x2d obj/core/main.o
 .ARM.attributes
                0x00000254       0x2d obj/uart/usart.o
 .ARM.attributes
                0x00000281       0x2d obj/uart/neo6m.o
 .ARM.attributes
                0x000002ae       0x2d obj/uart/a7670.o
 .ARM.attributes
                0x000002db       0x1d /usr/lib64/gcc/arm-none-eabi/13/thumb/v7-m/nofp/libgcc.a(_arm_mulsf3.o)
 .ARM.attributes
                0x000002f8       0x1d /usr/lib64/gcc/arm-none-eabi/13/thumb/v7-m/nofp/libgcc.a(_arm_addsubdf3.o)
 .ARM.attributes
                0x00000315       0x1d /usr/lib64/gcc/arm-none-eabi/13/thumb/v7-m/nofp/libgcc.a(_arm_cmpdf2.o)
 .ARM.attributes
                0x00000332       0x1d /usr/lib64/gcc/arm-none-eabi/13/thumb/v7-m/nofp/libgcc.a(_arm_fixunsdfsi.o)
 .ARM.attributes
                0x0000034f       0x1d /usr/lib64/gcc/arm-none-eabi/13/thumb/v7-m/nofp/libgcc.a(_arm_truncdfsf2.o)
 .ARM.attributes
                0x0000036c       0x1d /usr/lib64/gcc/arm-none-eabi/13/thumb/v7-m/nofp/libgcc.a(_arm_addsubsf3.o)
 .ARM.attributes
                0x00000389       0x1d /usr/lib64/gcc/arm-none-eabi/13/thumb/v7-m/nofp/libgcc.a(_arm_muldivsf3.o)
 .ARM.attributes
                0x000003a6       0x1d /usr/lib64/gcc/arm-none-eabi/13/thumb/v7-m/nofp/libgcc.a(_arm_fixsfsi.o)
 .ARM.attributes
                0x000003c3       0x2d /usr/lib64/gcc/arm-none-eabi/13/../../../../arm-none-eabi/lib/thumb/v7-m/nofp/libc_nano.a(libc_a-atexit.o)
 .ARM.attributes
                0x000003f0       0x2d /usr/lib64/gcc/arm-none-eabi/13/../../../../arm-none-eabi/lib/thumb/v7-m/nofp/libc_nano.a(libc_a-atof.o)
 .ARM.attributes
                0x0000041d       0x2d /usr/lib64/gcc/arm-none-eabi/13/../../../../arm-none-eabi/lib/thumb/v7-m/nofp/libc_nano.a(libc_a-atoi.o)
 .ARM.attributes
                0x0000044a       0x2d /usr/lib64/gcc/arm-none-eabi/13/../../../../arm-none-eabi/lib/thumb/v7-m/nofp/libc_nano.a(libc_a-exit.o)
 .ARM.attributes
                0x00000477       0x2d /usr/lib64/gcc/arm-none-eabi/13/../../../../arm-none-eabi/lib/thumb/v7-m/nofp/libc_nano.a(libc_a-strtod.o)
 .ARM.attributes
                0x000004a4       0x2d /usr/lib64/gcc/arm-none-eabi/13/../../../../arm-none-eabi/lib/thumb/v7-m/nofp/libc_nano.a(libc_a-strtol.o)
 .ARM.attributes
                0x000004d1       0x2d /usr/lib64/gcc/arm-none-eabi/13/../../../../arm-none-eabi/lib/thumb/v7-m/nofp/libc_nano.a(libc_a-ctype_.o)
 .ARM.attributes
                0x000004fe       0x2d /usr/lib64/gcc/arm-none-eabi/13/../../../../arm-none-eabi/lib/thumb/v7-m/nofp/libc_nano.a(libc_a-nano-vfprintf_float.o)
 .ARM.attributes
                0x0000052b       0x2d /usr/lib64/gcc/arm-none-eabi/13/../../../../arm-none-eabi/lib/thumb/v7-m/nofp/libc_nano.a(libc_a-nano-vfprintf_i.o)
 .ARM.attributes
                0x00000558       0x2d /usr/lib64/gcc/arm-none-eabi/13/../../../../arm-none-eabi/lib/thumb/v7-m/nofp/libc_nano.a(libc_a-findfp.o)
 .ARM.attributes
                0x00000585       0x2d /usr/lib64/gcc/arm-none-eabi/13/../../../../arm-none-eabi/lib/thumb/v7-m/nofp/libc_nano.a(libc_a-fwalk.o)
 .ARM.attributes
                0x000005b2       0x2d /usr/lib64/gcc/arm-none-eabi/13/../../../../arm-none-eabi/lib/thumb/v7-m/nofp/libc_nano.a(libc_a-snprintf.o)
 .ARM.attributes
                0x000005df       0x2d /usr/lib64/gcc/arm-none-eabi/13/../../../../arm-none-eabi/lib/thumb/v7-m/nofp/libc_nano.a(libc_a-sprintf.o)
 .ARM.attributes
                0x0000060c       0x2d /usr/lib64/gcc/arm-none-eabi/13/../../../../arm-none-eabi/lib/thumb/v7-m/nofp/libc_nano.a(libc_a-stdio.o)
 .ARM.attributes
                0x00000639       0x2d /usr/lib64/gcc/arm-none-eabi/13/../../../../arm-none-eabi/lib/thumb/v7-m/nofp/libc_nano.a(libc_a-memset.o)
 .ARM.attributes
                0x00000666       0x2d /usr/lib64/gcc/arm-none-eabi/13/../../../../arm-none-eabi/lib/thumb/v7-m/nofp/libc_nano.a(libc_a-strncmp.o)
 .ARM.attributes
                0x00000693       0x2d /usr/lib64/gcc/arm-none-eabi/13/../../../../arm-none-eabi/lib/thumb/v7-m/nofp/libc_nano.a(libc_a-locale.o)
 .ARM.attributes
                0x000006c0       0x2d /usr/lib64/gcc/arm-none-eabi/13/../../../../arm-none-eabi/lib/thumb/v7-m/nofp/libc_nano.a(libc_a-localeconv.o)
 .ARM.attributes
                0x000006ed       0x2d /usr/lib64/gcc/arm-none-eabi/13/../../../../arm-none-eabi/lib/thumb/v7-m/nofp/libc_nano.a(libc_a-closer.o)
 .ARM.attributes
                0x0000071a       0x2d /usr/lib64/gcc/arm-none-eabi/13/../../../../arm-none-eabi/lib/thumb/v7-m/nofp/libc_nano.a(libc_a-reent.o)
 .ARM.attributes
                0x00000747       0x2d /usr/lib64/gcc/arm-none-eabi/13/../../../../arm-none-eabi/lib/thumb/v7-m/nofp/libc_nano.a(libc_a-impure.o)
 .ARM.attributes
                0x00000774       0x2d /usr/lib64/gcc/arm-none-eabi/13/../../../../arm-none-eabi/lib/thumb/v7-m/nofp/libc_nano.a(libc_a-lseekr.o)
 .ARM.attributes
                0x000007a1       0x2d /usr/lib64/gcc/arm-none-eabi/13/../../../../arm-none-eabi/lib/thumb/v7-m/nofp/libc_nano.a(libc_a-readr.o)
 .ARM.attributes
                0x000007ce       0x2d /usr/lib64/gcc/arm-none-eabi/13/../../../../arm-none-eabi/lib/thumb/v7-m/nofp/libc_nano.a(libc_a-writer.o)
 .ARM.attributes
                0x000007fb       0x2d /usr/lib64/gcc/arm-none-eabi/13/../../../../arm-none-eabi/lib/thumb/v7-m/nofp/libc_nano.a(libc_a-errno.o)
 .ARM.attributes
                0x00000828       0x2d /usr/lib64/gcc/arm-none-eabi/13/../../../../arm-none-eabi/lib/thumb/v7-m/nofp/libc_nano.a(libc_a-init.o)
 .ARM.attributes
                0x00000855       0x2d /usr/lib64/gcc/arm-none-eabi/13/../../../../arm-none-eabi/lib/thumb/v7-m/nofp/libc_nano.a(libc_a-fini.o)
 .ARM.attributes
                0x00000882       0x1b /usr/lib64/gcc/arm-none-eabi/13/../../../../arm-none-eabi/lib/thumb/v7-m/nofp/libc_nano.a(libc_a-strcmp.o)
 .ARM.attributes
                0x0000089d       0x2d /usr/lib64/gcc/arm-none-eabi/13/../../../../arm-none-eabi/lib/thumb/v7-m/nofp/libc_nano.a(libc_a-memchr-stub.o)
 .ARM.attributes
                0x000008ca       0x2d /usr/lib64/gcc/arm-none-eabi/13/../../../../arm-none-eabi/lib/thumb/v7-m/nofp/libc_nano.a(libc_a-memcpy-stub.o)
 .ARM.attributes
                0x000008f7       0x17 /usr/lib64/gcc/arm-none-eabi/13/../../../../arm-none-eabi/lib/thumb/v7-m/nofp/libc_nano.a(libc_a-strlen.o)
 .ARM.attributes
                0x0000090e       0x2d /usr/lib64/gcc/arm-none-eabi/13/../../../../arm-none-eabi/lib/thumb/v7-m/nofp/libc_nano.a(libm_a-s_nan.o)
 .ARM.attributes
                0x0000093b       0x2d /usr/lib64/gcc/arm-none-eabi/13/../../../../arm-none-eabi/lib/thumb/v7-m/nofp/libc_nano.a(libm_a-sf_nan.o)
 .ARM.attributes
                0x00000968       0x2d /usr/lib64/gcc/arm-none-eabi/13/../../../../arm-none-eabi/lib/thumb/v7-m/nofp/libc_nano.a(libc_a-__atexit.o)
 .ARM.attributes
                0x00000995       0x2d /usr/lib64/gcc/arm-none-eabi/13/../../../../arm-none-eabi/lib/thumb/v7-m/nofp/libc_nano.a(libc_a-__call_atexit.o)
 .ARM.attributes
                0x000009c2       0x2d /usr/lib64/gcc/arm-none-eabi/13/../../../../arm-none-eabi/lib/thumb/v7-m/nofp/libc_nano.a(libc_a-dtoa.o)
 .ARM.attributes
                0x000009ef       0x2d /usr/lib64/gcc/arm-none-eabi/13/../../../../arm-none-eabi/lib/thumb/v7-m/nofp/libc_nano.a(libc_a-freer.o)
 .ARM.attributes
                0x00000a1c       0x2d /usr/lib64/gcc/arm-none-eabi/13/../../../../arm-none-eabi/lib/thumb/v7-m/nofp/libc_nano.a(libc_a-gdtoa-gethex.o)
 .ARM.attributes
                0x00000a49       0x2d /usr/lib64/gcc/arm-none-eabi/13/../../../../arm-none-eabi/lib/thumb/v7-m/nofp/libc_nano.a(libc_a-gdtoa-hexnan.o)
 .ARM.attributes
                0x00000a76       0x2d /usr/lib64/gcc/arm-none-eabi/13/../../../../arm-none-eabi/lib/thumb/v7-m/nofp/libc_nano.a(libc_a-mallocr.o)
 .ARM.attributes
                0x00000aa3       0x2d /usr/lib64/gcc/arm-none-eabi/13/../../../../arm-none-eabi/lib/thumb/v7-m/nofp/libc_nano.a(libc_a-mbtowc_r.o)
 .ARM.attributes
                0x00000ad0       0x2d /usr/lib64/gcc/arm-none-eabi/13/../../../../arm-none-eabi/lib/thumb/v7-m/nofp/libc_nano.a(libc_a-mlock.o)
 .ARM.attributes
                0x00000afd       0x2d /usr/lib64/gcc/arm-none-eabi/13/../../../../arm-none-eabi/lib/thumb/v7-m/nofp/libc_nano.a(libc_a-mprec.o)
 .ARM.attributes
                0x00000b2a       0x2d /usr/lib64/gcc/arm-none-eabi/13/../../../../arm-none-eabi/lib/thumb/v7-m/nofp/libc_nano.a(libc_a-wctomb_r.o)
 .ARM.attributes
                0x00000b57       0x2d /usr/lib64/gcc/arm-none-eabi/13/../../../../arm-none-eabi/lib/thumb/v7-m/nofp/libc_nano.a(libc_a-nano-svfprintf.o)
 .ARM.attributes
                0x00000b84       0x2d /usr/lib64/gcc/arm-none-eabi/13/../../../../arm-none-eabi/lib/thumb/v7-m/nofp/libc_nano.a(libc_a-fflush.o)
 .ARM.attributes
                0x00000bb1       0x2d /usr/lib64/gcc/arm-none-eabi/13/../../../../arm-none-eabi/lib/thumb/v7-m/nofp/libc_nano.a(libc_a-memmove.o)
 .ARM.attributes
                0x00000bde       0x2d /usr/lib64/gcc/arm-none-eabi/13/../../../../arm-none-eabi/lib/thumb/v7-m/nofp/libc_nano.a(libc_a-sbrkr.o)
 .ARM.attributes
                0x00000c0b       0x2d /usr/lib64/gcc/arm-none-eabi/13/../../../../arm-none-eabi/lib/thumb/v7-m/nofp/libc_nano.a(libc_a-assert.o)
 .ARM.attributes
                0x00000c38       0x2d /usr/lib64/gcc/arm-none-eabi/13/../../../../arm-none-eabi/lib/thumb/v7-m/nofp/libc_nano.a(libc_a-callocr.o)
 .ARM.attributes
                0x00000c65       0x2d /usr/lib64/gcc/arm-none-eabi/13/../../../../arm-none-eabi/lib/thumb/v7-m/nofp/libc_nano.a(libc_a-reallocr.o)
 .ARM.attributes
                0x00000c92       0x2d /usr/lib64/gcc/arm-none-eabi/13/../../../../arm-none-eabi/lib/thumb/v7-m/nofp/libc_nano.a(libc_a-fprintf.o)
 .ARM.attributes
                0x00000cbf       0x2d /usr/lib64/gcc/arm-none-eabi/13/../../../../arm-none-eabi/lib/thumb/v7-m/nofp/libc_nano.a(libc_a-abort.o)
 .ARM.attributes
                0x00000cec       0x2d /usr/lib64/gcc/arm-none-eabi/13/../../../../arm-none-eabi/lib/thumb/v7-m/nofp/libc_nano.a(libc_a-msizer.o)
 .ARM.attributes
                0x00000d19       0x2d /usr/lib64/gcc/arm-none-eabi/13/../../../../arm-none-eabi/lib/thumb/v7-m/nofp/libc_nano.a(libc_a-nano-vfprintf.o)
 .ARM.attributes
                0x00000d46       0x2d /usr/lib64/gcc/arm-none-eabi/13/../../../../arm-none-eabi/lib/thumb/v7-m/nofp/libc_nano.a(libc_a-fvwrite.o)
 .ARM.attributes
                0x00000d73       0x2d /usr/lib64/gcc/arm-none-eabi/13/../../../../arm-none-eabi/lib/thumb/v7-m/nofp/libc_nano.a(libc_a-wbuf.o)
 .ARM.attributes
                0x00000da0       0x2d /usr/lib64/gcc/arm-none-eabi/13/../../../../arm-none-eabi/lib/thumb/v7-m/nofp/libc_nano.a(libc_a-wsetup.o)
 .ARM.attributes
                0x00000dcd       0x2d /usr/lib64/gcc/arm-none-eabi/13/../../../../arm-none-eabi/lib/thumb/v7-m/nofp/libc_nano.a(libc_a-signal.o)
 .ARM.attributes
                0x00000dfa       0x2d /usr/lib64/gcc/arm-none-eabi/13/../../../../arm-none-eabi/lib/thumb/v7-m/nofp/libc_nano.a(libc_a-signalr.o)
 .ARM.attributes
                0x00000e27       0x2d /usr/lib64/gcc/arm-none-eabi/13/../../../../arm-none-eabi/lib/thumb/v7-m/nofp/libc_nano.a(libc_a-makebuf.o)
 .ARM.attributes
                0x00000e54       0x2d /usr/lib64/gcc/arm-none-eabi/13/../../../../arm-none-eabi/lib/thumb/v7-m/nofp/libc_nano.a(libc_a-fstatr.o)
 .ARM.attributes
                0x00000e81       0x2d /usr/lib64/gcc/arm-none-eabi/13/../../../../arm-none-eabi/lib/thumb/v7-m/nofp/libc_nano.a(libc_a-isattyr.o)
 .ARM.attributes
                0x00000eae       0x1d /usr/lib64/gcc/arm-none-eabi/13/thumb/v7-m/nofp/libgcc.a(_arm_muldf3.o)
 .ARM.attributes
                0x00000ecb       0x1d /usr/lib64/gcc/arm-none-eabi/13/thumb/v7-m/nofp/libgcc.a(_arm_muldivdf3.o)
 .ARM.attributes
                0x00000ee8       0x1d /usr/lib64/gcc/arm-none-eabi/13/thumb/v7-m/nofp/libgcc.a(_arm_unorddf2.o)
 .ARM.attributes
                0x00000f05       0x1d /usr/lib64/gcc/arm-none-eabi/13/thumb/v7-m/nofp/libgcc.a(_arm_fixdfsi.o)
 .ARM.attributes
                0x00000f22       0x1d /usr/lib64/gcc/arm-none-eabi/13/thumb/v7-m/nofp/libgcc.a(_arm_cmpsf2.o)
 .ARM.attributes
                0x00000f3f       0x1d /usr/lib64/gcc/arm-none-eabi/13/thumb/v7-m/nofp/libgcc.a(_arm_unordsf2.o)
 .ARM.attributes
                0x00000f5c       0x2d /usr/lib64/gcc/arm-none-eabi/13/thumb/v7-m/nofp/libgcc.a(_fixdfdi.o)
 .ARM.attributes
                0x00000f89       0x2d /usr/lib64/gcc/arm-none-eabi/13/thumb/v7-m/nofp/libgcc.a(_fixunsdfdi.o)
 .ARM.attributes
                0x00000fb6       0x2d /usr/lib64/gcc/arm-none-eabi/13/thumb/v7-m/nofp/crtend.o
 .ARM.attributes
                0x00000fe3       0x1d /usr/lib64/gcc/arm-none-eabi/13/thumb/v7-m/nofp/crtn.o

.comment        0x00000000       0x3b
 .comment       0x00000000       0x3b obj/DMA/buzzer.o
                                 0x1a (size before relaxing)
 .comment       0x0000003b        0x0 obj/i2c/SSD1306.o
                                 0x1a (size before relaxing)
 .comment       0x0000003b        0x0 obj/i2c/aht20.o
                                 0x1a (size before relaxing)
 .comment       0x0000003b        0x0 obj/i2c/i2c.o
                                 0x1a (size before relaxing)
 .comment       0x0000003b        0x0 obj/SPI/SD.o
                                 0x1a (size before relaxing)
 .comment       0x0000003b        0x0 obj/SPI/spi.o
                                 0x1a (size before relaxing)
 .comment       0x0000003b        0x0 obj/core/syscalls.o
                                 0x1a (size before relaxing)
 .comment       0x0000003b        0x0 obj/core/stm32_startup.o
                                 0x1a (size before relaxing)
 .comment       0x0000003b        0x0 obj/core/clock_set.o
                                 0x1a (size before relaxing)
 .comment       0x0000003b        0x0 obj/core/timeout.o
                                 0x1a (size before relaxing)
 .comment       0x0000003b        0x0 obj/core/main.o
                                 0x1a (size before relaxing)
 .comment       0x0000003b        0x0 obj/uart/usart.o
                                 0x1a (size before relaxing)
 .comment       0x0000003b        0x0 obj/uart/neo6m.o
                                 0x1a (size before relaxing)
 .comment       0x0000003b        0x0 obj/uart/a7670.o
                                 0x1a (size before relaxing)
 .comment       0x0000003b        0x0 /usr/lib64/gcc/arm-none-eabi/13/../../../../arm-none-eabi/lib/thumb/v7-m/nofp/libc_nano.a(libc_a-atexit.o)
                                 0x23 (size before relaxing)
 .comment       0x0000003b        0x0 /usr/lib64/gcc/arm-none-eabi/13/../../../../arm-none-eabi/lib/thumb/v7-m/nofp/libc_nano.a(libc_a-atof.o)
                                 0x23 (size before relaxing)
 .comment       0x0000003b        0x0 /usr/lib64/gcc/arm-none-eabi/13/../../../../arm-none-eabi/lib/thumb/v7-m/nofp/libc_nano.a(libc_a-atoi.o)
                                 0x23 (size before relaxing)
 .comment       0x0000003b        0x0 /usr/lib64/gcc/arm-none-eabi/13/../../../../arm-none-eabi/lib/thumb/v7-m/nofp/libc_nano.a(libc_a-exit.o)
                                 0x23 (size before relaxing)
 .comment       0x0000003b        0x0 /usr/lib64/gcc/arm-none-eabi/13/../../../../arm-none-eabi/lib/thumb/v7-m/nofp/libc_nano.a(libc_a-strtod.o)
                                 0x23 (size before relaxing)
 .comment       0x0000003b        0x0 /usr/lib64/gcc/arm-none-eabi/13/../../../../arm-none-eabi/lib/thumb/v7-m/nofp/libc_nano.a(libc_a-strtol.o)
                                 0x23 (size before relaxing)
 .comment       0x0000003b        0x0 /usr/lib64/gcc/arm-none-eabi/13/../../../../arm-none-eabi/lib/thumb/v7-m/nofp/libc_nano.a(libc_a-ctype_.o)
                                 0x23 (size before relaxing)
 .comment       0x0000003b        0x0 /usr/lib64/gcc/arm-none-eabi/13/../../../../arm-none-eabi/lib/thumb/v7-m/nofp/libc_nano.a(libc_a-nano-vfprintf_float.o)
                                 0x23 (size before relaxing)
 .comment       0x0000003b        0x0 /usr/lib64/gcc/arm-none-eabi/13/../../../../arm-none-eabi/lib/thumb/v7-m/nofp/libc_nano.a(libc_a-nano-vfprintf_i.o)
                                 0x23 (size before relaxing)
 .comment       0x0000003b        0x0 /usr/lib64/gcc/arm-none-eabi/13/../../../../arm-none-eabi/lib/thumb/v7-m/nofp/libc_nano.a(libc_a-findfp.o)
                                 0x23 (size before relaxing)
 .comment       0x0000003b        0x0 /usr/lib64/gcc/arm-none-eabi/13/../../../../arm-none-eabi/lib/thumb/v7-m/nofp/libc_nano.a(libc_a-fwalk.o)
                                 0x23 (size before relaxing)
 .comment       0x0000003b        0x0 /usr/lib64/gcc/arm-none-eabi/13/../../../../arm-none-eabi/lib/thumb/v7-m/nofp/libc_nano.a(libc_a-snprintf.o)
                                 0x23 (size before relaxing)
 .comment       0x0000003b        0x0 /usr/lib64/gcc/arm-none-eabi/13/../../../../arm-none-eabi/lib/thumb/v7-m/nofp/libc_nano.a(libc_a-sprintf.o)
                                 0x23 (size before relaxing)
 .comment       0x0000003b        0x0 /usr/lib64/gcc/arm-none-eabi/13/../../../../arm-none-eabi/lib/thumb/v7-m/nofp/libc_nano.a(libc_a-stdio.o)
                                 0x23 (size before relaxing)
 .comment       0x0000003b        0x0 /usr/lib64/gcc/arm-none-eabi/13/../../../../arm-none-eabi/lib/thumb/v7-m/nofp/libc_nano.a(libc_a-memset.o)
                                 0x23 (size before relaxing)
 .comment       0x0000003b        0x0 /usr/lib64/gcc/arm-none-eabi/13/../../../../arm-none-eabi/lib/thumb/v7-m/nofp/libc_nano.a(libc_a-strncmp.o)
                                 0x23 (size before relaxing)
 .comment       0x0000003b        0x0 /usr/lib64/gcc/arm-none-eabi/13/../../../../arm-none-eabi/lib/thumb/v7-m/nofp/libc_nano.a(libc_a-locale.o)
                                 0x23 (size before relaxing)
 .comment       0x0000003b        0x0 /usr/lib64/gcc/arm-none-eabi/13/../../../../arm-none-eabi/lib/thumb/v7-m/nofp/libc_nano.a(libc_a-localeconv.o)
                                 0x23 (size before relaxing)
 .comment       0x0000003b        0x0 /usr/lib64/gcc/arm-none-eabi/13/../../../../arm-none-eabi/lib/thumb/v7-m/nofp/libc_nano.a(libc_a-closer.o)
                                 0x23 (size before relaxing)
 .comment       0x0000003b        0x0 /usr/lib64/gcc/arm-none-eabi/13/../../../../arm-none-eabi/lib/thumb/v7-m/nofp/libc_nano.a(libc_a-reent.o)
                                 0x23 (size before relaxing)
 .comment       0x0000003b        0x0 /usr/lib64/gcc/arm-none-eabi/13/../../../../arm-none-eabi/lib/thumb/v7-m/nofp/libc_nano.a(libc_a-impure.o)
                                 0x23 (size before relaxing)
 .comment       0x0000003b        0x0 /usr/lib64/gcc/arm-none-eabi/13/../../../../arm-none-eabi/lib/thumb/v7-m/nofp/libc_nano.a(libc_a-lseekr.o)
                                 0x23 (size before relaxing)
 .comment       0x0000003b        0x0 /usr/lib64/gcc/arm-none-eabi/13/../../../../arm-none-eabi/lib/thumb/v7-m/nofp/libc_nano.a(libc_a-readr.o)
                                 0x23 (size before relaxing)
 .comment       0x0000003b        0x0 /usr/lib64/gcc/arm-none-eabi/13/../../../../arm-none-eabi/lib/thumb/v7-m/nofp/libc_nano.a(libc_a-writer.o)
                                 0x23 (size before relaxing)
 .comment       0x0000003b        0x0 /usr/lib64/gcc/arm-none-eabi/13/../../../../arm-none-eabi/lib/thumb/v7-m/nofp/libc_nano.a(libc_a-errno.o)
                                 0x23 (size before relaxing)
 .comment       0x0000003b        0x0 /usr/lib64/gcc/arm-none-eabi/13/../../../../arm-none-eabi/lib/thumb/v7-m/nofp/libc_nano.a(libc_a-init.o)
                                 0x23 (size before relaxing)
 .comment       0x0000003b        0x0 /usr/lib64/gcc/arm-none-eabi/13/../../../../arm-none-eabi/lib/thumb/v7-m/nofp/libc_nano.a(libc_a-fini.o)
                                 0x23 (size before relaxing)
 .comment       0x0000003b        0x0 /usr/lib64/gcc/arm-none-eabi/13/../../../../arm-none-eabi/lib/thumb/v7-m/nofp/libc_nano.a(libc_a-memchr-stub.o)
                                 0x23 (size before relaxing)
 .comment       0x0000003b        0x0 /usr/lib64/gcc/arm-none-eabi/13/../../../../arm-none-eabi/lib/thumb/v7-m/nofp/libc_nano.a(libc_a-memcpy-stub.o)
                                 0x23 (size before relaxing)
 .comment       0x0000003b        0x0 /usr/lib64/gcc/arm-none-eabi/13/../../../../arm-none-eabi/lib/thumb/v7-m/nofp/libc_nano.a(libm_a-s_nan.o)
                                 0x23 (size before relaxing)
 .comment       0x0000003b        0x0 /usr/lib64/gcc/arm-none-eabi/13/../../../../arm-none-eabi/lib/thumb/v7-m/nofp/libc_nano.a(libm_a-sf_nan.o)
                                 0x23 (size before relaxing)
 .comment       0x0000003b        0x0 /usr/lib64/gcc/arm-none-eabi/13/../../../../arm-none-eabi/lib/thumb/v7-m/nofp/libc_nano.a(libc_a-__atexit.o)
                                 0x23 (size before relaxing)
 .comment       0x0000003b        0x0 /usr/lib64/gcc/arm-none-eabi/13/../../../../arm-none-eabi/lib/thumb/v7-m/nofp/libc_nano.a(libc_a-__call_atexit.o)
                                 0x23 (size before relaxing)
 .comment       0x0000003b        0x0 /usr/lib64/gcc/arm-none-eabi/13/../../../../arm-none-eabi/lib/thumb/v7-m/nofp/libc_nano.a(libc_a-dtoa.o)
                                 0x23 (size before relaxing)
 .comment       0x0000003b        0x0 /usr/lib64/gcc/arm-none-eabi/13/../../../../arm-none-eabi/lib/thumb/v7-m/nofp/libc_nano.a(libc_a-freer.o)
                                 0x23 (size before relaxing)
 .comment       0x0000003b        0x0 /usr/lib64/gcc/arm-none-eabi/13/../../../../arm-none-eabi/lib/thumb/v7-m/nofp/libc_nano.a(libc_a-gdtoa-gethex.o)
                                 0x23 (size before relaxing)
 .comment       0x0000003b        0x0 /usr/lib64/gcc/arm-none-eabi/13/../../../../arm-none-eabi/lib/thumb/v7-m/nofp/libc_nano.a(libc_a-gdtoa-hexnan.o)
                                 0x23 (size before relaxing)
 .comment       0x0000003b        0x0 /usr/lib64/gcc/arm-none-eabi/13/../../../../arm-none-eabi/lib/thumb/v7-m/nofp/libc_nano.a(libc_a-mallocr.o)
                                 0x23 (size before relaxing)
 .comment       0x0000003b        0x0 /usr/lib64/gcc/arm-none-eabi/13/../../../../arm-none-eabi/lib/thumb/v7-m/nofp/libc_nano.a(libc_a-mbtowc_r.o)
                                 0x23 (size before relaxing)
 .comment       0x0000003b        0x0 /usr/lib64/gcc/arm-none-eabi/13/../../../../arm-none-eabi/lib/thumb/v7-m/nofp/libc_nano.a(libc_a-mlock.o)
                                 0x23 (size before relaxing)
 .comment       0x0000003b        0x0 /usr/lib64/gcc/arm-none-eabi/13/../../../../arm-none-eabi/lib/thumb/v7-m/nofp/libc_nano.a(libc_a-mprec.o)
                                 0x23 (size before relaxing)
 .comment       0x0000003b        0x0 /usr/lib64/gcc/arm-none-eabi/13/../../../../arm-none-eabi/lib/thumb/v7-m/nofp/libc_nano.a(libc_a-wctomb_r.o)
                                 0x23 (size before relaxing)
 .comment       0x0000003b        0x0 /usr/lib64/gcc/arm-none-eabi/13/../../../../arm-none-eabi/lib/thumb/v7-m/nofp/libc_nano.a(libc_a-nano-svfprintf.o)
                                 0x23 (size before relaxing)
 .comment       0x0000003b        0x0 /usr/lib64/gcc/arm-none-eabi/13/../../../../arm-none-eabi/lib/thumb/v7-m/nofp/libc_nano.a(libc_a-fflush.o)
                                 0x23 (size before relaxing)
 .comment       0x0000003b        0x0 /usr/lib64/gcc/arm-none-eabi/13/../../../../arm-none-eabi/lib/thumb/v7-m/nofp/libc_nano.a(libc_a-memmove.o)
                                 0x23 (size before relaxing)
 .comment       0x0000003b        0x0 /usr/lib64/gcc/arm-none-eabi/13/../../../../arm-none-eabi/lib/thumb/v7-m/nofp/libc_nano.a(libc_a-sbrkr.o)
                                 0x23 (size before relaxing)
 .comment       0x0000003b        0x0 /usr/lib64/gcc/arm-none-eabi/13/../../../../arm-none-eabi/lib/thumb/v7-m/nofp/libc_nano.a(libc_a-assert.o)
                                 0x23 (size before relaxing)
 .comment       0x0000003b        0x0 /usr/lib64/gcc/arm-none-eabi/13/../../../../arm-none-eabi/lib/thumb/v7-m/nofp/libc_nano.a(libc_a-callocr.o)
                                 0x23 (size before relaxing)