Archive member included to satisfy reference by file (symbol)

/usr/lib64/gcc/arm-none-eabi/13/thumb/v7-m/nofp/libgcc.a(_arm_mulsf3.o)
                              obj/i2c/aht20.o (__aeabi_fmul)
/usr/lib64/gcc/arm-none-eabi/13/thumb/v7-m/nofp/libgcc.a(_arm_fixunsdfsi.o)
                              obj/uart/neo6m.o (__aeabi_d2uiz)
/usr/lib64/gcc/arm-none-eabi/13/thumb/v7-m/nofp/libgcc.a(_arm_addsubsf3.o)
                              obj/i2c/aht20.o (__aeabi_fsub)
/usr/lib64/gcc/arm-none-eabi/13/thumb/v7-m/nofp/libgcc.a(_arm_muldivsf3.o)
                              obj/i2c/aht20.o (__aeabi_fdiv)
/usr/lib64/gcc/arm-none-eabi/13/../../../../arm-none-eabi/lib/thumb/v7-m/nofp/libc_nano.a(libc_a-atexit.o)
                              /usr/lib64/gcc/arm-none-eabi/13/../../../../arm-none-eabi/lib/thumb/v7-m/nofp/crt0.o (atexit)
/usr/lib64/gcc/arm-none-eabi/13/../../../../arm-none-eabi/lib/thumb/v7-m/nofp/libc_nano.a(libc_a-atof.o)
                              obj/uart/neo6m.o (atof)
/usr/lib64/gcc/arm-none-eabi/13/../../../../arm-none-eabi/lib/thumb/v7-m/nofp/libc_nano.a(libc_a-atoi.o)
                              obj/uart/neo6m.o (atoi)
/usr/lib64/gcc/arm-none-eabi/13/../../../../arm-none-eabi/lib/thumb/v7-m/nofp/libc_nano.a(libc_a-exit.o)
                              /usr/lib64/gcc/arm-none-eabi/13/../../../../arm-none-eabi/lib/thumb/v7-m/nofp/crt0.o (exit)
/usr/lib64/gcc/arm-none-eabi/13/../../../../arm-none-eabi/lib/thumb/v7-m/nofp/libc_nano.a(libc_a-strtod.o)
                              /usr/lib64/gcc/arm-none-eabi/13/../../../../arm-none-eabi/lib/thumb/v7-m/nofp/libc_nano.a(libc_a-atof.o) (strtod)
/usr/lib64/gcc/arm-none-eabi/13/../../../../arm-none-eabi/lib/thumb/v7-m/nofp/libc_nano.a(libc_a-strtol.o)
                              /usr/lib64/gcc/arm-none-eabi/13/../../../../arm-none-eabi/lib/thumb/v7-m/nofp/libc_nano.a(libc_a-atoi.o) (_strtol_r)
/usr/lib64/gcc/arm-none-eabi/13/../../../../arm-none-eabi/lib/thumb/v7-m/nofp/libc_nano.a(libc_a-ctype_.o)
                              /usr/lib64/gcc/arm-none-eabi/13/../../../../arm-none-eabi/lib/thumb/v7-m/nofp/libc_nano.a(libc_a-strtol.o) (_ctype_)
/usr/lib64/gcc/arm-none-eabi/13/../../../../arm-none-eabi/lib/thumb/v7-m/nofp/libc_nano.a(libc_a-nano-vfprintf_float.o)
                              (_printf_float)
/usr/lib64/gcc/arm-none-eabi/13/../../../../arm-none-eabi/lib/thumb/v7-m/nofp/libc_nano.a(libc_a-nano-vfprintf_i.o)
                              /usr/lib64/gcc/arm-none-eabi/13/../../../../arm-none-eabi/lib/thumb/v7-m/nofp/libc_nano.a(libc_a-nano-vfprintf_float.o) (_printf_common)
/usr/lib64/gcc/arm-none-eabi/13/../../../../arm-none-eabi/lib/thumb/v7-m/nofp/libc_nano.a(libc_a-findfp.o)
                              /usr/lib64/gcc/arm-none-eabi/13/../../../../arm-none-eabi/lib/thumb/v7-m/nofp/libc_nano.a(libc_a-exit.o) (__stdio_exit_handler)
/usr/lib64/gcc/arm-none-eabi/13/../../../../arm-none-eabi/lib/thumb/v7-m/nofp/libc_nano.a(libc_a-fwalk.o)
                              /usr/lib64/gcc/arm-none-eabi/13/../../../../arm-none-eabi/lib/thumb/v7-m/nofp/libc_nano.a(libc_a-findfp.o) (_fwalk_sglue)
/usr/lib64/gcc/arm-none-eabi/13/../../../../arm-none-eabi/lib/thumb/v7-m/nofp/libc_nano.a(libc_a-stdio.o)
                              /usr/lib64/gcc/arm-none-eabi/13/../../../../arm-none-eabi/lib/thumb/v7-m/nofp/libc_nano.a(libc_a-findfp.o) (__sread)
/usr/lib64/gcc/arm-none-eabi/13/../../../../arm-none-eabi/lib/thumb/v7-m/nofp/libc_nano.a(libc_a-memset.o)
                              /usr/lib64/gcc/arm-none-eabi/13/../../../../arm-none-eabi/lib/thumb/v7-m/nofp/crt0.o (memset)
/usr/lib64/gcc/arm-none-eabi/13/../../../../arm-none-eabi/lib/thumb/v7-m/nofp/libc_nano.a(libc_a-strncmp.o)
                              obj/uart/neo6m.o (strncmp)
/usr/lib64/gcc/arm-none-eabi/13/../../../../arm-none-eabi/lib/thumb/v7-m/nofp/libc_nano.a(libc_a-locale.o)
                              /usr/lib64/gcc/arm-none-eabi/13/../../../../arm-none-eabi/lib/thumb/v7-m/nofp/libc_nano.a(libc_a-strtod.o) (__global_locale)
/usr/lib64/gcc/arm-none-eabi/13/../../../../arm-none-eabi/lib/thumb/v7-m/nofp/libc_nano.a(libc_a-localeconv.o)
                              /usr/lib64/gcc/arm-none-eabi/13/../../../../arm-none-eabi/lib/thumb/v7-m/nofp/libc_nano.a(libc_a-nano-vfprintf_float.o) (_localeconv_r)
/usr/lib64/gcc/arm-none-eabi/13/../../../../arm-none-eabi/lib/thumb/v7-m/nofp/libc_nano.a(libc_a-closer.o)
                              /usr/lib64/gcc/arm-none-eabi/13/../../../../arm-none-eabi/lib/thumb/v7-m/nofp/libc_nano.a(libc_a-stdio.o) (_close_r)
/usr/lib64/gcc/arm-none-eabi/13/../../../../arm-none-eabi/lib/thumb/v7-m/nofp/libc_nano.a(libc_a-reent.o)
                              /usr/lib64/gcc/arm-none-eabi/13/../../../../arm-none-eabi/lib/thumb/v7-m/nofp/libc_nano.a(libc_a-closer.o) (errno)
/usr/lib64/gcc/arm-none-eabi/13/../../../../arm-none-eabi/lib/thumb/v7-m/nofp/libc_nano.a(libc_a-impure.o)
[...]
Memory Configuration

Name             Origin             Length             Attributes
FLASH            0x08000000         0x00020000         xr
SRAM             0x20000000         0x00005000         xrw
*default*        0x00000000         0xffffffff

Linker script and memory map

LOAD /usr/lib64/gcc/arm-none-eabi/13/thumb/v7-m/nofp/crti.o
LOAD /usr/lib64/gcc/arm-none-eabi/13/thumb/v7-m/nofp/crtbegin.o
LOAD /usr/lib64/gcc/arm-none-eabi/13/../../../../arm-none-eabi/lib/thumb/v7-m/nofp/crt0.o
LOAD /usr/lib64/gcc/arm-none-eabi/13/../../../../arm-none-eabi/lib/thumb/v7-m/nofp/libm.a
LOAD obj/DMA/buzzer.o
LOAD obj/i2c/aht20.o
LOAD obj/i2c/i2c.o
LOAD obj/core/syscalls.o
LOAD obj/core/stm32_startup.o
LOAD obj/core/clock_set.o
LOAD obj/core/timeout.o
LOAD obj/core/main.o
LOAD obj/uart/usart.o
LOAD obj/uart/neo6m.o
LOAD obj/uart/a7670.o
LOAD /usr/lib64/gcc/arm-none-eabi/13/../../../../arm-none-eabi/lib/thumb/v7-m/nofp/libm.a
START GROUP
LOAD /usr/lib64/gcc/arm-none-eabi/13/thumb/v7-m/nofp/libgcc.a
LOAD /usr/lib64/gcc/arm-none-eabi/13/../../../../arm-none-eabi/lib/thumb/v7-m/nofp/libc_nano.a
END GROUP
START GROUP
LOAD /usr/lib64/gcc/arm-none-eabi/13/thumb/v7-m/nofp/libgcc.a
LOAD /usr/lib64/gcc/arm-none-eabi/13/../../../../arm-none-eabi/lib/thumb/v7-m/nofp/libc_nano.a
LOAD /usr/lib64/gcc/arm-none-eabi/13/../../../../arm-none-eabi/lib/thumb/v7-m/nofp/libnosys.a
END GROUP
START GROUP
LOAD /usr/lib64/gcc/arm-none-eabi/13/thumb/v7-m/nofp/libgcc.a
LOAD /usr/lib64/gcc/arm-none-eabi/13/../../../../arm-none-eabi/lib/thumb/v7-m/nofp/libc_nano.a
LOAD /usr/lib64/gcc/arm-none-eabi/13/../../../../arm-none-eabi/lib/thumb/v7-m/nofp/libnosys.a
END GROUP
LOAD /usr/lib64/gcc/arm-none-eabi/13/thumb/v7-m/nofp/crtend.o
LOAD /usr/lib64/gcc/arm-none-eabi/13/thumb/v7-m/nofp/crtn.o
                0x20005000                        _estack = (ORIGIN (SRAM) + LENGTH (SRAM))
                0x00000000                        _Min_Heap_Size = 0x0
                0x00000800                        _Min_Stack_Size = 0x800

.text           0x08000000    0x16fd8
                0x08000000                        . = ALIGN (0x8)
 *(.isr_vector)
 .isr_vector    0x08000000      0x130 obj/core/stm32_startup.o
                0x08000000                vectors
 *(.text)
 .text          0x08000130        0x0 /usr/lib64/gcc/arm-none-eabi/13/thumb/v7-m/nofp/crti.o
 .text          0x08000130       0x88 /usr/lib64/gcc/arm-none-eabi/13/thumb/v7-m/nofp/crtbegin.o
 .text          0x080001b8       0xf0 /usr/lib64/gcc/arm-none-eabi/13/../../../../arm-none-eabi/lib/thumb/v7-m/nofp/crt0.o
                0x080001b8                _stack_init
                0x080001c4                _mainCRTStartup
                0x080001c4                _start
 .text          0x080002a8      0x21c obj/DMA/buzzer.o
                0x080002a8                fill_buffer
                0x08000330                TIM3_setup
                0x0800046c                DMA1_Channel3_IRQHandler
 .text          0x080004c4      0x174 obj/i2c/aht20.o
                0x080004c4                AHT20_init_sequence
                0x08000518                AHT20_trigger_measurement
                0x0800053e                AHT20_read_results
                0x08000580                AHT20_calculate_data
 .text          0x08000638      0x294 obj/i2c/i2c.o
                0x08000638                i2c1_init
                0x0800073c                i2c1_start
                0x080007d4                i2c1_write
                0x08000804                i2c1_stop
                0x0800084c                i2c1_read
 .text          0x080008cc      0x278 obj/core/syscalls.o
                0x080008cc                initialise_monitor_handles
                0x080008d8                _getpid
                0x080008e6                _kill
                0x08000906                _exit
                0x0800091c                _read
                0x08000956                _write
                0x0800098e                _fputwc_r
                0x080009a6                _close
                0x080009bc                _fstat
                0x080009da                _isatty
                0x080009ee                _lseek
                0x08000a06                _open
                0x08000a20                _wait
                0x08000a3e                _unlink
                0x08000a5c                _times
                0x08000a72                _stat
                0x08000a90                _link
                0x08000ab0                _fork
                0x08000ac6                _execve
                0x08000ae8                _sbrk
 .text          0x08000b44       0x94 obj/core/stm32_startup.o
                0x08000b44                EXTI2_IRQHandler
                0x08000b44                TIM8_TRG_COM_IRQHandler
                0x08000b44                TIM8_CC_IRQHandler
                0x08000b44                SVCall_Handler
                0x08000b44                DebugMon_Handler
                0x08000b44                TIM1_CC_IRQHandler
                0x08000b44                TIM6_IRQHandler
                0x08000b44                SysTick_Handler
                0x08000b44                PVD_IRQHandler
                0x08000b44                SDIO_IRQHandler
                0x08000b44                PendSV_Handler
                0x08000b44                NMI_Handler
                0x08000b44                EXTI3_IRQHandler
                0x08000b44                USB_HP_CAN_TX_IRQHandler
                0x08000b44                EXTI0_IRQHandler
                0x08000b44                I2C2_EV_IRQHandler
                0x08000b44                UsageFault_Handler
                0x08000b44                ADC1_2_IRQHandler
                0x08000b44                SPI1_IRQHandler
                0x08000b44                CAN_SCE_IRQHandler
                0x08000b44                TAMPER_IRQHandler
                0x08000b44                TIM8_UP_IRQHandler
                0x08000b44                DMA2_Channel2_IRQHandler
                0x08000b44                DMA1_Channel4_IRQHandler
                0x08000b44                USART3_IRQHandler
                0x08000b44                RTC_IRQHandler
                0x08000b44                DMA1_Channel7_IRQHandler
                0x08000b44                UART5_IRQHandler
                0x08000b44                ADC3_IRQHandler
                0x08000b44                USBWakeup_IRQHandler
                0x08000b44                TIM4_IRQHandler
                0x08000b44                CAN_RX1_IRQHandler
                0x08000b44                DMA2_Channel1_IRQHandler
                0x08000b44                I2C1_EV_IRQHandler
                0x08000b44                DMA1_Channel6_IRQHandler
                0x08000b44                UART4_IRQHandler
                0x08000b44                TIM3_IRQHandler
                0x08000b44                RCC_IRQHandler
                0x08000b44                TIM1_TRG_COM_IRQHandler
                0x08000b44                DMA1_Channel1_IRQHandler
                0x08000b44                Default_Handler
                0x08000b44                EXTI15_10_IRQHandler
                0x08000b44                TIM7_IRQHandler
                0x08000b44                TIM5_IRQHandler
                0x08000b44                EXTI9_5_IRQHandler
                0x08000b44                SPI2_IRQHandler
                0x08000b44                USB_LP_CAN_RX0_IRQHandler
                0x08000b44                MemManage_Handler
                0x08000b44                DMA1_Channel5_IRQHandler
                0x08000b44                EXTI4_IRQHandler
                0x08000b44                FSMC_IRQHandler
                0x08000b44                TIM1_UP_IRQHandler
                0x08000b44                WWDG_IRQHandler
                0x08000b44                TIM2_IRQHandler
                0x08000b44                TIM1_BRK_IRQHandler
                0x08000b44                EXTI1_IRQHandler
                0x08000b44                RTCAlarm_IRQHandler
                0x08000b44                DMA2_Channel4_5_IRQHandler
                0x08000b44                USART2_IRQHandler
                0x08000b44                I2C2_ER_IRQHandler
                0x08000b44                DMA1_Channel2_IRQHandler
                0x08000b44                TIM8_BRK_IRQHandler
                0x08000b44                FLASH_IRQHandler
                0x08000b44                BusFault_Handler
                0x08000b44                USART1_IRQHandler
                0x08000b44                SPI3_IRQHandler
                0x08000b44                I2C1_ER_IRQHandler
                0x08000b44                DMA2_Channel3_IRQHandler
                0x08000b4c                HardFault_Handler
                0x08000b54                Reset_Handler
 .text          0x08000bd8       0xd4 obj/core/clock_set.o
                0x08000bd8                clock_setup
 .text          0x08000cac       0x94 obj/core/timeout.o
                0x08000cac                ticks_init
                0x08000cd8                delay
 .text          0x08000d40      0x10c obj/core/main.o
                0x08000d40                LED_init
                0x08000d88                LED_toggle
                0x08000da4                A7670_test
                0x08000de8                A7670_init
                0x08000e10                main
 .text          0x08000e4c      0x158 obj/uart/usart.o
                0x08000e4c                usart1_init
                0x08000eec                usart1_send
                0x08000f1c                usart1_send_string
                0x08000f48                usart1_receive
 .text          0x08000fa4      0x27c obj/uart/neo6m.o
                0x08000ff6                NEO6M_read_gps_string
                0x080010d0                NEO6M_format_gps_data
 .text          0x08001220      0x36c obj/uart/a7670.o
                0x08001272                A7670E_poweron
                0x080012c8                A7670E_send_sms
                0x08001394                A7670_read_gps_string
                0x0800146c                A7670_format_gps_data
 .text          0x0800158c      0x168 /usr/lib64/gcc/arm-none-eabi/13/thumb/v7-m/nofp/libgcc.a(_arm_mulsf3.o)
 .text          0x080016f4       0x40 /usr/lib64/gcc/arm-none-eabi/13/thumb/v7-m/nofp/libgcc.a(_arm_fixunsdfsi.o)
                0x080016f4                __fixunsdfsi
                0x080016f4                __aeabi_d2uiz
 .text          0x08001734      0x21c /usr/lib64/gcc/arm-none-eabi/13/thumb/v7-m/nofp/libgcc.a(_arm_addsubsf3.o)
                0x08001734                __aeabi_frsub
                0x0800173c                __subsf3
                0x0800173c                __aeabi_fsub
                0x08001740                __aeabi_fadd
                0x08001740                __addsf3
                0x080018a0                __aeabi_ui2f
                0x080018a0                __floatunsisf
                0x080018a8                __aeabi_i2f
                0x080018a8                __floatsisf
                0x080018c4                __floatundisf
                0x080018c4                __aeabi_ul2f
                0x080018d4                __floatdisf
                0x080018d4                __aeabi_l2f
 .text          0x08001950      0x2a0 /usr/lib64/gcc/arm-none-eabi/13/thumb/v7-m/nofp/libgcc.a(_arm_muldivsf3.o)
                0x08001950                __mulsf3
                0x08001950                __aeabi_fmul
                0x08001ab8                __divsf3
                0x08001ab8                __aeabi_fdiv
 .text          0x08001bf0        0xc /usr/lib64/gcc/arm-none-eabi/13/../../../../arm-none-eabi/lib/thumb/v7-m/nofp/libc_nano.a(libc_a-atexit.o)
                0x08001bf0                atexit
 .text          0x08001bfc        0x6 /usr/lib64/gcc/arm-none-eabi/13/../../../../arm-none-eabi/lib/thumb/v7-m/nofp/libc_nano.a(libc_a-atof.o)
                0x08001bfc                atof
 .text          0x08001c02       0x10 /usr/lib64/gcc/arm-none-eabi/13/../../../../arm-none-eabi/lib/thumb/v7-m/nofp/libc_nano.a(libc_a-atoi.o)
                0x08001c02                atoi
                0x08001c0a                _atoi_r
 *fill*         0x08001c12        0x2 
 .text          0x08001c14       0x24 /usr/lib64/gcc/arm-none-eabi/13/../../../../arm-none-eabi/lib/thumb/v7-m/nofp/libc_nano.a(libc_a-exit.o)
                0x08001c14                exit
 .text          0x08001c38      0xd80 /usr/lib64/gcc/arm-none-eabi/13/../../../../arm-none-eabi/lib/thumb/v7-m/nofp/libc_nano.a(libc_a-strtod.o)
                0x08001c7a                _strtod_l
                0x08002830                _strtod_r
                0x0800283c                strtod_l
                0x08002850                strtod
                0x08002868                strtof_l
                0x08002908                strtof
 .text          0x080029b8      0x118 /usr/lib64/gcc/arm-none-eabi/13/../../../../arm-none-eabi/lib/thumb/v7-m/nofp/libc_nano.a(libc_a-strtol.o)
                0x08002aac                _strtol_r
                0x08002aae                strtol_l
                0x08002ac0                strtol
 .text          0x08002ad0        0x0 /usr/lib64/gcc/arm-none-eabi/13/../../../../arm-none-eabi/lib/thumb/v7-m/nofp/libc_nano.a(libc_a-ctype_.o)
 .text          0x08002ad0      0x58c /usr/lib64/gcc/arm-none-eabi/13/../../../../arm-none-eabi/lib/thumb/v7-m/nofp/libc_nano.a(libc_a-nano-vfprintf_float.o)
                0x08002ad0                __cvt
                0x08002b92                __exponent
                0x08002c0a                _printf_float
 .text          0x0800305c      0x33c /usr/lib64/gcc/arm-none-eabi/13/../../../../arm-none-eabi/lib/thumb/v7-m/nofp/libc_nano.a(libc_a-nano-vfprintf_i.o)
                0x0800305c                _printf_common
                0x08003146                _printf_i
 .text          0x08003398      0x1b8 /usr/lib64/gcc/arm-none-eabi/13/../../../../arm-none-eabi/lib/thumb/v7-m/nofp/libc_nano.a(libc_a-findfp.o)
                0x08003478                __sfp
                0x08003508                __sinit
                0x08003524                __sfp_lock_acquire
                0x08003526                __sfp_lock_release
                0x08003528                __fp_lock_all
                0x0800353c                __fp_unlock_all
 .text          0x08003550       0x3a /usr/lib64/gcc/arm-none-eabi/13/../../../../arm-none-eabi/lib/thumb/v7-m/nofp/libc_nano.a(libc_a-fwalk.o)
                0x08003550                _fwalk_sglue
 .text          0x0800358a       0x8c /usr/lib64/gcc/arm-none-eabi/13/../../../../arm-none-eabi/lib/thumb/v7-m/nofp/libc_nano.a(libc_a-stdio.o)
                0x0800358a                __sread
                0x080035ac                __seofread
                0x080035b0                __swrite
                0x080035e8                __sseek
                0x0800360e                __sclose
 .text          0x08003616       0x10 /usr/lib64/gcc/arm-none-eabi/13/../../../../arm-none-eabi/lib/thumb/v7-m/nofp/libc_nano.a(libc_a-memset.o)
                0x08003616                memset
 .text          0x08003626       0x24 /usr/lib64/gcc/arm-none-eabi/13/../../../../arm-none-eabi/lib/thumb/v7-m/nofp/libc_nano.a(libc_a-strncmp.o)
                0x08003626                strncmp
 *fill*         0x0800364a        0x2 
 .text          0x0800364c       0x58 /usr/lib64/gcc/arm-none-eabi/13/../../../../arm-none-eabi/lib/thumb/v7-m/nofp/libc_nano.a(libc_a-locale.o)
                0x0800364c                _setlocale_r
                0x08003688                __locale_mb_cur_max
                0x08003694                setlocale
 .text          0x080036a4       0x14 /usr/lib64/gcc/arm-none-eabi/13/../../../../arm-none-eabi/lib/thumb/v7-m/nofp/libc_nano.a(libc_a-localeconv.o)
                0x080036a4                __localeconv_l
                0x080036a8                _localeconv_r
                0x080036b0                localeconv
 .text          0x080036b8       0x20 /usr/lib64/gcc/arm-none-eabi/13/../../../../arm-none-eabi/lib/thumb/v7-m/nofp/libc_nano.a(libc_a-closer.o)
                0x080036b8                _close_r
 .text          0x080036d8       0x68 /usr/lib64/gcc/arm-none-eabi/13/../../../../arm-none-eabi/lib/thumb/v7-m/nofp/libc_nano.a(libc_a-reent.o)
                0x080036d8                _reclaim_reent
 .text          0x08003740        0x0 /usr/lib64/gcc/arm-none-eabi/13/../../../../arm-none-eabi/lib/thumb/v7-m/nofp/libc_nano.a(libc_a-impure.o)
 .text          0x08003740       0x24 /usr/lib64/gcc/arm-none-eabi/13/../../../../arm-none-eabi/lib/thumb/v7-m/nofp/libc_nano.a(libc_a-lseekr.o)
                0x08003740                _lseek_r
 .text          0x08003764       0x24 /usr/lib64/gcc/arm-none-eabi/13/../../../../arm-none-eabi/lib/thumb/v7-m/nofp/libc_nano.a(libc_a-readr.o)
                0x08003764                _read_r
 .text          0x08003788       0x24 /usr/lib64/gcc/arm-none-eabi/13/../../../../arm-none-eabi/lib/thumb/v7-m/nofp/libc_nano.a(libc_a-writer.o)
                0x08003788                _write_r
 .text          0x080037ac        0xc /usr/lib64/gcc/arm-none-eabi/13/../../../../arm-none-eabi/lib/thumb/v7-m/nofp/libc_nano.a(libc_a-errno.o)
                0x080037ac                __errno
 .text          0x080037b8       0x48 /usr/lib64/gcc/arm-none-eabi/13/../../../../arm-none-eabi/lib/thumb/v7-m/nofp/libc_nano.a(libc_a-init.o)
                0x080037b8                __libc_init_array
 .text          0x08003800       0x28 /usr/lib64/gcc/arm-none-eabi/13/../../../../arm-none-eabi/lib/thumb/v7-m/nofp/libc_nano.a(libc_a-fini.o)
                0x08003800                __libc_fini_array
 .text          0x08003828       0x14 /usr/lib64/gcc/arm-none-eabi/13/../../../../arm-none-eabi/lib/thumb/v7-m/nofp/libc_nano.a(libc_a-strcmp.o)
                0x08003828                strcmp
 .text          0x0800383c       0x1c /usr/lib64/gcc/arm-none-eabi/13/../../../../arm-none-eabi/lib/thumb/v7-m/nofp/libc_nano.a(libc_a-memchr-stub.o)
                0x0800383c                memchr
 .text          0x08003858       0x1c /usr/lib64/gcc/arm-none-eabi/13/../../../../arm-none-eabi/lib/thumb/v7-m/nofp/libc_nano.a(libc_a-memcpy-stub.o)
                0x08003858                memcpy
 .text          0x08003874       0x10 /usr/lib64/gcc/arm-none-eabi/13/../../../../arm-none-eabi/lib/thumb/v7-m/nofp/libc_nano.a(libc_a-strlen.o)
                0x08003874                strlen
 .text          0x08003884        0xc /usr/lib64/gcc/arm-none-eabi/13/../../../../arm-none-eabi/lib/thumb/v7-m/nofp/libc_nano.a(libm_a-s_nan.o)
                0x08003884                nan
 .text          0x08003890        0x8 /usr/lib64/gcc/arm-none-eabi/13/../../../../arm-none-eabi/lib/thumb/v7-m/nofp/libc_nano.a(libm_a-sf_nan.o)
                0x08003890                nanf
 .text          0x08003898       0x58 /usr/lib64/gcc/arm-none-eabi/13/../../../../arm-none-eabi/lib/thumb/v7-m/nofp/libc_nano.a(libc_a-__atexit.o)
                0x08003898                __register_exitproc
 .text          0x080038f0       0x98 /usr/lib64/gcc/arm-none-eabi/13/../../../../arm-none-eabi/lib/thumb/v7-m/nofp/libc_nano.a(libc_a-__call_atexit.o)
                0x080038f0                __call_exitprocs
 .text          0x08003988      0xc84 /usr/lib64/gcc/arm-none-eabi/13/../../../../arm-none-eabi/lib/thumb/v7-m/nofp/libc_nano.a(libc_a-dtoa.o)
                0x08003a98                _dtoa_r
 .text          0x0800460c       0x94 /usr/lib64/gcc/arm-none-eabi/13/../../../../arm-none-eabi/lib/thumb/v7-m/nofp/libc_nano.a(libc_a-freer.o)
                0x0800460c                _free_r
 .text          0x080046a0      0x4e4 /usr/lib64/gcc/arm-none-eabi/13/../../../../arm-none-eabi/lib/thumb/v7-m/nofp/libc_nano.a(libc_a-gdtoa-gethex.o)
                0x08004742                __hexdig_fun
                0x0800476c                __gethex
 .text          0x08004b84      0x186 /usr/lib64/gcc/arm-none-eabi/13/../../../../arm-none-eabi/lib/thumb/v7-m/nofp/libc_nano.a(libc_a-gdtoa-hexnan.o)
                0x08004ba8                __match
                0x08004bd2                __hexnan
 *fill*         0x08004d0a        0x2 
 .text          0x08004d0c      0x13c /usr/lib64/gcc/arm-none-eabi/13/../../../../arm-none-eabi/lib/thumb/v7-m/nofp/libc_nano.a(libc_a-mallocr.o)
                0x08004d50                _malloc_r
 .text          0x08004e48       0x34 /usr/lib64/gcc/arm-none-eabi/13/../../../../arm-none-eabi/lib/thumb/v7-m/nofp/libc_nano.a(libc_a-mbtowc_r.o)
                0x08004e48                _mbtowc_r
                0x08004e58                __ascii_mbtowc
 .text          0x08004e7c        0x4 /usr/lib64/gcc/arm-none-eabi/13/../../../../arm-none-eabi/lib/thumb/v7-m/nofp/libc_nano.a(libc_a-mlock.o)
                0x08004e7c                __malloc_lock
                0x08004e7e                __malloc_unlock
 .text          0x08004e80      0x910 /usr/lib64/gcc/arm-none-eabi/13/../../../../arm-none-eabi/lib/thumb/v7-m/nofp/libc_nano.a(libc_a-mprec.o)
                0x08004e80                _Balloc
                0x08004eca                _Bfree
                0x08004edc                __multadd
                0x08004f68                __s2b
                0x08004ffc                __hi0bits
                0x08005038                __lo0bits
                0x08005094                __i2b
                0x080050c0                __multiply
                0x0800522c                __pow5mult
                0x080052b0                __lshift
                0x08005394                __mcmp
                0x080053ca                __mdiff
                0x080054fc                __ulp
                0x0800553c                __b2d
                0x080055cc                __d2b
                0x0800567c                __ratio
                0x080056d0                _mprec_log10
                0x08005708                __copybits
                0x0800574e                __any_on
 .text          0x08005790       0x2c /usr/lib64/gcc/arm-none-eabi/13/../../../../arm-none-eabi/lib/thumb/v7-m/nofp/libc_nano.a(libc_a-wctomb_r.o)
                0x08005790                _wctomb_r
                0x080057a0                __ascii_wctomb
 .text          0x080057bc      0x150 /usr/lib64/gcc/arm-none-eabi/13/../../../../arm-none-eabi/lib/thumb/v7-m/nofp/libc_nano.a(libc_a-fflush.o)
                0x080057bc                __sflush_r
                0x080058c0                _fflush_r
                0x080058e4                fflush
 .text          0x0800590c       0x20 /usr/lib64/gcc/arm-none-eabi/13/../../../../arm-none-eabi/lib/thumb/v7-m/nofp/libc_nano.a(libc_a-sbrkr.o)
                0x0800590c                _sbrk_r
 .text          0x0800592c       0x48 /usr/lib64/gcc/arm-none-eabi/13/../../../../arm-none-eabi/lib/thumb/v7-m/nofp/libc_nano.a(libc_a-assert.o)
                0x0800592c                __assert_func
                0x08005968                __assert
 .text          0x08005974       0x28 /usr/lib64/gcc/arm-none-eabi/13/../../../../arm-none-eabi/lib/thumb/v7-m/nofp/libc_nano.a(libc_a-callocr.o)
                0x08005974                _calloc_r
 .text          0x0800599c       0x40 /usr/lib64/gcc/arm-none-eabi/13/../../../../arm-none-eabi/lib/thumb/v7-m/nofp/libc_nano.a(libc_a-fprintf.o)
                0x0800599c                _fprintf_r
                0x0800599c                _fiprintf_r
                0x080059b6                fprintf
                0x080059b6                fiprintf
 .text          0x080059dc        0xe /usr/lib64/gcc/arm-none-eabi/13/../../../../arm-none-eabi/lib/thumb/v7-m/nofp/libc_nano.a(libc_a-abort.o)
                0x080059dc                abort
 *fill*         0x080059ea        0x2 
 .text          0x080059ec      0x2d8 /usr/lib64/gcc/arm-none-eabi/13/../../../../arm-none-eabi/lib/thumb/v7-m/nofp/libc_nano.a(libc_a-nano-vfprintf.o)
                0x08005a16                __sfputs_r
                0x08005a60                __sprint_r
                0x08005ac0                _vfiprintf_r
                0x08005ac0                _vfprintf_r
                0x08005cb0                vfiprintf
                0x08005cb0                vfprintf
 .text          0x08005cc4      0x2a0 /usr/lib64/gcc/arm-none-eabi/13/../../../../arm-none-eabi/lib/thumb/v7-m/nofp/libc_nano.a(libc_a-fvwrite.o)
                0x08005cc4                __sfvwrite_r
 .text          0x08005f64       0xa8 /usr/lib64/gcc/arm-none-eabi/13/../../../../arm-none-eabi/lib/thumb/v7-m/nofp/libc_nano.a(libc_a-wbuf.o)
                0x08005f64                __swbuf_r
                0x08005ffa                __swbuf
 .text          0x0800600c       0xa8 /usr/lib64/gcc/arm-none-eabi/13/../../../../arm-none-eabi/lib/thumb/v7-m/nofp/libc_nano.a(libc_a-wsetup.o)
                0x0800600c                __swsetup_r
 .text          0x080060b4       0x32 /usr/lib64/gcc/arm-none-eabi/13/../../../../arm-none-eabi/lib/thumb/v7-m/nofp/libc_nano.a(libc_a-memmove.o)
                0x080060b4                memmove
 *fill*         0x080060e6        0x2 
 .text          0x080060e8      0x138 /usr/lib64/gcc/arm-none-eabi/13/../../../../arm-none-eabi/lib/thumb/v7-m/nofp/libc_nano.a(libc_a-signal.o)
                0x080060e8                _init_signal_r
                0x08006114                _signal_r
                0x08006148                _raise_r
                0x0800619a                __sigtramp_r
                0x080061e6                raise
                0x080061f4                signal
                0x08006204                _init_signal
                0x08006210                __sigtramp
 .text          0x08006220       0x28 /usr/lib64/gcc/arm-none-eabi/13/../../../../arm-none-eabi/lib/thumb/v7-m/nofp/libc_nano.a(libc_a-signalr.o)
                0x08006220                _kill_r
                0x08006244                _getpid_r
 .text          0x08006248       0x5c /usr/lib64/gcc/arm-none-eabi/13/../../../../arm-none-eabi/lib/thumb/v7-m/nofp/libc_nano.a(libc_a-reallocr.o)
                0x08006248                _realloc_r
 .text          0x080062a4       0xc6 /usr/lib64/gcc/arm-none-eabi/13/../../../../arm-none-eabi/lib/thumb/v7-m/nofp/libc_nano.a(libc_a-makebuf.o)
                0x080062a4                __swhatbuf_r
                0x080062f4                __smakebuf_r
 *fill*         0x0800636a        0x2 
 .text          0x0800636c       0x24 /usr/lib64/gcc/arm-none-eabi/13/../../../../arm-none-eabi/lib/thumb/v7-m/nofp/libc_nano.a(libc_a-fstatr.o)
                0x0800636c                _fstat_r
 .text          0x08006390       0x20 /usr/lib64/gcc/arm-none-eabi/13/../../../../arm-none-eabi/lib/thumb/v7-m/nofp/libc_nano.a(libc_a-isattyr.o)
                0x08006390                _isatty_r
 .text          0x080063b0       0x10 /usr/lib64/gcc/arm-none-eabi/13/../../../../arm-none-eabi/lib/thumb/v7-m/nofp/libc_nano.a(libc_a-msizer.o)
                0x080063b0                _malloc_usable_size_r
 .text          0x080063c0      0x254 /usr/lib64/gcc/arm-none-eabi/13/thumb/v7-m/nofp/libgcc.a(_arm_muldf3.o)
 .text          0x08006614      0x378 /usr/lib64/gcc/arm-none-eabi/13/thumb/v7-m/nofp/libgcc.a(_arm_addsubdf3.o)
                0x08006614                __aeabi_drsub
                0x0800661c                __aeabi_dsub
                0x0800661c                __subdf3
                0x08006620                __adddf3
                0x08006620                __aeabi_dadd
                0x08006898                __aeabi_ui2d
                0x08006898                __floatunsidf
                0x080068b8                __floatsidf
                0x080068b8                __aeabi_i2d
                0x080068dc                __extendsfdf2
                0x080068dc                __aeabi_f2d
                0x08006920                __aeabi_ul2d
                0x08006920                __floatundidf
                0x08006930                __floatdidf
                0x08006930                __aeabi_l2d
 .text          0x0800698c      0x424 /usr/lib64/gcc/arm-none-eabi/13/thumb/v7-m/nofp/libgcc.a(_arm_muldivdf3.o)
                0x0800698c                __aeabi_dmul
                0x0800698c                __muldf3
                0x08006be0                __aeabi_ddiv
                0x08006be0                __divdf3
 .text          0x08006db0      0x110 /usr/lib64/gcc/arm-none-eabi/13/thumb/v7-m/nofp/libgcc.a(_arm_cmpdf2.o)
                0x08006db0                __gtdf2
                0x08006db0                __gedf2
                0x08006db8                __ltdf2
                0x08006db8                __ledf2
                0x08006dc0                __cmpdf2
                0x08006dc0                __eqdf2
                0x08006dc0                __nedf2
                0x08006e3c                __aeabi_cdrcmple
                0x08006e4c                __aeabi_cdcmple
                0x08006e4c                __aeabi_cdcmpeq
                0x08006e5c                __aeabi_dcmpeq
                0x08006e70                __aeabi_dcmplt
                0x08006e84                __aeabi_dcmple
                0x08006e98                __aeabi_dcmpge
                0x08006eac                __aeabi_dcmpgt
 .text          0x08006ec0       0x2c /usr/lib64/gcc/arm-none-eabi/13/thumb/v7-m/nofp/libgcc.a(_arm_unorddf2.o)
                0x08006ec0                __aeabi_dcmpun
                0x08006ec0                __unorddf2
 .text          0x08006eec       0x50 /usr/lib64/gcc/arm-none-eabi/13/thumb/v7-m/nofp/libgcc.a(_arm_fixdfsi.o)
                0x08006eec                __fixdfsi
                0x08006eec                __aeabi_d2iz
 .text          0x08006f3c       0xa0 /usr/lib64/gcc/arm-none-eabi/13/thumb/v7-m/nofp/libgcc.a(_arm_truncdfsf2.o)
                0x08006f3c                __aeabi_d2f
                0x08006f3c                __truncdfsf2
 .text          0x08006fdc       0xec /usr/lib64/gcc/arm-none-eabi/13/thumb/v7-m/nofp/libgcc.a(_arm_cmpsf2.o)
                0x08006fdc                __gtsf2
                0x08006fdc                __gesf2
                0x08006fe4                __lesf2
                0x08006fe4                __ltsf2
                0x08006fec                __nesf2
                0x08006fec                __eqsf2
                0x08006fec                __cmpsf2
                0x0800704c                __aeabi_cfrcmple
                0x08007054                __aeabi_cfcmple
                0x08007054                __aeabi_cfcmpeq
                0x08007064                __aeabi_fcmpeq
                0x08007078                __aeabi_fcmplt
                0x0800708c                __aeabi_fcmple
                0x080070a0                __aeabi_fcmpge
                0x080070b4                __aeabi_fcmpgt
 .text          0x080070c8       0x2c /usr/lib64/gcc/arm-none-eabi/13/thumb/v7-m/nofp/libgcc.a(_arm_unordsf2.o)
                0x080070c8                __aeabi_fcmpun
                0x080070c8                __unordsf2
 .text          0x080070f4       0x30 /usr/lib64/gcc/arm-none-eabi/13/thumb/v7-m/nofp/libgcc.a(_fixdfdi.o)
                0x080070f4                __aeabi_d2lz
                0x080070f4                __fixdfdi
 .text          0x08007124       0x3c /usr/lib64/gcc/arm-none-eabi/13/thumb/v7-m/nofp/libgcc.a(_fixunsdfdi.o)
                0x08007124                __aeabi_d2ulz
                0x08007124                __fixunsdfdi
 .text          0x08007160        0x0 /usr/lib64/gcc/arm-none-eabi/13/thumb/v7-m/nofp/crtend.o
 .text          0x08007160        0x0 /usr/lib64/gcc/arm-none-eabi/13/thumb/v7-m/nofp/crtn.o
 *(.text.*)
 *(.rodata)
 .rodata        0x08007160       0x24 /usr/lib64/gcc/arm-none-eabi/13/thumb/v7-m/nofp/crtbegin.o
 .rodata        0x08007184     0xfa04 obj/DMA/buzzer.o
                0x08007184                mg_raw
                0x08016b84                mg_raw_len
 .rodata        0x08016b88       0x3f obj/core/main.o
 *fill*         0x08016bc7        0x1 
 .rodata        0x08016bc8        0x7 obj/uart/neo6m.o
 *fill*         0x08016bcf        0x1 
 .rodata        0x08016bd0       0x28 obj/uart/a7670.o
 .rodata        0x08016bf8       0x50 /usr/lib64/gcc/arm-none-eabi/13/../../../../arm-none-eabi/lib/thumb/v7-m/nofp/libc_nano.a(libc_a-strtod.o)
 .rodata        0x08016c48      0x101 /usr/lib64/gcc/arm-none-eabi/13/../../../../arm-none-eabi/lib/thumb/v7-m/nofp/libc_nano.a(libc_a-ctype_.o)
                0x08016c48                _ctype_
 *fill*         0x08016d49        0x7 
 .rodata        0x08016d50      0x128 /usr/lib64/gcc/arm-none-eabi/13/../../../../arm-none-eabi/lib/thumb/v7-m/nofp/libc_nano.a(libc_a-mprec.o)
                0x08016d60                __mprec_tens
                0x08016e28                __mprec_tinytens
                0x08016e50                __mprec_bigtens
 .rodata        0x08016e78       0x24 /usr/lib64/gcc/arm-none-eabi/13/thumb/v7-m/nofp/crtend.o
 *(.rodata.*)
 .rodata.str1.1
                0x08016e9c      0x136 /usr/lib64/gcc/arm-none-eabi/13/../../../../arm-none-eabi/lib/thumb/v7-m/nofp/libc_nano.a(libc_a-strtod.o)
                                  0xf (size before relaxing)
 .rodata.str1.1
                0x08016fd2        0x0 /usr/lib64/gcc/arm-none-eabi/13/../../../../arm-none-eabi/lib/thumb/v7-m/nofp/libc_nano.a(libc_a-nano-vfprintf_float.o)
                                 0x12 (size before relaxing)
 .rodata.str1.1
                0x08016fd2        0x0 /usr/lib64/gcc/arm-none-eabi/13/../../../../arm-none-eabi/lib/thumb/v7-m/nofp/libc_nano.a(libc_a-nano-vfprintf_i.o)
                                 0x22 (size before relaxing)
 .rodata.str1.1
                0x08016fd2        0x0 /usr/lib64/gcc/arm-none-eabi/13/../../../../arm-none-eabi/lib/thumb/v7-m/nofp/libc_nano.a(libc_a-locale.o)
                                  0xb (size before relaxing)
 .rodata.str1.1
                0x08016fd2        0x0 /usr/lib64/gcc/arm-none-eabi/13/../../../../arm-none-eabi/lib/thumb/v7-m/nofp/libc_nano.a(libc_a-dtoa.o)
                                 0x4c (size before relaxing)
 .rodata.str1.1
                0x08016fd2        0x0 /usr/lib64/gcc/arm-none-eabi/13/../../../../arm-none-eabi/lib/thumb/v7-m/nofp/libc_nano.a(libc_a-gdtoa-gethex.o)
                                 0x47 (size before relaxing)
 .rodata.str1.1
                0x08016fd2        0x0 /usr/lib64/gcc/arm-none-eabi/13/../../../../arm-none-eabi/lib/thumb/v7-m/nofp/libc_nano.a(libc_a-mprec.o)
                                 0x3e (size before relaxing)
 .rodata.str1.1
                0x08016fd2        0x0 /usr/lib64/gcc/arm-none-eabi/13/../../../../arm-none-eabi/lib/thumb/v7-m/nofp/libc_nano.a(libc_a-assert.o)
                                 0x3d (size before relaxing)
 .rodata.str1.1
                0x08016fd2        0x0 /usr/lib64/gcc/arm-none-eabi/13/../../../../arm-none-eabi/lib/thumb/v7-m/nofp/libc_nano.a(libc_a-nano-vfprintf.o)
                                 0x11 (size before relaxing)
                0x08016fd8                        . = ALIGN (0x8)
 *fill*         0x08016fd2        0x6 
                0x08016fd8                        _etext = .

.glue_7         0x08016fd8        0x0
 .glue_7        0x08016fd8        0x0 linker stubs

.glue_7t        0x08016fd8        0x0
 .glue_7t       0x08016fd8        0x0 linker stubs

.vfp11_veneer   0x08016fd8        0x0
 .vfp11_veneer  0x08016fd8        0x0 linker stubs

.v4_bx          0x08016fd8        0x0
 .v4_bx         0x08016fd8        0x0 linker stubs

.init           0x08016fd8        0xc
 .init          0x08016fd8        0x4 /usr/lib64/gcc/arm-none-eabi/13/thumb/v7-m/nofp/crti.o
                0x08016fd8                _init
 .init          0x08016fdc        0x8 /usr/lib64/gcc/arm-none-eabi/13/thumb/v7-m/nofp/crtn.o

.fini           0x08016fe4        0xc
 .fini          0x08016fe4        0x4 /usr/lib64/gcc/arm-none-eabi/13/thumb/v7-m/nofp/crti.o
                0x08016fe4                _fini
 .fini          0x08016fe8        0x8 /usr/lib64/gcc/arm-none-eabi/13/thumb/v7-m/nofp/crtn.o

.iplt           0x08016ff0        0x0
 .iplt          0x08016ff0        0x0 /usr/lib64/gcc/arm-none-eabi/13/thumb/v7-m/nofp/crtbegin.o

.eh_frame       0x08016ff0        0x4
 .eh_frame      0x08016ff0        0x0 /usr/lib64/gcc/arm-none-eabi/13/thumb/v7-m/nofp/crtbegin.o
 .eh_frame      0x08016ff0        0x4 /usr/lib64/gcc/arm-none-eabi/13/thumb/v7-m/nofp/crtend.o

.ARM.extab      0x08016ff4        0x0
 .ARM.extab     0x08016ff4        0x0 /usr/lib64/gcc/arm-none-eabi/13/../../../../arm-none-eabi/lib/thumb/v7-m/nofp/crt0.o
 .ARM.extab     0x08016ff4        0x0 /usr/lib64/gcc/arm-none-eabi/13/../../../../arm-none-eabi/lib/thumb/v7-m/nofp/libc_nano.a(libc_a-strcmp.o)
 .ARM.extab     0x08016ff4        0x0 /usr/lib64/gcc/arm-none-eabi/13/../../../../arm-none-eabi/lib/thumb/v7-m/nofp/libc_nano.a(libc_a-strlen.o)

.ARM.exidx      0x08016ff4        0x8
 .ARM.exidx     0x08016ff4        0x8 /usr/lib64/gcc/arm-none-eabi/13/../../../../arm-none-eabi/lib/thumb/v7-m/nofp/crt0.o
                                 0x10 (size before relaxing)
 .ARM.exidx     0x08016ffc        0x0 /usr/lib64/gcc/arm-none-eabi/13/../../../../arm-none-eabi/lib/thumb/v7-m/nofp/libc_nano.a(libc_a-strcmp.o)
                                  0x8 (size before relaxing)
 .ARM.exidx     0x08016ffc        0x0 /usr/lib64/gcc/arm-none-eabi/13/../../../../arm-none-eabi/lib/thumb/v7-m/nofp/libc_nano.a(libc_a-strlen.o)
                                  0x8 (size before relaxing)

.rel.dyn        0x08016ffc        0x0
 .rel.iplt      0x08016ffc        0x0 /usr/lib64/gcc/arm-none-eabi/13/thumb/v7-m/nofp/crtbegin.o

.data           0x20000000      0x3c8 load address 0x08016ffc
                0x20000000                        . = ALIGN (0x8)
                0x20000000                        _sdata = .
 *(.data)
 .data          0x20000000        0x0 /usr/lib64/gcc/arm-none-eabi/13/thumb/v7-m/nofp/crti.o
 .data          0x20000000        0x4 /usr/lib64/gcc/arm-none-eabi/13/thumb/v7-m/nofp/crtbegin.o
                0x20000000                __dso_handle
 .data          0x20000004      0x118 /usr/lib64/gcc/arm-none-eabi/13/../../../../arm-none-eabi/lib/thumb/v7-m/nofp/crt0.o
                0x2000000c                __stack_base__
 .data          0x2000011c        0x0 obj/DMA/buzzer.o
 .data          0x2000011c        0x0 obj/i2c/aht20.o
 .data          0x2000011c        0x0 obj/i2c/i2c.o
 .data          0x2000011c        0x4 obj/core/syscalls.o
                0x2000011c                environ
 .data          0x20000120        0x0 obj/core/stm32_startup.o
 .data          0x20000120        0x0 obj/core/clock_set.o
 .data          0x20000120        0x0 obj/core/timeout.o
 .data          0x20000120        0x0 obj/core/main.o
 .data          0x20000120        0x0 obj/uart/usart.o
 .data          0x20000120        0x0 obj/uart/neo6m.o
 .data          0x20000120        0x0 obj/uart/a7670.o
 .data          0x20000120        0x0 /usr/lib64/gcc/arm-none-eabi/13/thumb/v7-m/nofp/libgcc.a(_arm_mulsf3.o)
 .data          0x20000120        0x0 /usr/lib64/gcc/arm-none-eabi/13/thumb/v7-m/nofp/libgcc.a(_arm_fixunsdfsi.o)
 .data          0x20000120        0x0 /usr/lib64/gcc/arm-none-eabi/13/thumb/v7-m/nofp/libgcc.a(_arm_addsubsf3.o)
 .data          0x20000120        0x0 /usr/lib64/gcc/arm-none-eabi/13/thumb/v7-m/nofp/libgcc.a(_arm_muldivsf3.o)
 .data          0x20000120        0x0 /usr/lib64/gcc/arm-none-eabi/13/../../../../arm-none-eabi/lib/thumb/v7-m/nofp/libc_nano.a(libc_a-atexit.o)
 .data          0x20000120        0x0 /usr/lib64/gcc/arm-none-eabi/13/../../../../arm-none-eabi/lib/thumb/v7-m/nofp/libc_nano.a(libc_a-atof.o)
 .data          0x20000120        0x0 /usr/lib64/gcc/arm-none-eabi/13/../../../../arm-none-eabi/lib/thumb/v7-m/nofp/libc_nano.a(libc_a-atoi.o)
 .data          0x20000120        0x0 /usr/lib64/gcc/arm-none-eabi/13/../../../../arm-none-eabi/lib/thumb/v7-m/nofp/libc_nano.a(libc_a-exit.o)
 .data          0x20000120        0x0 /usr/lib64/gcc/arm-none-eabi/13/../../../../arm-none-eabi/lib/thumb/v7-m/nofp/libc_nano.a(libc_a-strtod.o)
 .data          0x20000120        0x0 /usr/lib64/gcc/arm-none-eabi/13/../../../../arm-none-eabi/lib/thumb/v7-m/nofp/libc_nano.a(libc_a-strtol.o)
 .data          0x20000120        0x0 /usr/lib64/gcc/arm-none-eabi/13/../../../../arm-none-eabi/lib/thumb/v7-m/nofp/libc_nano.a(libc_a-ctype_.o)
 .data          0x20000120        0x0 /usr/lib64/gcc/arm-none-eabi/13/../../../../arm-none-eabi/lib/thumb/v7-m/nofp/libc_nano.a(libc_a-nano-vfprintf_float.o)
 .data          0x20000120        0x0 /usr/lib64/gcc/arm-none-eabi/13/../../../../arm-none-eabi/lib/thumb/v7-m/nofp/libc_nano.a(libc_a-nano-vfprintf_i.o)
 .data          0x20000120        0xc /usr/lib64/gcc/arm-none-eabi/13/../../../../arm-none-eabi/lib/thumb/v7-m/nofp/libc_nano.a(libc_a-findfp.o)
                0x20000120                __sglue
 .data          0x2000012c        0x0 /usr/lib64/gcc/arm-none-eabi/13/../../../../arm-none-eabi/lib/thumb/v7-m/nofp/libc_nano.a(libc_a-fwalk.o)
 .data          0x2000012c        0x0 /usr/lib64/gcc/arm-none-eabi/13/../../../../arm-none-eabi/lib/thumb/v7-m/nofp/libc_nano.a(libc_a-stdio.o)
 .data          0x2000012c        0x0 /usr/lib64/gcc/arm-none-eabi/13/../../../../arm-none-eabi/lib/thumb/v7-m/nofp/libc_nano.a(libc_a-memset.o)
 .data          0x2000012c        0x0 /usr/lib64/gcc/arm-none-eabi/13/../../../../arm-none-eabi/lib/thumb/v7-m/nofp/libc_nano.a(libc_a-strncmp.o)
 .data          0x2000012c      0x16c /usr/lib64/gcc/arm-none-eabi/13/../../../../arm-none-eabi/lib/thumb/v7-m/nofp/libc_nano.a(libc_a-locale.o)
                0x2000012c                __global_locale
 .data          0x20000298        0x0 /usr/lib64/gcc/arm-none-eabi/13/../../../../arm-none-eabi/lib/thumb/v7-m/nofp/libc_nano.a(libc_a-localeconv.o)
 .data          0x20000298        0x0 /usr/lib64/gcc/arm-none-eabi/13/../../../../arm-none-eabi/lib/thumb/v7-m/nofp/libc_nano.a(libc_a-closer.o)
 .data          0x20000298        0x0 /usr/lib64/gcc/arm-none-eabi/13/../../../../arm-none-eabi/lib/thumb/v7-m/nofp/libc_nano.a(libc_a-reent.o)
 .data          0x20000298      0x128 /usr/lib64/gcc/arm-none-eabi/13/../../../../arm-none-eabi/lib/thumb/v7-m/nofp/libc_nano.a(libc_a-impure.o)
                0x20000298                _impure_ptr
                0x200002a0                _impure_data
 .data          0x200003c0        0x0 /usr/lib64/gcc/arm-none-eabi/13/../../../../arm-none-eabi/lib/thumb/v7-m/nofp/libc_nano.a(libc_a-lseekr.o)
 .data          0x200003c0        0x0 /usr/lib64/gcc/arm-none-eabi/13/../../../../arm-none-eabi/lib/thumb/v7-m/nofp/libc_nano.a(libc_a-readr.o)
 .data          0x200003c0        0x0 /usr/lib64/gcc/arm-none-eabi/13/../../../../arm-none-eabi/lib/thumb/v7-m/nofp/libc_nano.a(libc_a-writer.o)
 .data          0x200003c0        0x0 /usr/lib64/gcc/arm-none-eabi/13/../../../../arm-none-eabi/lib/thumb/v7-m/nofp/libc_nano.a(libc_a-errno.o)
 .data          0x200003c0        0x0 /usr/lib64/gcc/arm-none-eabi/13/../../../../arm-none-eabi/lib/thumb/v7-m/nofp/libc_nano.a(libc_a-init.o)
 .data          0x200003c0        0x0 /usr/lib64/gcc/arm-none-eabi/13/../../../../arm-none-eabi/lib/thumb/v7-m/nofp/libc_nano.a(libc_a-fini.o)
 .data          0x200003c0        0x0 /usr/lib64/gcc/arm-none-eabi/13/../../../../arm-none-eabi/lib/thumb/v7-m/nofp/libc_nano.a(libc_a-strcmp.o)
 .data          0x200003c0        0x0 /usr/lib64/gcc/arm-none-eabi/13/../../../../arm-none-eabi/lib/thumb/v7-m/nofp/libc_nano.a(libc_a-memchr-stub.o)
 .data          0x200003c0        0x0 /usr/lib64/gcc/arm-none-eabi/13/../../../../arm-none-eabi/lib/thumb/v7-m/nofp/libc_nano.a(libc_a-memcpy-stub.o)
 .data          0x200003c0        0x0 /usr/lib64/gcc/arm-none-eabi/13/../../../../arm-none-eabi/lib/thumb/v7-m/nofp/libc_nano.a(libc_a-strlen.o)
 .data          0x200003c0        0x0 /usr/lib64/gcc/arm-none-eabi/13/../../../../arm-none-eabi/lib/thumb/v7-m/nofp/libc_nano.a(libm_a-s_nan.o)
 .data          0x200003c0        0x0 /usr/lib64/gcc/arm-none-eabi/13/../../../../arm-none-eabi/lib/thumb/v7-m/nofp/libc_nano.a(libm_a-sf_nan.o)
 .data          0x200003c0        0x4 /usr/lib64/gcc/arm-none-eabi/13/../../../../arm-none-eabi/lib/thumb/v7-m/nofp/libc_nano.a(libc_a-__atexit.o)
                0x200003c0                __atexit_dummy
 .data          0x200003c4        0x0 /usr/lib64/gcc/arm-none-eabi/13/../../../../arm-none-eabi/lib/thumb/v7-m/nofp/libc_nano.a(libc_a-__call_atexit.o)
 .data          0x200003c4        0x0 /usr/lib64/gcc/arm-none-eabi/13/../../../../arm-none-eabi/lib/thumb/v7-m/nofp/libc_nano.a(libc_a-dtoa.o)
 .data          0x200003c4        0x0 /usr/lib64/gcc/arm-none-eabi/13/../../../../arm-none-eabi/lib/thumb/v7-m/nofp/libc_nano.a(libc_a-freer.o)
 .data          0x200003c4        0x0 /usr/lib64/gcc/arm-none-eabi/13/../../../../arm-none-eabi/lib/thumb/v7-m/nofp/libc_nano.a(libc_a-gdtoa-gethex.o)
 .data          0x200003c4        0x0 /usr/lib64/gcc/arm-none-eabi/13/../../../../arm-none-eabi/lib/thumb/v7-m/nofp/libc_nano.a(libc_a-gdtoa-hexnan.o)
 .data          0x200003c4        0x0 /usr/lib64/gcc/arm-none-eabi/13/../../../../arm-none-eabi/lib/thumb/v7-m/nofp/libc_nano.a(libc_a-mallocr.o)
 .data          0x200003c4        0x0 /usr/lib64/gcc/arm-none-eabi/13/../../../../arm-none-eabi/lib/thumb/v7-m/nofp/libc_nano.a(libc_a-mbtowc_r.o)
 .data          0x200003c4        0x0 /usr/lib64/gcc/arm-none-eabi/13/../../../../arm-none-eabi/lib/thumb/v7-m/nofp/libc_nano.a(libc_a-mlock.o)
 .data          0x200003c4        0x0 /usr/lib64/gcc/arm-none-eabi/13/../../../../arm-none-eabi/lib/thumb/v7-m/nofp/libc_nano.a(libc_a-mprec.o)
 .data          0x200003c4        0x0 /usr/lib64/gcc/arm-none-eabi/13/../../../../arm-none-eabi/lib/thumb/v7-m/nofp/libc_nano.a(libc_a-wctomb_r.o)
 .data          0x200003c4        0x0 /usr/lib64/gcc/arm-none-eabi/13/../../../../arm-none-eabi/lib/thumb/v7-m/nofp/libc_nano.a(libc_a-fflush.o)
 .data          0x200003c4        0x0 /usr/lib64/gcc/arm-none-eabi/13/../../../../arm-none-eabi/lib/thumb/v7-m/nofp/libc_nano.a(libc_a-sbrkr.o)
 .data          0x200003c4        0x0 /usr/lib64/gcc/arm-none-eabi/13/../../../../arm-none-eabi/lib/thumb/v7-m/nofp/libc_nano.a(libc_a-assert.o)
 .data          0x200003c4        0x0 /usr/lib64/gcc/arm-none-eabi/13/../../../../arm-none-eabi/lib/thumb/v7-m/nofp/libc_nano.a(libc_a-callocr.o)
 .data          0x200003c4        0x0 /usr/lib64/gcc/arm-none-eabi/13/../../../../arm-none-eabi/lib/thumb/v7-m/nofp/libc_nano.a(libc_a-fprintf.o)
 .data          0x200003c4        0x0 /usr/lib64/gcc/arm-none-eabi/13/../../../../arm-none-eabi/lib/thumb/v7-m/nofp/libc_nano.a(libc_a-abort.o)
 .data          0x200003c4        0x0 /usr/lib64/gcc/arm-none-eabi/13/../../../../arm-none-eabi/lib/thumb/v7-m/nofp/libc_nano.a(libc_a-nano-vfprintf.o)
 .data          0x200003c4        0x0 /usr/lib64/gcc/arm-none-eabi/13/../../../../arm-none-eabi/lib/thumb/v7-m/nofp/libc_nano.a(libc_a-fvwrite.o)
 .data          0x200003c4        0x0 /usr/lib64/gcc/arm-none-eabi/13/../../../../arm-none-eabi/lib/thumb/v7-m/nofp/libc_nano.a(libc_a-wbuf.o)
 .data          0x200003c4        0x0 /usr/lib64/gcc/arm-none-eabi/13/../../../../arm-none-eabi/lib/thumb/v7-m/nofp/libc_nano.a(libc_a-wsetup.o)
 .data          0x200003c4        0x0 /usr/lib64/gcc/arm-none-eabi/13/../../../../arm-none-eabi/lib/thumb/v7-m/nofp/libc_nano.a(libc_a-memmove.o)
 .data          0x200003c4        0x0 /usr/lib64/gcc/arm-none-eabi/13/../../../../arm-none-eabi/lib/thumb/v7-m/nofp/libc_nano.a(libc_a-signal.o)
 .data          0x200003c4        0x0 /usr/lib64/gcc/arm-none-eabi/13/../../../../arm-none-eabi/lib/thumb/v7-m/nofp/libc_nano.a(libc_a-signalr.o)
 .data          0x200003c4        0x0 /usr/lib64/gcc/arm-none-eabi/13/../../../../arm-none-eabi/lib/thumb/v7-m/nofp/libc_nano.a(libc_a-reallocr.o)
 .data          0x200003c4        0x0 /usr/lib64/gcc/arm-none-eabi/13/../../../../arm-none-eabi/lib/thumb/v7-m/nofp/libc_nano.a(libc_a-makebuf.o)
 .data          0x200003c4        0x0 /usr/lib64/gcc/arm-none-eabi/13/../../../../arm-none-eabi/lib/thumb/v7-m/nofp/libc_nano.a(libc_a-fstatr.o)
 .data          0x200003c4        0x0 /usr/lib64/gcc/arm-none-eabi/13/../../../../arm-none-eabi/lib/thumb/v7-m/nofp/libc_nano.a(libc_a-isattyr.o)
 .data          0x200003c4        0x0 /usr/lib64/gcc/arm-none-eabi/13/../../../../arm-none-eabi/lib/thumb/v7-m/nofp/libc_nano.a(libc_a-msizer.o)
 .data          0x200003c4        0x0 /usr/lib64/gcc/arm-none-eabi/13/thumb/v7-m/nofp/libgcc.a(_arm_muldf3.o)
 .data          0x200003c4        0x0 /usr/lib64/gcc/arm-none-eabi/13/thumb/v7-m/nofp/libgcc.a(_arm_addsubdf3.o)
 .data          0x200003c4        0x0 /usr/lib64/gcc/arm-none-eabi/13/thumb/v7-m/nofp/libgcc.a(_arm_muldivdf3.o)
 .data          0x200003c4        0x0 /usr/lib64/gcc/arm-none-eabi/13/thumb/v7-m/nofp/libgcc.a(_arm_cmpdf2.o)
 .data          0x200003c4        0x0 /usr/lib64/gcc/arm-none-eabi/13/thumb/v7-m/nofp/libgcc.a(_arm_unorddf2.o)
 .data          0x200003c4        0x0 /usr/lib64/gcc/arm-none-eabi/13/thumb/v7-m/nofp/libgcc.a(_arm_fixdfsi.o)
 .data          0x200003c4        0x0 /usr/lib64/gcc/arm-none-eabi/13/thumb/v7-m/nofp/libgcc.a(_arm_truncdfsf2.o)
 .data          0x200003c4        0x0 /usr/lib64/gcc/arm-none-eabi/13/thumb/v7-m/nofp/libgcc.a(_arm_cmpsf2.o)
 .data          0x200003c4        0x0 /usr/lib64/gcc/arm-none-eabi/13/thumb/v7-m/nofp/libgcc.a(_arm_unordsf2.o)
 .data          0x200003c4        0x0 /usr/lib64/gcc/arm-none-eabi/13/thumb/v7-m/nofp/libgcc.a(_fixdfdi.o)
 .data          0x200003c4        0x0 /usr/lib64/gcc/arm-none-eabi/13/thumb/v7-m/nofp/libgcc.a(_fixunsdfdi.o)
 .data          0x200003c4        0x0 /usr/lib64/gcc/arm-none-eabi/13/thumb/v7-m/nofp/crtend.o
 .data          0x200003c4        0x0 /usr/lib64/gcc/arm-none-eabi/13/thumb/v7-m/nofp/crtn.o
 *(.data.*)
                0x200003c8                        . = ALIGN (0x8)
 *fill*         0x200003c4        0x4 
                0x200003c8                        _edata = .

.init_array     0x200003c8        0x4 load address 0x080173c4
 .init_array    0x200003c8        0x4 /usr/lib64/gcc/arm-none-eabi/13/thumb/v7-m/nofp/crtbegin.o

.fini_array     0x200003cc        0x4 load address 0x080173c8
 .fini_array    0x200003cc        0x4 /usr/lib64/gcc/arm-none-eabi/13/thumb/v7-m/nofp/crtbegin.o

.tm_clone_table
                0x200003d0        0x0 load address 0x080173cc
 .tm_clone_table
                0x200003d0        0x0 /usr/lib64/gcc/arm-none-eabi/13/thumb/v7-m/nofp/crtbegin.o
 .tm_clone_table
                0x200003d0        0x0 /usr/lib64/gcc/arm-none-eabi/13/thumb/v7-m/nofp/crtend.o

.igot.plt       0x200003d0        0x0 load address 0x080173cc
 .igot.plt      0x200003d0        0x0 /usr/lib64/gcc/arm-none-eabi/13/thumb/v7-m/nofp/crtbegin.o

.bss            0x200003d0      0x538 load address 0x080173cc
                0x200003d0                        . = ALIGN (0x8)
                0x200003d0                        _sbss = .
                0x200003d0                        __bss_start__ = _sbss
 *(.bss)
 .bss           0x200003d0        0x0 /usr/lib64/gcc/arm-none-eabi/13/thumb/v7-m/nofp/crti.o
 .bss           0x200003d0       0x1c /usr/lib64/gcc/arm-none-eabi/13/thumb/v7-m/nofp/crtbegin.o
 .bss           0x200003ec        0x0 /usr/lib64/gcc/arm-none-eabi/13/../../../../arm-none-eabi/lib/thumb/v7-m/nofp/crt0.o
 .bss           0x200003ec      0x204 obj/DMA/buzzer.o
                0x200003ec                audio_ram
 .bss           0x200005f0        0x0 obj/i2c/aht20.o
 .bss           0x200005f0        0x0 obj/i2c/i2c.o
 .bss           0x200005f0        0x8 obj/core/syscalls.o
                0x200005f0                __env
 .bss           0x200005f8        0x0 obj/core/stm32_startup.o
 .bss           0x200005f8        0x0 obj/core/clock_set.o
 .bss           0x200005f8        0x0 obj/core/timeout.o
 .bss           0x200005f8       0x29 obj/core/main.o
                0x200005f8                sensor_data
                0x20000600                gpsData
                0x20000620                freq
 .bss           0x20000621        0x0 obj/uart/usart.o
 .bss           0x20000621        0x0 obj/uart/neo6m.o
 .bss           0x20000621        0x0 obj/uart/a7670.o
 .bss           0x20000621        0x0 /usr/lib64/gcc/arm-none-eabi/13/thumb/v7-m/nofp/libgcc.a(_arm_mulsf3.o)
 .bss           0x20000621        0x0 /usr/lib64/gcc/arm-none-eabi/13/thumb/v7-m/nofp/libgcc.a(_arm_fixunsdfsi.o)
 .bss           0x20000621        0x0 /usr/lib64/gcc/arm-none-eabi/13/thumb/v7-m/nofp/libgcc.a(_arm_addsubsf3.o)
 .bss           0x20000621        0x0 /usr/lib64/gcc/arm-none-eabi/13/thumb/v7-m/nofp/libgcc.a(_arm_muldivsf3.o)
 .bss           0x20000621        0x0 /usr/lib64/gcc/arm-none-eabi/13/../../../../arm-none-eabi/lib/thumb/v7-m/nofp/libc_nano.a(libc_a-atexit.o)
 .bss           0x20000621        0x0 /usr/lib64/gcc/arm-none-eabi/13/../../../../arm-none-eabi/lib/thumb/v7-m/nofp/libc_nano.a(libc_a-atof.o)
 .bss           0x20000621        0x0 /usr/lib64/gcc/arm-none-eabi/13/../../../../arm-none-eabi/lib/thumb/v7-m/nofp/libc_nano.a(libc_a-atoi.o)
 .bss           0x20000621        0x0 /usr/lib64/gcc/arm-none-eabi/13/../../../../arm-none-eabi/lib/thumb/v7-m/nofp/libc_nano.a(libc_a-exit.o)
 .bss           0x20000621        0x0 /usr/lib64/gcc/arm-none-eabi/13/../../../../arm-none-eabi/lib/thumb/v7-m/nofp/libc_nano.a(libc_a-strtod.o)
 .bss           0x20000621        0x0 /usr/lib64/gcc/arm-none-eabi/13/../../../../arm-none-eabi/lib/thumb/v7-m/nofp/libc_nano.a(libc_a-strtol.o)
 .bss           0x20000621        0x0 /usr/lib64/gcc/arm-none-eabi/13/../../../../arm-none-eabi/lib/thumb/v7-m/nofp/libc_nano.a(libc_a-ctype_.o)
 .bss           0x20000621        0x0 /usr/lib64/gcc/arm-none-eabi/13/../../../../arm-none-eabi/lib/thumb/v7-m/nofp/libc_nano.a(libc_a-nano-vfprintf_float.o)
 .bss           0x20000621        0x0 /usr/lib64/gcc/arm-none-eabi/13/../../../../arm-none-eabi/lib/thumb/v7-m/nofp/libc_nano.a(libc_a-nano-vfprintf_i.o)
 *fill*         0x20000621        0x3 
 .bss           0x20000624      0x13c /usr/lib64/gcc/arm-none-eabi/13/../../../../arm-none-eabi/lib/thumb/v7-m/nofp/libc_nano.a(libc_a-findfp.o)
                0x20000624                __sf
                0x2000075c                __stdio_exit_handler
 .bss           0x20000760        0x0 /usr/lib64/gcc/arm-none-eabi/13/../../../../arm-none-eabi/lib/thumb/v7-m/nofp/libc_nano.a(libc_a-fwalk.o)
 .bss           0x20000760        0x0 /usr/lib64/gcc/arm-none-eabi/13/../../../../arm-none-eabi/lib/thumb/v7-m/nofp/libc_nano.a(libc_a-stdio.o)
 .bss           0x20000760        0x0 /usr/lib64/gcc/arm-none-eabi/13/../../../../arm-none-eabi/lib/thumb/v7-m/nofp/libc_nano.a(libc_a-memset.o)
 .bss           0x20000760        0x0 /usr/lib64/gcc/arm-none-eabi/13/../../../../arm-none-eabi/lib/thumb/v7-m/nofp/libc_nano.a(libc_a-strncmp.o)
 .bss           0x20000760        0x4 /usr/lib64/gcc/arm-none-eabi/13/../../../../arm-none-eabi/lib/thumb/v7-m/nofp/libc_nano.a(libc_a-locale.o)
                0x20000760                _PathLocale
 .bss           0x20000764        0x0 /usr/lib64/gcc/arm-none-eabi/13/../../../../arm-none-eabi/lib/thumb/v7-m/nofp/libc_nano.a(libc_a-localeconv.o)
 .bss           0x20000764        0x0 /usr/lib64/gcc/arm-none-eabi/13/../../../../arm-none-eabi/lib/thumb/v7-m/nofp/libc_nano.a(libc_a-closer.o)
 .bss           0x20000764        0x4 /usr/lib64/gcc/arm-none-eabi/13/../../../../arm-none-eabi/lib/thumb/v7-m/nofp/libc_nano.a(libc_a-reent.o)
                0x20000764                errno
 .bss           0x20000768        0x0 /usr/lib64/gcc/arm-none-eabi/13/../../../../arm-none-eabi/lib/thumb/v7-m/nofp/libc_nano.a(libc_a-impure.o)
 .bss           0x20000768        0x0 /usr/lib64/gcc/arm-none-eabi/13/../../../../arm-none-eabi/lib/thumb/v7-m/nofp/libc_nano.a(libc_a-lseekr.o)
 .bss           0x20000768        0x0 /usr/lib64/gcc/arm-none-eabi/13/../../../../arm-none-eabi/lib/thumb/v7-m/nofp/libc_nano.a(libc_a-readr.o)
 .bss           0x20000768        0x0 /usr/lib64/gcc/arm-none-eabi/13/../../../../arm-none-eabi/lib/thumb/v7-m/nofp/libc_nano.a(libc_a-writer.o)
 .bss           0x20000768        0x0 /usr/lib64/gcc/arm-none-eabi/13/../../../../arm-none-eabi/lib/thumb/v7-m/nofp/libc_nano.a(libc_a-errno.o)
 .bss           0x20000768        0x0 /usr/lib64/gcc/arm-none-eabi/13/../../../../arm-none-eabi/lib/thumb/v7-m/nofp/libc_nano.a(libc_a-init.o)
 .bss           0x20000768        0x0 /usr/lib64/gcc/arm-none-eabi/13/../../../../arm-none-eabi/lib/thumb/v7-m/nofp/libc_nano.a(libc_a-fini.o)
 .bss           0x20000768        0x0 /usr/lib64/gcc/arm-none-eabi/13/../../../../arm-none-eabi/lib/thumb/v7-m/nofp/libc_nano.a(libc_a-strcmp.o)
 .bss           0x20000768        0x0 /usr/lib64/gcc/arm-none-eabi/13/../../../../arm-none-eabi/lib/thumb/v7-m/nofp/libc_nano.a(libc_a-memchr-stub.o)
 .bss           0x20000768        0x0 /usr/lib64/gcc/arm-none-eabi/13/../../../../arm-none-eabi/lib/thumb/v7-m/nofp/libc_nano.a(libc_a-memcpy-stub.o)
 .bss           0x20000768        0x0 /usr/lib64/gcc/arm-none-eabi/13/../../../../arm-none-eabi/lib/thumb/v7-m/nofp/libc_nano.a(libc_a-strlen.o)
 .bss           0x20000768        0x0 /usr/lib64/gcc/arm-none-eabi/13/../../../../arm-none-eabi/lib/thumb/v7-m/nofp/libc_nano.a(libm_a-s_nan.o)
 .bss           0x20000768        0x0 /usr/lib64/gcc/arm-none-eabi/13/../../../../arm-none-eabi/lib/thumb/v7-m/nofp/libc_nano.a(libm_a-sf_nan.o)
 .bss           0x20000768      0x190 /usr/lib64/gcc/arm-none-eabi/13/../../../../arm-none-eabi/lib/thumb/v7-m/nofp/libc_nano.a(libc_a-__atexit.o)
                0x20000768                __atexit0
 .bss           0x200008f8        0x4 /usr/lib64/gcc/arm-none-eabi/13/../../../../arm-none-eabi/lib/thumb/v7-m/nofp/libc_nano.a(libc_a-__call_atexit.o)
                0x200008f8                __atexit
 .bss           0x200008fc        0x0 /usr/lib64/gcc/arm-none-eabi/13/../../../../arm-none-eabi/lib/thumb/v7-m/nofp/libc_nano.a(libc_a-dtoa.o)
 .bss           0x200008fc        0x0 /usr/lib64/gcc/arm-none-eabi/13/../../../../arm-none-eabi/lib/thumb/v7-m/nofp/libc_nano.a(libc_a-freer.o)
 .bss           0x200008fc        0x0 /usr/lib64/gcc/arm-none-eabi/13/../../../../arm-none-eabi/lib/thumb/v7-m/nofp/libc_nano.a(libc_a-gdtoa-gethex.o)
 .bss           0x200008fc        0x0 /usr/lib64/gcc/arm-none-eabi/13/../../../../arm-none-eabi/lib/thumb/v7-m/nofp/libc_nano.a(libc_a-gdtoa-hexnan.o)
 .bss           0x200008fc        0x8 /usr/lib64/gcc/arm-none-eabi/13/../../../../arm-none-eabi/lib/thumb/v7-m/nofp/libc_nano.a(libc_a-mallocr.o)
                0x200008fc                __malloc_sbrk_start
                0x20000900                __malloc_free_list
 .bss           0x20000904        0x0 /usr/lib64/gcc/arm-none-eabi/13/../../../../arm-none-eabi/lib/thumb/v7-m/nofp/libc_nano.a(libc_a-mbtowc_r.o)
 .bss           0x20000904        0x0 /usr/lib64/gcc/arm-none-eabi/13/../../../../arm-none-eabi/lib/thumb/v7-m/nofp/libc_nano.a(libc_a-mlock.o)
 .bss           0x20000904        0x0 /usr/lib64/gcc/arm-none-eabi/13/../../../../arm-none-eabi/lib/thumb/v7-m/nofp/libc_nano.a(libc_a-mprec.o)
 .bss           0x20000904        0x0 /usr/lib64/gcc/arm-none-eabi/13/../../../../arm-none-eabi/lib/thumb/v7-m/nofp/libc_nano.a(libc_a-wctomb_r.o)
 .bss           0x20000904        0x0 /usr/lib64/gcc/arm-none-eabi/13/../../../../arm-none-eabi/lib/thumb/v7-m/nofp/libc_nano.a(libc_a-fflush.o)
 .bss           0x20000904        0x0 /usr/lib64/gcc/arm-none-eabi/13/../../../../arm-none-eabi/lib/thumb/v7-m/nofp/libc_nano.a(libc_a-sbrkr.o)
 .bss           0x20000904        0x0 /usr/lib64/gcc/arm-none-eabi/13/../../../../arm-none-eabi/lib/thumb/v7-m/nofp/libc_nano.a(libc_a-assert.o)
 .bss           0x20000904        0x0 /usr/lib64/gcc/arm-none-eabi/13/../../../../arm-none-eabi/lib/thumb/v7-m/nofp/libc_nano.a(libc_a-callocr.o)
 .bss           0x20000904        0x0 /usr/lib64/gcc/arm-none-eabi/13/../../../../arm-none-eabi/lib/thumb/v7-m/nofp/libc_nano.a(libc_a-fprintf.o)
 .bss           0x20000904        0x0 /usr/lib64/gcc/arm-none-eabi/13/../../../../arm-none-eabi/lib/thumb/v7-m/nofp/libc_nano.a(libc_a-abort.o)
 .bss           0x20000904        0x0 /usr/lib64/gcc/arm-none-eabi/13/../../../../arm-none-eabi/lib/thumb/v7-m/nofp/libc_nano.a(libc_a-nano-vfprintf.o)
 .bss           0x20000904        0x0 /usr/lib64/gcc/arm-none-eabi/13/../../../../arm-none-eabi/lib/thumb/v7-m/nofp/libc_nano.a(libc_a-fvwrite.o)
 .bss           0x20000904        0x0 /usr/lib64/gcc/arm-none-eabi/13/../../../../arm-none-eabi/lib/thumb/v7-m/nofp/libc_nano.a(libc_a-wbuf.o)
 .bss           0x20000904        0x0 /usr/lib64/gcc/arm-none-eabi/13/../../../../arm-none-eabi/lib/thumb/v7-m/nofp/libc_nano.a(libc_a-wsetup.o)
 .bss           0x20000904        0x0 /usr/lib64/gcc/arm-none-eabi/13/../../../../arm-none-eabi/lib/thumb/v7-m/nofp/libc_nano.a(libc_a-memmove.o)
 .bss           0x20000904        0x0 /usr/lib64/gcc/arm-none-eabi/13/../../../../arm-none-eabi/lib/thumb/v7-m/nofp/libc_nano.a(libc_a-signal.o)
 .bss           0x20000904        0x0 /usr/lib64/gcc/arm-none-eabi/13/../../../../arm-none-eabi/lib/thumb/v7-m/nofp/libc_nano.a(libc_a-signalr.o)
 .bss           0x20000904        0x0 /usr/lib64/gcc/arm-none-eabi/13/../../../../arm-none-eabi/lib/thumb/v7-m/nofp/libc_nano.a(libc_a-reallocr.o)
 .bss           0x20000904        0x0 /usr/lib64/gcc/arm-none-eabi/13/../../../../arm-none-eabi/lib/thumb/v7-m/nofp/libc_nano.a(libc_a-makebuf.o)
 .bss           0x20000904        0x0 /usr/lib64/gcc/arm-none-eabi/13/../../../../arm-none-eabi/lib/thumb/v7-m/nofp/libc_nano.a(libc_a-fstatr.o)
 .bss           0x20000904        0x0 /usr/lib64/gcc/arm-none-eabi/13/../../../../arm-none-eabi/lib/thumb/v7-m/nofp/libc_nano.a(libc_a-isattyr.o)
 .bss           0x20000904        0x0 /usr/lib64/gcc/arm-none-eabi/13/../../../../arm-none-eabi/lib/thumb/v7-m/nofp/libc_nano.a(libc_a-msizer.o)
 .bss           0x20000904        0x0 /usr/lib64/gcc/arm-none-eabi/13/thumb/v7-m/nofp/libgcc.a(_arm_muldf3.o)
 .bss           0x20000904        0x0 /usr/lib64/gcc/arm-none-eabi/13/thumb/v7-m/nofp/libgcc.a(_arm_addsubdf3.o)
 .bss           0x20000904        0x0 /usr/lib64/gcc/arm-none-eabi/13/thumb/v7-m/nofp/libgcc.a(_arm_muldivdf3.o)
 .bss           0x20000904        0x0 /usr/lib64/gcc/arm-none-eabi/13/thumb/v7-m/nofp/libgcc.a(_arm_cmpdf2.o)
 .bss           0x20000904        0x0 /usr/lib64/gcc/arm-none-eabi/13/thumb/v7-m/nofp/libgcc.a(_arm_unorddf2.o)
 .bss           0x20000904        0x0 /usr/lib64/gcc/arm-none-eabi/13/thumb/v7-m/nofp/libgcc.a(_arm_fixdfsi.o)
 .bss           0x20000904        0x0 /usr/lib64/gcc/arm-none-eabi/13/thumb/v7-m/nofp/libgcc.a(_arm_truncdfsf2.o)
 .bss           0x20000904        0x0 /usr/lib64/gcc/arm-none-eabi/13/thumb/v7-m/nofp/libgcc.a(_arm_cmpsf2.o)
 .bss           0x20000904        0x0 /usr/lib64/gcc/arm-none-eabi/13/thumb/v7-m/nofp/libgcc.a(_arm_unordsf2.o)
 .bss           0x20000904        0x0 /usr/lib64/gcc/arm-none-eabi/13/thumb/v7-m/nofp/libgcc.a(_fixdfdi.o)
 .bss           0x20000904        0x0 /usr/lib64/gcc/arm-none-eabi/13/thumb/v7-m/nofp/libgcc.a(_fixunsdfdi.o)
 .bss           0x20000904        0x0 /usr/lib64/gcc/arm-none-eabi/13/thumb/v7-m/nofp/crtend.o
 .bss           0x20000904        0x0 /usr/lib64/gcc/arm-none-eabi/13/thumb/v7-m/nofp/crtn.o
 *(.bss.*)
 *(COMMON)
                0x20000908                        . = ALIGN (0x8)
 *fill*         0x20000904        0x4 
                0x20000908                        _ebss = .
                0x20000908                        __bss_end__ = _ebss
                0x20000908                        . = ALIGN (0x8)
                0x20000908                        end = .
                0x20000908                        __end__ = end
                0x20000908                        _end = end

._user_heap_stack
                0x20000908      0x800 load address 0x080173cc
                0x20000908                        . = ALIGN (0x8)
                0x20000908                        . = (. + _Min_Heap_Size)
                0x20000908                        __heap_limit = .
                0x20001108                        . = (. + _Min_Stack_Size)
 *fill*         0x20000908      0x800 
                0x20001108                        . = ALIGN (0x8)
OUTPUT(final.elf elf32-littlearm)
LOAD linker stubs

.ARM.attributes
                0x00000000       0x29
 .ARM.attributes
                0x00000000       0x1d /usr/lib64/gcc/arm-none-eabi/13/thumb/v7-m/nofp/crti.o
 .ARM.attributes
                0x0000001d       0x2d /usr/lib64/gcc/arm-none-eabi/13/thumb/v7-m/nofp/crtbegin.o
 .ARM.attributes
                0x0000004a       0x1b /usr/lib64/gcc/arm-none-eabi/13/../../../../arm-none-eabi/lib/thumb/v7-m/nofp/crt0.o
 .ARM.attributes
                0x00000065       0x2d obj/DMA/buzzer.o
 .ARM.attributes
                0x00000092       0x2d obj/i2c/aht20.o
 .ARM.attributes
                0x000000bf       0x2d obj/i2c/i2c.o
 .ARM.attributes
                0x000000ec       0x2d obj/core/syscalls.o
 .ARM.attributes
                0x00000119       0x2d obj/core/stm32_startup.o
 .ARM.attributes
                0x00000146       0x2d obj/core/clock_set.o
 .ARM.attributes
                0x00000173       0x2d obj/core/timeout.o
 .ARM.attributes
                0x000001a0       0x2d obj/core/main.o
 .ARM.attributes
                0x000001cd       0x2d obj/uart/usart.o
 .ARM.attributes
                0x000001fa       0x2d obj/uart/neo6m.o
 .ARM.attributes
                0x00000227       0x2d obj/uart/a7670.o
 .ARM.attributes
                0x00000254       0x1d /usr/lib64/gcc/arm-none-eabi/13/thumb/v7-m/nofp/libgcc.a(_arm_mulsf3.o)
 .ARM.attributes
                0x00000271       0x1d /usr/lib64/gcc/arm-none-eabi/13/thumb/v7-m/nofp/libgcc.a(_arm_fixunsdfsi.o)
 .ARM.attributes
                0x0000028e       0x1d /usr/lib64/gcc/arm-none-eabi/13/thumb/v7-m/nofp/libgcc.a(_arm_addsubsf3.o)
 .ARM.attributes
                0x000002ab       0x1d /usr/lib64/gcc/arm-none-eabi/13/thumb/v7-m/nofp/libgcc.a(_arm_muldivsf3.o)
 .ARM.attributes
                0x000002c8       0x2d /usr/lib64/gcc/arm-none-eabi/13/../../../../arm-none-eabi/lib/thumb/v7-m/nofp/libc_nano.a(libc_a-atexit.o)
 .ARM.attributes
                0x000002f5       0x2d /usr/lib64/gcc/arm-none-eabi/13/../../../../arm-none-eabi/lib/thumb/v7-m/nofp/libc_nano.a(libc_a-atof.o)
 .ARM.attributes
                0x00000322       0x2d /usr/lib64/gcc/arm-none-eabi/13/../../../../arm-none-eabi/lib/thumb/v7-m/nofp/libc_nano.a(libc_a-atoi.o)
 .ARM.attributes
                0x0000034f       0x2d /usr/lib64/gcc/arm-none-eabi/13/../../../../arm-none-eabi/lib/thumb/v7-m/nofp/libc_nano.a(libc_a-exit.o)
 .ARM.attributes
                0x0000037c       0x2d /usr/lib64/gcc/arm-none-eabi/13/../../../../arm-none-eabi/lib/thumb/v7-m/nofp/libc_nano.a(libc_a-strtod.o)
 .ARM.attributes
                0x000003a9       0x2d /usr/lib64/gcc/arm-none-eabi/13/../../../../arm-none-eabi/lib/thumb/v7-m/nofp/libc_nano.a(libc_a-strtol.o)
 .ARM.attributes
                0x000003d6       0x2d /usr/lib64/gcc/arm-none-eabi/13/../../../../arm-none-eabi/lib/thumb/v7-m/nofp/libc_nano.a(libc_a-ctype_.o)
 .ARM.attributes
                0x00000403       0x2d /usr/lib64/gcc/arm-none-eabi/13/../../../../arm-none-eabi/lib/thumb/v7-m/nofp/libc_nano.a(libc_a-nano-vfprintf_float.o)
 .ARM.attributes
                0x00000430       0x2d /usr/lib64/gcc/arm-none-eabi/13/../../../../arm-none-eabi/lib/thumb/v7-m/nofp/libc_nano.a(libc_a-nano-vfprintf_i.o)
 .ARM.attributes
                0x0000045d       0x2d /usr/lib64/gcc/arm-none-eabi/13/../../../../arm-none-eabi/lib/thumb/v7-m/nofp/libc_nano.a(libc_a-findfp.o)
 .ARM.attributes
                0x0000048a       0x2d /usr/lib64/gcc/arm-none-eabi/13/../../../../arm-none-eabi/lib/thumb/v7-m/nofp/libc_nano.a(libc_a-fwalk.o)
 .ARM.attributes
                0x000004b7       0x2d /usr/lib64/gcc/arm-none-eabi/13/../../../../arm-none-eabi/lib/thumb/v7-m/nofp/libc_nano.a(libc_a-stdio.o)
 .ARM.attributes
                0x000004e4       0x2d /usr/lib64/gcc/arm-none-eabi/13/../../../../arm-none-eabi/lib/thumb/v7-m/nofp/libc_nano.a(libc_a-memset.o)
 .ARM.attributes
                0x00000511       0x2d /usr/lib64/gcc/arm-none-eabi/13/../../../../arm-none-eabi/lib/thumb/v7-m/nofp/libc_nano.a(libc_a-strncmp.o)
 .ARM.attributes
                0x0000053e       0x2d /usr/lib64/gcc/arm-none-eabi/13/../../../../arm-none-eabi/lib/thumb/v7-m/nofp/libc_nano.a(libc_a-locale.o)
 .ARM.attributes
                0x0000056b       0x2d /usr/lib64/gcc/arm-none-eabi/13/../../../../arm-none-eabi/lib/thumb/v7-m/nofp/libc_nano.a(libc_a-localeconv.o)
 .ARM.attributes
                0x00000598       0x2d /usr/lib64/gcc/arm-none-eabi/13/../../../../arm-none-eabi/lib/thumb/v7-m/nofp/libc_nano.a(libc_a-closer.o)
 .ARM.attributes
                0x000005c5       0x2d /usr/lib64/gcc/arm-none-eabi/13/../../../../arm-none-eabi/lib/thumb/v7-m/nofp/libc_nano.a(libc_a-reent.o)
 .ARM.attributes
                0x000005f2       0x2d /usr/lib64/gcc/arm-none-eabi/13/../../../../arm-none-eabi/lib/thumb/v7-m/nofp/libc_nano.a(libc_a-impure.o)
 .ARM.attributes
                0x0000061f       0x2d /usr/lib64/gcc/arm-none-eabi/13/../../../../arm-none-eabi/lib/thumb/v7-m/nofp/libc_nano.a(libc_a-lseekr.o)
 .ARM.attributes
                0x0000064c       0x2d /usr/lib64/gcc/arm-none-eabi/13/../../../../arm-none-eabi/lib/thumb/v7-m/nofp/libc_nano.a(libc_a-readr.o)
 .ARM.attributes
                0x00000679       0x2d /usr/lib64/gcc/arm-none-eabi/13/../../../../arm-none-eabi/lib/thumb/v7-m/nofp/libc_nano.a(libc_a-writer.o)
 .ARM.attributes
                0x000006a6       0x2d /usr/lib64/gcc/arm-none-eabi/13/../../../../arm-none-eabi/lib/thumb/v7-m/nofp/libc_nano.a(libc_a-errno.o)
 .ARM.attributes
                0x000006d3       0x2d /usr/lib64/gcc/arm-none-eabi/13/../../../../arm-none-eabi/lib/thumb/v7-m/nofp/libc_nano.a(libc_a-init.o)
 .ARM.attributes
                0x00000700       0x2d /usr/lib64/gcc/arm-none-eabi/13/../../../../arm-none-eabi/lib/thumb/v7-m/nofp/libc_nano.a(libc_a-fini.o)
 .ARM.attributes
                0x0000072d       0x1b /usr/lib64/gcc/arm-none-eabi/13/../../../../arm-none-eabi/lib/thumb/v7-m/nofp/libc_nano.a(libc_a-strcmp.o)
 .ARM.attributes
                0x00000748       0x2d /usr/lib64/gcc/arm-none-eabi/13/../../../../arm-none-eabi/lib/thumb/v7-m/nofp/libc_nano.a(libc_a-memchr-stub.o)
 .ARM.attributes
                0x00000775       0x2d /usr/lib64/gcc/arm-none-eabi/13/../../../../arm-none-eabi/lib/thumb/v7-m/nofp/libc_nano.a(libc_a-memcpy-stub.o)
 .ARM.attributes
                0x000007a2       0x17 /usr/lib64/gcc/arm-none-eabi/13/../../../../arm-none-eabi/lib/thumb/v7-m/nofp/libc_nano.a(libc_a-strlen.o)
 .ARM.attributes
                0x000007b9       0x2d /usr/lib64/gcc/arm-none-eabi/13/../../../../arm-none-eabi/lib/thumb/v7-m/nofp/libc_nano.a(libm_a-s_nan.o)
 .ARM.attributes
                0x000007e6       0x2d /usr/lib64/gcc/arm-none-eabi/13/../../../../arm-none-eabi/lib/thumb/v7-m/nofp/libc_nano.a(libm_a-sf_nan.o)
 .ARM.attributes
                0x00000813       0x2d /usr/lib64/gcc/arm-none-eabi/13/../../../../arm-none-eabi/lib/thumb/v7-m/nofp/libc_nano.a(libc_a-__atexit.o)
 .ARM.attributes
                0x00000840       0x2d /usr/lib64/gcc/arm-none-eabi/13/../../../../arm-none-eabi/lib/thumb/v7-m/nofp/libc_nano.a(libc_a-__call_atexit.o)
 .ARM.attributes
                0x0000086d       0x2d /usr/lib64/gcc/arm-none-eabi/13/../../../../arm-none-eabi/lib/thumb/v7-m/nofp/libc_nano.a(libc_a-dtoa.o)
 .ARM.attributes
                0x0000089a       0x2d /usr/lib64/gcc/arm-none-eabi/13/../../../../arm-none-eabi/lib/thumb/v7-m/nofp/libc_nano.a(libc_a-freer.o)
 .ARM.attributes
                0x000008c7       0x2d /usr/lib64/gcc/arm-none-eabi/13/../../../../arm-none-eabi/lib/thumb/v7-m/nofp/libc_nano.a(libc_a-gdtoa-gethex.o)
 .ARM.attributes
                0x000008f4       0x2d /usr/lib64/gcc/arm-none-eabi/13/../../../../arm-none-eabi/lib/thumb/v7-m/nofp/libc_nano.a(libc_a-gdtoa-hexnan.o)
 .ARM.attributes
                0x00000921       0x2d /usr/lib64/gcc/arm-none-eabi/13/../../../../arm-none-eabi/lib/thumb/v7-m/nofp/libc_nano.a(libc_a-mallocr.o)
 .ARM.attributes
                0x0000094e       0x2d /usr/lib64/gcc/arm-none-eabi/13/../../../../arm-none-eabi/lib/thumb/v7-m/nofp/libc_nano.a(libc_a-mbtowc_r.o)
 .ARM.attributes
                0x0000097b       0x2d /usr/lib64/gcc/arm-none-eabi/13/../../../../arm-none-eabi/lib/thumb/v7-m/nofp/libc_nano.a(libc_a-mlock.o)
 .ARM.attributes
                0x000009a8       0x2d /usr/lib64/gcc/arm-none-eabi/13/../../../../arm-none-eabi/lib/thumb/v7-m/nofp/libc_nano.a(libc_a-mprec.o)
 .ARM.attributes
                0x000009d5       0x2d /usr/lib64/gcc/arm-none-eabi/13/../../../../arm-none-eabi/lib/thumb/v7-m/nofp/libc_nano.a(libc_a-wctomb_r.o)
 .ARM.attributes
                0x00000a02       0x2d /usr/lib64/gcc/arm-none-eabi/13/../../../../arm-none-eabi/lib/thumb/v7-m/nofp/libc_nano.a(libc_a-fflush.o)
 .ARM.attributes
                0x00000a2f       0x2d /usr/lib64/gcc/arm-none-eabi/13/../../../../arm-none-eabi/lib/thumb/v7-m/nofp/libc_nano.a(libc_a-sbrkr.o)
 .ARM.attributes
                0x00000a5c       0x2d /usr/lib64/gcc/arm-none-eabi/13/../../../../arm-none-eabi/lib/thumb/v7-m/nofp/libc_nano.a(libc_a-assert.o)
 .ARM.attributes
                0x00000a89       0x2d /usr/lib64/gcc/arm-none-eabi/13/../../../../arm-none-eabi/lib/thumb/v7-m/nofp/libc_nano.a(libc_a-callocr.o)
 .ARM.attributes
                0x00000ab6       0x2d /usr/lib64/gcc/arm-none-eabi/13/../../../../arm-none-eabi/lib/thumb/v7-m/nofp/libc_nano.a(libc_a-fprintf.o)
 .ARM.attributes
                0x00000ae3       0x2d /usr/lib64/gcc/arm-none-eabi/13/../../../../arm-none-eabi/lib/thumb/v7-m/nofp/libc_nano.a(libc_a-abort.o)
 .ARM.attributes
                0x00000b10       0x2d /usr/lib64/gcc/arm-none-eabi/13/../../../../arm-none-eabi/lib/thumb/v7-m/nofp/libc_nano.a(libc_a-nano-vfprintf.o)
 .ARM.attributes
                0x00000b3d       0x2d /usr/lib64/gcc/arm-none-eabi/13/../../../../arm-none-eabi/lib/thumb/v7-m/nofp/libc_nano.a(libc_a-fvwrite.o)
 .ARM.attributes
                0x00000b6a       0x2d /usr/lib64/gcc/arm-none-eabi/13/../../../../arm-none-eabi/lib/thumb/v7-m/nofp/libc_nano.a(libc_a-wbuf.o)
 .ARM.attributes
                0x00000b97       0x2d /usr/lib64/gcc/arm-none-eabi/13/../../../../arm-none-eabi/lib/thumb/v7-m/nofp/libc_nano.a(libc_a-wsetup.o)
 .ARM.attributes
                0x00000bc4       0x2d /usr/lib64/gcc/arm-none-eabi/13/../../../../arm-none-eabi/lib/thumb/v7-m/nofp/libc_nano.a(libc_a-memmove.o)
 .ARM.attributes
                0x00000bf1       0x2d /usr/lib64/gcc/arm-none-eabi/13/../../../../arm-none-eabi/lib/thumb/v7-m/nofp/libc_nano.a(libc_a-signal.o)
 .ARM.attributes
                0x00000c1e       0x2d /usr/lib64/gcc/arm-none-eabi/13/../../../../arm-none-eabi/lib/thumb/v7-m/nofp/libc_nano.a(libc_a-signalr.o)
 .ARM.attributes
                0x00000c4b       0x2d /usr/lib64/gcc/arm-none-eabi/13/../../../../arm-none-eabi/lib/thumb/v7-m/nofp/libc_nano.a(libc_a-reallocr.o)
 .ARM.attributes
                0x00000c78       0x2d /usr/lib64/gcc/arm-none-eabi/13/../../../../arm-none-eabi/lib/thumb/v7-m/nofp/libc_nano.a(libc_a-makebuf.o)
 .ARM.attributes
                0x00000ca5       0x2d /usr/lib64/gcc/arm-none-eabi/13/../../../../arm-none-eabi/lib/thumb/v7-m/nofp/libc_nano.a(libc_a-fstatr.o)
 .ARM.attributes
                0x00000cd2       0x2d /usr/lib64/gcc/arm-none-eabi/13/../../../../arm-none-eabi/lib/thumb/v7-m/nofp/libc_nano.a(libc_a-isattyr.o)
 .ARM.attributes
                0x00000cff       0x2d /usr/lib64/gcc/arm-none-eabi/13/../../../../arm-none-eabi/lib/thumb/v7-m/nofp/libc_nano.a(libc_a-msizer.o)
 .ARM.attributes
                0x00000d2c       0x1d /usr/lib64/gcc/arm-none-eabi/13/thumb/v7-m/nofp/libgcc.a(_arm_muldf3.o)
 .ARM.attributes
                0x00000d49       0x1d /usr/lib64/gcc/arm-none-eabi/13/thumb/v7-m/nofp/libgcc.a(_arm_addsubdf3.o)
 .ARM.attributes
                0x00000d66       0x1d /usr/lib64/gcc/arm-none-eabi/13/thumb/v7-m/nofp/libgcc.a(_arm_muldivdf3.o)
 .ARM.attributes
                0x00000d83       0x1d /usr/lib64/gcc/arm-none-eabi/13/thumb/v7-m/nofp/libgcc.a(_arm_cmpdf2.o)
 .ARM.attributes
                0x00000da0       0x1d /usr/lib64/gcc/arm-none-eabi/13/thumb/v7-m/nofp/libgcc.a(_arm_unorddf2.o)
 .ARM.attributes
                0x00000dbd       0x1d /usr/lib64/gcc/arm-none-eabi/13/thumb/v7-m/nofp/libgcc.a(_arm_fixdfsi.o)
 .ARM.attributes
                0x00000dda       0x1d /usr/lib64/gcc/arm-none-eabi/13/thumb/v7-m/nofp/libgcc.a(_arm_truncdfsf2.o)
 .ARM.attributes
                0x00000df7       0x1d /usr/lib64/gcc/arm-none-eabi/13/thumb/v7-m/nofp/libgcc.a(_arm_cmpsf2.o)
 .ARM.attributes
                0x00000e14       0x1d /usr/lib64/gcc/arm-none-eabi/13/thumb/v7-m/nofp/libgcc.a(_arm_unordsf2.o)
 .ARM.attributes
                0x00000e31       0x2d /usr/lib64/gcc/arm-none-eabi/13/thumb/v7-m/nofp/libgcc.a(_fixdfdi.o)
 .ARM.attributes
                0x00000e5e       0x2d /usr/lib64/gcc/arm-none-eabi/13/thumb/v7-m/nofp/libgcc.a(_fixunsdfdi.o)
 .ARM.attributes
                0x00000e8b       0x2d /usr/lib64/gcc/arm-none-eabi/13/thumb/v7-m/nofp/crtend.o
 .ARM.attributes
                0x00000eb8       0x1d /usr/lib64/gcc/arm-none-eabi/13/thumb/v7-m/nofp/crtn.o

.comment        0x00000000       0x3b
 .comment       0x00000000       0x3b obj/DMA/buzzer.o
                                 0x1a (size before relaxing)
 .comment       0x0000003b        0x0 obj/i2c/aht20.o
                                 0x1a (size before relaxing)
 .comment       0x0000003b        0x0 obj/i2c/i2c.o
                                 0x1a (size before relaxing)
 .comment       0x0000003b        0x0 obj/core/syscalls.o
                                 0x1a (size before relaxing)
 .comment       0x0000003b        0x0 obj/core/stm32_startup.o
                                 0x1a (size before relaxing)
 .comment       0x0000003b        0x0 obj/core/clock_set.o
                                 0x1a (size before relaxing)
 .comment       0x0000003b        0x0 obj/core/timeout.o
                                 0x1a (size before relaxing)
 .comment       0x0000003b        0x0 obj/core/main.o
                                 0x1a (size before relaxing)
 .comment       0x0000003b        0x0 obj/uart/usart.o
                                 0x1a (size before relaxing)
 .comment       0x0000003b        0x0 obj/uart/neo6m.o
                                 0x1a (size before relaxing)
 .comment       0x0000003b        0x0 obj/uart/a7670.o
                                 0x1a (size before relaxing)
 .comment       0x0000003b        0x0 /usr/lib64/gcc/arm-none-eabi/13/../../../../arm-none-eabi/lib/thumb/v7-m/nofp/libc_nano.a(libc_a-atexit.o)
                                 0x23 (size before relaxing)
 .comment       0x0000003b        0x0 /usr/lib64/gcc/arm-none-eabi/13/../../../../arm-none-eabi/lib/thumb/v7-m/nofp/libc_nano.a(libc_a-atof.o)
                                 0x23 (size before relaxing)
 .comment       0x0000003b        0x0 /usr/lib64/gcc/arm-none-eabi/13/../../../../arm-none-eabi/lib/thumb/v7-m/nofp/libc_nano.a(libc_a-atoi.o)
                                 0x23 (size before relaxing)
 .comment       0x0000003b        0x0 /usr/lib64/gcc/arm-none-eabi/13/../../../../arm-none-eabi/lib/thumb/v7-m/nofp/libc_nano.a(libc_a-exit.o)
                                 0x23 (size before relaxing)
 .comment       0x0000003b        0x0 /usr/lib64/gcc/arm-none-eabi/13/../../../../arm-none-eabi/lib/thumb/v7-m/nofp/libc_nano.a(libc_a-strtod.o)
                                 0x23 (size before relaxing)
 .comment       0x0000003b        0x0 /usr/lib64/gcc/arm-none-eabi/13/../../../../arm-none-eabi/lib/thumb/v7-m/nofp/libc_nano.a(libc_a-strtol.o)
                                 0x23 (size before relaxing)
 .comment       0x0000003b        0x0 /usr/lib64/gcc/arm-none-eabi/13/../../../../arm-none-eabi/lib/thumb/v7-m/nofp/libc_nano.a(libc_a-ctype_.o)
                                 0x23 (size before relaxing)
 .comment       0x0000003b        0x0 /usr/lib64/gcc/arm-none-eabi/13/../../../../arm-none-eabi/lib/thumb/v7-m/nofp/libc_nano.a(libc_a-nano-vfprintf_float.o)
                                 0x23 (size before relaxing)
 .comment       0x0000003b        0x0 /usr/lib64/gcc/arm-none-eabi/13/../../../../arm-none-eabi/lib/thumb/v7-m/nofp/libc_nano.a(libc_a-nano-vfprintf_i.o)
                                 0x23 (size before relaxing)
 .comment       0x0000003b        0x0 /usr/lib64/gcc/arm-none-eabi/13/../../../../arm-none-eabi/lib/thumb/v7-m/nofp/libc_nano.a(libc_a-findfp.o)
                                 0x23 (size before relaxing)
 .comment       0x0000003b        0x0 /usr/lib64/gcc/arm-none-eabi/13/../../../../arm-none-eabi/lib/thumb/v7-m/nofp/libc_nano.a(libc_a-fwalk.o)
                                 0x23 (size before relaxing)
 .comment       0x0000003b        0x0 /usr/lib64/gcc/arm-none-eabi/13/../../../../arm-none-eabi/lib/thumb/v7-m/nofp/libc_nano.a(libc_a-stdio.o)
                                 0x23 (size before relaxing)
 .comment       0x0000003b        0x0 /usr/lib64/gcc/arm-none-eabi/13/../../../../arm-none-eabi/lib/thumb/v7-m/nofp/libc_nano.a(libc_a-memset.o)
                                 0x23 (size before relaxing)
 .comment       0x0000003b        0x0 /usr/lib64/gcc/arm-none-eabi/13/../../../../arm-none-eabi/lib/thumb/v7-m/nofp/libc_nano.a(libc_a-strncmp.o)
                                 0x23 (size before relaxing)
 .comment       0x0000003b        0x0 /usr/lib64/gcc/arm-none-eabi/13/../../../../arm-none-eabi/lib/thumb/v7-m/nofp/libc_nano.a(libc_a-locale.o)
                                 0x23 (size before relaxing)
 .comment       0x0000003b        0x0 /usr/lib64/gcc/arm-none-eabi/13/../../../../arm-none-eabi/lib/thumb/v7-m/nofp/libc_nano.a(libc_a-localeconv.o)
                                 0x23 (size before relaxing)
 .comment       0x0000003b        0x0 /usr/lib64/gcc/arm-none-eabi/13/../../../../arm-none-eabi/lib/thumb/v7-m/nofp/libc_nano.a(libc_a-closer.o)
                                 0x23 (size before relaxing)
 .comment       0x0000003b        0x0 /usr/lib64/gcc/arm-none-eabi/13/../../../../arm-none-eabi/lib/thumb/v7-m/nofp/libc_nano.a(libc_a-reent.o)
                                 0x23 (size before relaxing)
 .comment       0x0000003b        0x0 /usr/lib64/gcc/arm-none-eabi/13/../../../../arm-none-eabi/lib/thumb/v7-m/nofp/libc_nano.a(libc_a-impure.o)
                                 0x23 (size before relaxing)
 .comment       0x0000003b        0x0 /usr/lib64/gcc/arm-none-eabi/13/../../../../arm-none-eabi/lib/thumb/v7-m/nofp/libc_nano.a(libc_a-lseekr.o)
                                 0x23 (size before relaxing)
 .comment       0x0000003b        0x0 /usr/lib64/gcc/arm-none-eabi/13/../../../../arm-none-eabi/lib/thumb/v7-m/nofp/libc_nano.a(libc_a-readr.o)
                                 0x23 (size before relaxing)
 .comment       0x0000003b        0x0 /usr/lib64/gcc/arm-none-eabi/13/../../../../arm-none-eabi/lib/thumb/v7-m/nofp/libc_nano.a(libc_a-writer.o)
                                 0x23 (size before relaxing)
 .comment       0x0000003b        0x0 /usr/lib64/gcc/arm-none-eabi/13/../../../../arm-none-eabi/lib/thumb/v7-m/nofp/libc_nano.a(libc_a-errno.o)
                                 0x23 (size before relaxing)
 .comment       0x0000003b        0x0 /usr/lib64/gcc/arm-none-eabi/13/../../../../arm-none-eabi/lib/thumb/v7-m/nofp/libc_nano.a(libc_a-init.o)
                                 0x23 (size before relaxing)
 .comment       0x0000003b        0x0 /usr/lib64/gcc/arm-none-eabi/13/../../../../arm-none-eabi/lib/thumb/v7-m/nofp/libc_nano.a(libc_a-fini.o)
                                 0x23 (size before relaxing)
 .comment       0x0000003b        0x0 /usr/lib64/gcc/arm-none-eabi/13/../../../../arm-none-eabi/lib/thumb/v7-m/nofp/libc_nano.a(libc_a-memchr-stub.o)
                                 0x23 (size before relaxing)
 .comment       0x0000003b        0x0 /usr/lib64/gcc/arm-none-eabi/13/../../../../arm-none-eabi/lib/thumb/v7-m/nofp/libc_nano.a(libc_a-memcpy-stub.o)
                                 0x23 (size before relaxing)
 .comment       0x0000003b        0x0 /usr/lib64/gcc/arm-none-eabi/13/../../../../arm-none-eabi/lib/thumb/v7-m/nofp/libc_nano.a(libm_a-s_nan.o)
                                 0x23 (size before relaxing)
 .comment       0x0000003b        0x0 /usr/lib64/gcc/arm-none-eabi/13/../../../../arm-none-eabi/lib/thumb/v7-m/nofp/libc_nano.a(libm_a-sf_nan.o)
                                 0x23 (size before relaxing)
 .comment       0x0000003b        0x0 /usr/lib64/gcc/arm-none-eabi/13/../../../../arm-none-eabi/lib/thumb/v7-m/nofp/libc_nano.a(libc_a-__atexit.o)
                                 0x23 (size before relaxing)
 .comment       0x0000003b        0x0 /usr/lib64/gcc/arm-none-eabi/13/../../../../arm-none-eabi/lib/thumb/v7-m/nofp/libc_nano.a(libc_a-__call_atexit.o)
                                 0x23 (size before relaxing)
 .comment       0x0000003b        0x0 /usr/lib64/gcc/arm-none-eabi/13/../../../../arm-none-eabi/lib/thumb/v7-m/nofp/libc_nano.a(libc_a-dtoa.o)
                                 0x23 (size before relaxing)
 .comment       0x0000003b        0x0 /usr/lib64/gcc/arm-none-eabi/13/../../../../arm-none-eabi/lib/thumb/v7-m/nofp/libc_nano.a(libc_a-freer.o)
                                 0x23 (size before relaxing)
 .comment       0x0000003b        0x0 /usr/lib64/gcc/arm-none-eabi/13/../../../../arm-none-eabi/lib/thumb/v7-m/nofp/libc_nano.a(libc_a-gdtoa-gethex.o)
                                 0x23 (size before relaxing)
 .comment       0x0000003b        0x0 /usr/lib64/gcc/arm-none-eabi/13/../../../../arm-none-eabi/lib/thumb/v7-m/nofp/libc_nano.a(libc_a-gdtoa-hexnan.o)
                                 0x23 (size before relaxing)
 .comment       0x0000003b        0x0 /usr/lib64/gcc/arm-none-eabi/13/../../../../arm-none-eabi/lib/thumb/v7-m/nofp/libc_nano.a(libc_a-mallocr.o)
                                 0x23 (size before relaxing)
 .comment       0x0000003b        0x0 /usr/lib64/gcc/arm-none-eabi/13/../../../../arm-none-eabi/lib/thumb/v7-m/nofp/libc_nano.a(libc_a-mbtowc_r.o)
                                 0x23 (size before relaxing)
 .comment       0x0000003b        0x0 /usr/lib64/gcc/arm-none-eabi/13/../../../../arm-none-eabi/lib/thumb/v7-m/nofp/libc_nano.a(libc_a-mlock.o)
                                 0x23 (size before relaxing)
 .comment       0x0000003b        0x0 /usr/lib64/gcc/arm-none-eabi/13/../../../../arm-none-eabi/lib/thumb/v7-m/nofp/libc_nano.a(libc_a-mprec.o)
                                 0x23 (size before relaxing)
 .comment       0x0000003b        0x0 /usr/lib64/gcc/arm-none-eabi/13/../../../../arm-none-eabi/lib/thumb/v7-m/nofp/libc_nano.a(libc_a-wctomb_r.o)
                                 0x23 (size before relaxing)
 .comment       0x0000003b        0x0 /usr/lib64/gcc/arm-none-eabi/13/../../../../arm-none-eabi/lib/thumb/v7-m/nofp/libc_nano.a(libc_a-fflush.o)
                                 0x23 (size before relaxing)
 .comment       0x0000003b        0x0 /usr/lib64/gcc/arm-none-eabi/13/../../../../arm-none-eabi/lib/thumb/v7-m/nofp/libc_nano.a(libc_a-sbrkr.o)
                                 0x23 (size before relaxing)
 .comment       0x0000003b        0x0 /usr/lib64/gcc/arm-none-eabi/13/../../../../arm-none-eabi/lib/thumb/v7-m/nofp/libc_nano.a(libc_a-assert.o)
                                 0x23 (size before relaxing)
 .comment       0x0000003b        0x0 /usr/lib64/gcc/arm-none-eabi/13/../../../../arm-none-eabi/lib/thumb/v7-m/nofp/libc_nano.a(libc_a-callocr.o)
                                 0x23 (size before relaxing)
 .comment       0x0000003b        0x0 /usr/lib64/gcc/arm-none-eabi/13/../../../../arm-none-eabi/lib/thumb/v7-m/nofp/libc_nano.a(libc_a-fprintf.o)
                                 0x23 (size before relaxing)
 .comment       0x0000003b        0x0 /usr/lib64/gcc/arm-none-eabi/13/../../../../arm-none-eabi/lib/thumb/v7-m/nofp/libc_nano.a(libc_a-abort.o)
                                 0x23 (size before relaxing)
 .comment       0x0000003b        0x0 /usr/lib64/gcc/arm-none-eabi/13/../../../../arm-none-eabi/lib/thumb/v7-m/nofp/libc_nano.a(libc_a-nano-vfprintf.o)
                                 0x23 (size before relaxing)
 .comment       0x0000003b        0x0 /usr/lib64/gcc/arm-none-eabi/13/../../../../arm-none-eabi/lib/thumb/v7-m/nofp/libc_nano.a(libc_a-fvwrite.o)
                                 0x23 (size before relaxing)
 .comment       0x0000003b        0x0 /usr/lib64/gcc/arm-none-eabi/13/../../../../arm-none-eabi/lib/thumb/v7-m/nofp/libc_nano.a(libc_a-wbuf.o)
                                 0x23 (size before relaxing)
 .comment       0x0000003b        0x0 /usr/lib64/gcc/arm-none-eabi/13/../../../../arm-none-eabi/lib/thumb/v7-m/nofp/libc_nano.a(libc_a-wsetup.o)
                                 0x23 (size before relaxing)
 .comment       0x0000003b        0x0 /usr/lib64/gcc/arm-none-eabi/13/../../../../arm-none-eabi/lib/thumb/v7-m/nofp/libc_nano.a(libc_a-memmove.o)
                                 0x23 (size before relaxing)
 .comment       0x0000003b        0x0 /usr/lib64/gcc/arm-none-eabi/13/../../../../arm-none-eabi/lib/thumb/v7-m/nofp/libc_nano.a(libc_a-signal.o)
                                 0x23 (size before relaxing)
 .comment       0x0000003b        0x0 /usr/lib64/gcc/arm-none-eabi/13/../../../../arm-none-eabi/lib/thumb/v7-m/nofp/libc_nano.a(libc_a-signalr.o)
                                 0x23 (size before relaxing)
 .comment       0x0000003b        0x0 /usr/lib64/gcc/arm-none-eabi/13/../../../../arm-none-eabi/lib/thumb/v7-m/nofp/libc_nano.a(libc_a-reallocr.o)
                                 0x23 (size before relaxing)
 .comment       0x0000003b        0x0 /usr/lib64/gcc/arm-none-eabi/13/../../../../arm-none-eabi/lib/thumb/v7-m/nofp/libc_nano.a(libc_a-makebuf.o)
                                 0x23 (size before relaxing)
 .comment       0x0000003b        0x0 /usr/lib64/gcc/arm-none-eabi/13/../../../../arm-none-eabi/lib/thumb/v7-m/nofp/libc_nano.a(libc_a-fstatr.o)
                                 0x23 (size before relaxing)
 .comment       0x0000003b        0x0 /usr/lib64/gcc/arm-none-eabi/13/../../../../arm-none-eabi/lib/thumb/v7-m/nofp/libc_nano.a(libc_a-isattyr.o)
                                 0x23 (size before relaxing)
 .comment       0x0000003b        0x0 /usr/lib64/gcc/arm-none-eabi/13/../../../../arm-none-eabi/lib/thumb/v7-m/nofp/libc_nano.a(libc_a-msizer.o)
                                 0x23 (size before relaxing)

.debug_line     0x00000000     0xea64
 .debug_line    0x00000000       0xbe /usr/lib64/gcc/arm-none-eabi/13/../../../../arm-none-eabi/lib/thumb/v7-m/nofp/crt0.o
 .debug_line    0x000000be      0x1ce obj/DMA/buzzer.o
 .debug_line    0x0000028c      0x16c obj/i2c/aht20.o
 .debug_line    0x000003f8      0x25e obj/i2c/i2c.o
 .debug_line    0x00000656      0x297 obj/core/syscalls.o
 .debug_line    0x000008ed      0x10f obj/core/stm32_startup.o
 .debug_line    0x000009fc      0x13d obj/core/clock_set.o
 .debug_line    0x00000b39      0x101 obj/core/timeout.o
 .debug_line    0x00000c3a      0x186 obj/core/main.o
 .debug_line    0x00000dc0      0x14f obj/uart/usart.o
 .debug_line    0x00000f0f      0x2ed obj/uart/neo6m.o
 .debug_line    0x000011fc      0x390 obj/uart/a7670.o
 .debug_line    0x0000158c       0xbd /usr/lib64/gcc/arm-none-eabi/13/thumb/v7-m/nofp/libgcc.a(_arm_mulsf3.o)
 .debug_line    0x00001649       0x5e /usr/lib64/gcc/arm-none-eabi/13/thumb/v7-m/nofp/libgcc.a(_arm_fixunsdfsi.o)
 .debug_line    0x000016a7      0x103 /usr/lib64/gcc/arm-none-eabi/13/thumb/v7-m/nofp/libgcc.a(_arm_addsubsf3.o)
 .debug_line    0x000017aa      0x123 /usr/lib64/gcc/arm-none-eabi/13/thumb/v7-m/nofp/libgcc.a(_arm_muldivsf3.o)
 .debug_line    0x000018cd       0xfb /usr/lib64/gcc/arm-none-eabi/13/../../../../arm-none-eabi/lib/thumb/v7-m/nofp/libc_nano.a(libc_a-atexit.o)
 .debug_line    0x000019c8       0xe6 /usr/lib64/gcc/arm-none-eabi/13/../../../../arm-none-eabi/lib/thumb/v7-m/nofp/libc_nano.a(libc_a-atof.o)
 .debug_line    0x00001aae      0x1c9 /usr/lib64/gcc/arm-none-eabi/13/../../../../arm-none-eabi/lib/thumb/v7-m/nofp/libc_nano.a(libc_a-atoi.o)
 .debug_line    0x00001c77      0x19d /usr/lib64/gcc/arm-none-eabi/13/../../../../arm-none-eabi/lib/thumb/v7-m/nofp/libc_nano.a(libc_a-exit.o)
 .debug_line    0x00001e14     0x1385 /usr/lib64/gcc/arm-none-eabi/13/../../../../arm-none-eabi/lib/thumb/v7-m/nofp/libc_nano.a(libc_a-strtod.o)
 .debug_line    0x00003199      0x45b /usr/lib64/gcc/arm-none-eabi/13/../../../../arm-none-eabi/lib/thumb/v7-m/nofp/libc_nano.a(libc_a-strtol.o)
 .debug_line    0x000035f4       0xcf /usr/lib64/gcc/arm-none-eabi/13/../../../../arm-none-eabi/lib/thumb/v7-m/nofp/libc_nano.a(libc_a-ctype_.o)
 .debug_line    0x000036c3      0x9aa /usr/lib64/gcc/arm-none-eabi/13/../../../../arm-none-eabi/lib/thumb/v7-m/nofp/libc_nano.a(libc_a-nano-vfprintf_float.o)
 .debug_line    0x0000406d      0x6c5 /usr/lib64/gcc/arm-none-eabi/13/../../../../arm-none-eabi/lib/thumb/v7-m/nofp/libc_nano.a(libc_a-nano-vfprintf_i.o)
 .debug_line    0x00004732      0x4d0 /usr/lib64/gcc/arm-none-eabi/13/../../../../arm-none-eabi/lib/thumb/v7-m/nofp/libc_nano.a(libc_a-findfp.o)
 .debug_line    0x00004c02      0x21c /usr/lib64/gcc/arm-none-eabi/13/../../../../arm-none-eabi/lib/thumb/v7-m/nofp/libc_nano.a(libc_a-fwalk.o)
 .debug_line    0x00004e1e      0x2b3 /usr/lib64/gcc/arm-none-eabi/13/../../../../arm-none-eabi/lib/thumb/v7-m/nofp/libc_nano.a(libc_a-stdio.o)
 .debug_line    0x000050d1      0x13b /usr/lib64/gcc/arm-none-eabi/13/../../../../arm-none-eabi/lib/thumb/v7-m/nofp/libc_nano.a(libc_a-memset.o)
 .debug_line    0x0000520c      0x15e /usr/lib64/gcc/arm-none-eabi/13/../../../../arm-none-eabi/lib/thumb/v7-m/nofp/libc_nano.a(libc_a-strncmp.o)
 .debug_line    0x0000536a      0x29b /usr/lib64/gcc/arm-none-eabi/13/../../../../arm-none-eabi/lib/thumb/v7-m/nofp/libc_nano.a(libc_a-locale.o)
 .debug_line    0x00005605      0x1ec /usr/lib64/gcc/arm-none-eabi/13/../../../../arm-none-eabi/lib/thumb/v7-m/nofp/libc_nano.a(libc_a-localeconv.o)
 .debug_line    0x000057f1      0x1fe /usr/lib64/gcc/arm-none-eabi/13/../../../../arm-none-eabi/lib/thumb/v7-m/nofp/libc_nano.a(libc_a-closer.o)