Archive member included to satisfy reference by file (symbol)

/usr/lib64/gcc/arm-none-eabi/13/thumb/v7-m/nofp/libgcc.a(_arm_mulsf3.o)
                              obj/i2c/aht20.o (__aeabi_fmul)
/usr/lib64/gcc/arm-none-eabi/13/thumb/v7-m/nofp/libgcc.a(_arm_fixunsdfsi.o)
                              obj/uart/neo6m.o (__aeabi_d2uiz)
/usr/lib64/gcc/arm-none-eabi/13/thumb/v7-m/nofp/libgcc.a(_arm_addsubsf3.o)
                              obj/i2c/aht20.o (__aeabi_fsub)
/usr/lib64/gcc/arm-none-eabi/13/thumb/v7-m/nofp/libgcc.a(_arm_muldivsf3.o)
                              obj/i2c/aht20.o (__aeabi_fdiv)
/usr/lib64/gcc/arm-none-eabi/13/../../../../arm-none-eabi/lib/thumb/v7-m/nofp/libc_nano.a(libc_a-atexit.o)
                              /usr/lib64/gcc/arm-none-eabi/13/../../../../arm-none-eabi/lib/thumb/v7-m/nofp/crt0.o (atexit)
/usr/lib64/gcc/arm-none-eabi/13/../../../../arm-none-eabi/lib/thumb/v7-m/nofp/libc_nano.a(libc_a-atof.o)
                              obj/uart/neo6m.o (atof)
/usr/lib64/gcc/arm-none-eabi/13/../../../../arm-none-eabi/lib/thumb/v7-m/nofp/libc_nano.a(libc_a-atoi.o)
                              obj/uart/neo6m.o (atoi)
/usr/lib64/gcc/arm-none-eabi/13/../../../../arm-none-eabi/lib/thumb/v7-m/nofp/libc_nano.a(libc_a-exit.o)
                              /usr/lib64/gcc/arm-none-eabi/13/../../../../arm-none-eabi/lib/thumb/v7-m/nofp/crt0.o (exit)
/usr/lib64/gcc/arm-none-eabi/13/../../../../arm-none-eabi/lib/thumb/v7-m/nofp/libc_nano.a(libc_a-strtod.o)
                              /usr/lib64/gcc/arm-none-eabi/13/../../../../arm-none-eabi/lib/thumb/v7-m/nofp/libc_nano.a(libc_a-atof.o) (strtod)
/usr/lib64/gcc/arm-none-eabi/13/../../../../arm-none-eabi/lib/thumb/v7-m/nofp/libc_nano.a(libc_a-strtol.o)
                              /usr/lib64/gcc/arm-none-eabi/13/../../../../arm-none-eabi/lib/thumb/v7-m/nofp/libc_nano.a(libc_a-atoi.o) (_strtol_r)
/usr/lib64/gcc/arm-none-eabi/13/../../../../arm-none-eabi/lib/thumb/v7-m/nofp/libc_nano.a(libc_a-ctype_.o)
                              /usr/lib64/gcc/arm-none-eabi/13/../../../../arm-none-eabi/lib/thumb/v7-m/nofp/libc_nano.a(libc_a-strtol.o) (_ctype_)
/usr/lib64/gcc/arm-none-eabi/13/../../../../arm-none-eabi/lib/thumb/v7-m/nofp/libc_nano.a(libc_a-nano-vfprintf_float.o)
                              (_printf_float)
/usr/lib64/gcc/arm-none-eabi/13/../../../../arm-none-eabi/lib/thumb/v7-m/nofp/libc_nano.a(libc_a-nano-vfprintf_i.o)
                              /usr/lib64/gcc/arm-none-eabi/13/../../../../arm-none-eabi/lib/thumb/v7-m/nofp/libc_nano.a(libc_a-nano-vfprintf_float.o) (_printf_common)
/usr/lib64/gcc/arm-none-eabi/13/../../../../arm-none-eabi/lib/thumb/v7-m/nofp/libc_nano.a(libc_a-findfp.o)
                              /usr/lib64/gcc/arm-none-eabi/13/../../../../arm-none-eabi/lib/thumb/v7-m/nofp/libc_nano.a(libc_a-exit.o) (__stdio_exit_handler)
/usr/lib64/gcc/arm-none-eabi/13/../../../../arm-none-eabi/lib/thumb/v7-m/nofp/libc_nano.a(libc_a-fwalk.o)
                              /usr/lib64/gcc/arm-none-eabi/13/../../../../arm-none-eabi/lib/thumb/v7-m/nofp/libc_nano.a(libc_a-findfp.o) (_fwalk_sglue)
/usr/lib64/gcc/arm-none-eabi/13/../../../../arm-none-eabi/lib/thumb/v7-m/nofp/libc_nano.a(libc_a-stdio.o)
                              /usr/lib64/gcc/arm-none-eabi/13/../../../../arm-none-eabi/lib/thumb/v7-m/nofp/libc_nano.a(libc_a-findfp.o) (__sread)
/usr/lib64/gcc/arm-none-eabi/13/../../../../arm-none-eabi/lib/thumb/v7-m/nofp/libc_nano.a(libc_a-memset.o)
                              /usr/lib64/gcc/arm-none-eabi/13/../../../../arm-none-eabi/lib/thumb/v7-m/nofp/crt0.o (memset)
/usr/lib64/gcc/arm-none-eabi/13/../../../../arm-none-eabi/lib/thumb/v7-m/nofp/libc_nano.a(libc_a-strncmp.o)
                              obj/uart/neo6m.o (strncmp)
/usr/lib64/gcc/arm-none-eabi/13/../../../../arm-none-eabi/lib/thumb/v7-m/nofp/libc_nano.a(libc_a-locale.o)
                              /usr/lib64/gcc/arm-none-eabi/13/../../../../arm-none-eabi/lib/thumb/v7-m/nofp/libc_nano.a(libc_a-strtod.o) (__global_locale)
/usr/lib64/gcc/arm-none-eabi/13/../../../../arm-none-eabi/lib/thumb/v7-m/nofp/libc_nano.a(libc_a-localeconv.o)
                              /usr/lib64/gcc/arm-none-eabi/13/../../../../arm-none-eabi/lib/thumb/v7-m/nofp/libc_nano.a(libc_a-nano-vfprintf_float.o) (_localeconv_r)
/usr/lib64/gcc/arm-none-eabi/13/../../../../arm-none-eabi/lib/thumb/v7-m/nofp/libc_nano.a(libc_a-closer.o)
                              /usr/lib64/gcc/arm-none-eabi/13/../../../../arm-none-eabi/lib/thumb/v7-m/nofp/libc_nano.a(libc_a-stdio.o) (_close_r)
/usr/lib64/gcc/arm-none-eabi/13/../../../../arm-none-eabi/lib/thumb/v7-m/nofp/libc_nano.a(libc_a-reent.o)
                              /usr/lib64/gcc/arm-none-eabi/13/../../../../arm-none-eabi/lib/thumb/v7-m/nofp/libc_nano.a(libc_a-closer.o) (errno)
/usr/lib64/gcc/arm-none-eabi/13/../../../../arm-none-eabi/lib/thumb/v7-m/nofp/libc_nano.a(libc_a-impure.o)
[...]
Memory Configuration

Name             Origin             Length             Attributes
FLASH            0x08000000         0x00020000         xr
SRAM             0x20000000         0x00005000         xrw
*default*        0x00000000         0xffffffff

Linker script and memory map

LOAD /usr/lib64/gcc/arm-none-eabi/13/thumb/v7-m/nofp/crti.o
LOAD /usr/lib64/gcc/arm-none-eabi/13/thumb/v7-m/nofp/crtbegin.o
LOAD /usr/lib64/gcc/arm-none-eabi/13/../../../../arm-none-eabi/lib/thumb/v7-m/nofp/crt0.o
LOAD /usr/lib64/gcc/arm-none-eabi/13/../../../../arm-none-eabi/lib/thumb/v7-m/nofp/libm.a
LOAD obj/i2c/aht20.o
LOAD obj/i2c/i2c.o
LOAD obj/core/syscalls.o
LOAD obj/core/stm32_startup.o
LOAD obj/core/clock_set.o
LOAD obj/core/timeout.o
LOAD obj/core/main.o
LOAD obj/uart/usart.o
LOAD obj/uart/neo6m.o
LOAD obj/uart/a7670.o
LOAD /usr/lib64/gcc/arm-none-eabi/13/../../../../arm-none-eabi/lib/thumb/v7-m/nofp/libm.a
START GROUP
LOAD /usr/lib64/gcc/arm-none-eabi/13/thumb/v7-m/nofp/libgcc.a
LOAD /usr/lib64/gcc/arm-none-eabi/13/../../../../arm-none-eabi/lib/thumb/v7-m/nofp/libc_nano.a
END GROUP
START GROUP
LOAD /usr/lib64/gcc/arm-none-eabi/13/thumb/v7-m/nofp/libgcc.a
LOAD /usr/lib64/gcc/arm-none-eabi/13/../../../../arm-none-eabi/lib/thumb/v7-m/nofp/libc_nano.a
LOAD /usr/lib64/gcc/arm-none-eabi/13/../../../../arm-none-eabi/lib/thumb/v7-m/nofp/libnosys.a
END GROUP
START GROUP
LOAD /usr/lib64/gcc/arm-none-eabi/13/thumb/v7-m/nofp/libgcc.a
LOAD /usr/lib64/gcc/arm-none-eabi/13/../../../../arm-none-eabi/lib/thumb/v7-m/nofp/libc_nano.a
LOAD /usr/lib64/gcc/arm-none-eabi/13/../../../../arm-none-eabi/lib/thumb/v7-m/nofp/libnosys.a
END GROUP
LOAD /usr/lib64/gcc/arm-none-eabi/13/thumb/v7-m/nofp/crtend.o
LOAD /usr/lib64/gcc/arm-none-eabi/13/thumb/v7-m/nofp/crtn.o
                0x20005000                        _estack = (ORIGIN (SRAM) + LENGTH (SRAM))
                0x00000000                        _Min_Heap_Size = 0x0
                0x00000800                        _Min_Stack_Size = 0x800

.text           0x08000000     0x73d0
                0x08000000                        . = ALIGN (0x8)
 *(.isr_vector)
 .isr_vector    0x08000000      0x130 obj/core/stm32_startup.o
                0x08000000                vectors
 *(.text)
 .text          0x08000130        0x0 /usr/lib64/gcc/arm-none-eabi/13/thumb/v7-m/nofp/crti.o
 .text          0x08000130       0x88 /usr/lib64/gcc/arm-none-eabi/13/thumb/v7-m/nofp/crtbegin.o
 .text          0x080001b8       0xf0 /usr/lib64/gcc/arm-none-eabi/13/../../../../arm-none-eabi/lib/thumb/v7-m/nofp/crt0.o
                0x080001b8                _stack_init
                0x080001c4                _mainCRTStartup
                0x080001c4                _start
 .text          0x080002a8      0x174 obj/i2c/aht20.o
                0x080002a8                AHT20_init_sequence
                0x080002fc                AHT20_trigger_measurement
                0x08000322                AHT20_read_results
                0x08000364                AHT20_calculate_data
 .text          0x0800041c      0x294 obj/i2c/i2c.o
                0x0800041c                i2c1_init
                0x08000520                i2c1_start
                0x080005b8                i2c1_write
                0x080005e8                i2c1_stop
                0x08000630                i2c1_read
 .text          0x080006b0      0x278 obj/core/syscalls.o
                0x080006b0                initialise_monitor_handles
                0x080006bc                _getpid
                0x080006ca                _kill
                0x080006ea                _exit
                0x08000700                _read
                0x0800073a                _write
                0x08000772                _fputwc_r
                0x0800078a                _close
                0x080007a0                _fstat
                0x080007be                _isatty
                0x080007d2                _lseek
                0x080007ea                _open
                0x08000804                _wait
                0x08000822                _unlink
                0x08000840                _times
                0x08000856                _stat
                0x08000874                _link
                0x08000894                _fork
                0x080008aa                _execve
                0x080008cc                _sbrk
 .text          0x08000928       0x94 obj/core/stm32_startup.o
                0x08000928                EXTI2_IRQHandler
                0x08000928                TIM8_TRG_COM_IRQHandler
                0x08000928                TIM8_CC_IRQHandler
                0x08000928                SVCall_Handler
                0x08000928                DebugMon_Handler
                0x08000928                TIM1_CC_IRQHandler
                0x08000928                TIM6_IRQHandler
                0x08000928                SysTick_Handler
                0x08000928                PVD_IRQHandler
                0x08000928                SDIO_IRQHandler
                0x08000928                PendSV_Handler
                0x08000928                NMI_Handler
                0x08000928                EXTI3_IRQHandler
                0x08000928                USB_HP_CAN_TX_IRQHandler
                0x08000928                EXTI0_IRQHandler
                0x08000928                I2C2_EV_IRQHandler
                0x08000928                UsageFault_Handler
                0x08000928                ADC1_2_IRQHandler
                0x08000928                SPI1_IRQHandler
                0x08000928                CAN_SCE_IRQHandler
                0x08000928                TAMPER_IRQHandler
                0x08000928                TIM8_UP_IRQHandler
                0x08000928                DMA2_Channel2_IRQHandler
                0x08000928                DMA1_Channel4_IRQHandler
                0x08000928                USART3_IRQHandler
                0x08000928                RTC_IRQHandler
                0x08000928                DMA1_Channel7_IRQHandler
                0x08000928                UART5_IRQHandler
                0x08000928                ADC3_IRQHandler
                0x08000928                USBWakeup_IRQHandler
                0x08000928                TIM4_IRQHandler
                0x08000928                CAN_RX1_IRQHandler
                0x08000928                DMA2_Channel1_IRQHandler
                0x08000928                I2C1_EV_IRQHandler
                0x08000928                DMA1_Channel6_IRQHandler
                0x08000928                UART4_IRQHandler
                0x08000928                TIM3_IRQHandler
                0x08000928                RCC_IRQHandler
                0x08000928                TIM1_TRG_COM_IRQHandler
                0x08000928                DMA1_Channel1_IRQHandler
                0x08000928                Default_Handler
                0x08000928                EXTI15_10_IRQHandler
                0x08000928                TIM7_IRQHandler
                0x08000928                TIM5_IRQHandler
                0x08000928                EXTI9_5_IRQHandler
                0x08000928                SPI2_IRQHandler
                0x08000928                USB_LP_CAN_RX0_IRQHandler
                0x08000928                MemManage_Handler
                0x08000928                DMA1_Channel5_IRQHandler
                0x08000928                EXTI4_IRQHandler
                0x08000928                DMA1_Channel3_IRQHandler
                0x08000928                FSMC_IRQHandler
                0x08000928                TIM1_UP_IRQHandler
                0x08000928                WWDG_IRQHandler
                0x08000928                TIM2_IRQHandler
                0x08000928                TIM1_BRK_IRQHandler
                0x08000928                EXTI1_IRQHandler
                0x08000928                RTCAlarm_IRQHandler
                0x08000928                DMA2_Channel4_5_IRQHandler
                0x08000928                USART2_IRQHandler
                0x08000928                I2C2_ER_IRQHandler
                0x08000928                DMA1_Channel2_IRQHandler
                0x08000928                TIM8_BRK_IRQHandler
                0x08000928                FLASH_IRQHandler
                0x08000928                BusFault_Handler
                0x08000928                USART1_IRQHandler
                0x08000928                SPI3_IRQHandler
                0x08000928                I2C1_ER_IRQHandler
                0x08000928                DMA2_Channel3_IRQHandler
                0x08000930                HardFault_Handler
                0x08000938                Reset_Handler
 .text          0x080009bc       0xd4 obj/core/clock_set.o
                0x080009bc                clock_setup
 .text          0x08000a90       0x94 obj/core/timeout.o
                0x08000a90                ticks_init
                0x08000abc                delay
 .text          0x08000b24      0x11c obj/core/main.o
                0x08000b24                LED_init
                0x08000b6c                LED_toggle
                0x08000b88                A7670_test
                0x08000bcc                A7670_init
                0x08000bf4                main
 .text          0x08000c40      0x158 obj/uart/usart.o
                0x08000c40                usart1_init
                0x08000ce0                usart1_send
                0x08000d10                usart1_send_string
                0x08000d3c                usart1_receive
 .text          0x08000d98      0x27c obj/uart/neo6m.o
                0x08000dea                NEO6M_read_gps_string
                0x08000ec4                NEO6M_format_gps_data
 .text          0x08001014      0x36c obj/uart/a7670.o
                0x08001066                A7670E_poweron
                0x080010bc                A7670E_send_sms
                0x08001188                A7670_read_gps_string
                0x08001260                A7670_format_gps_data
 .text          0x08001380      0x168 /usr/lib64/gcc/arm-none-eabi/13/thumb/v7-m/nofp/libgcc.a(_arm_mulsf3.o)
 .text          0x080014e8       0x40 /usr/lib64/gcc/arm-none-eabi/13/thumb/v7-m/nofp/libgcc.a(_arm_fixunsdfsi.o)
                0x080014e8                __fixunsdfsi
                0x080014e8                __aeabi_d2uiz
 .text          0x08001528      0x21c /usr/lib64/gcc/arm-none-eabi/13/thumb/v7-m/nofp/libgcc.a(_arm_addsubsf3.o)
                0x08001528                __aeabi_frsub
                0x08001530                __subsf3
                0x08001530                __aeabi_fsub
                0x08001534                __aeabi_fadd
                0x08001534                __addsf3
                0x08001694                __aeabi_ui2f
                0x08001694                __floatunsisf
                0x0800169c                __aeabi_i2f
                0x0800169c                __floatsisf
                0x080016b8                __floatundisf
                0x080016b8                __aeabi_ul2f
                0x080016c8                __floatdisf
                0x080016c8                __aeabi_l2f
 .text          0x08001744      0x2a0 /usr/lib64/gcc/arm-none-eabi/13/thumb/v7-m/nofp/libgcc.a(_arm_muldivsf3.o)
                0x08001744                __mulsf3
                0x08001744                __aeabi_fmul
                0x080018ac                __divsf3
                0x080018ac                __aeabi_fdiv
 .text          0x080019e4        0xc /usr/lib64/gcc/arm-none-eabi/13/../../../../arm-none-eabi/lib/thumb/v7-m/nofp/libc_nano.a(libc_a-atexit.o)
                0x080019e4                atexit
 .text          0x080019f0        0x6 /usr/lib64/gcc/arm-none-eabi/13/../../../../arm-none-eabi/lib/thumb/v7-m/nofp/libc_nano.a(libc_a-atof.o)
                0x080019f0                atof
 .text          0x080019f6       0x10 /usr/lib64/gcc/arm-none-eabi/13/../../../../arm-none-eabi/lib/thumb/v7-m/nofp/libc_nano.a(libc_a-atoi.o)
                0x080019f6                atoi
                0x080019fe                _atoi_r
 *fill*         0x08001a06        0x2 
 .text          0x08001a08       0x24 /usr/lib64/gcc/arm-none-eabi/13/../../../../arm-none-eabi/lib/thumb/v7-m/nofp/libc_nano.a(libc_a-exit.o)
                0x08001a08                exit
 *fill*         0x08001a2c        0x4 
 .text          0x08001a30      0xd80 /usr/lib64/gcc/arm-none-eabi/13/../../../../arm-none-eabi/lib/thumb/v7-m/nofp/libc_nano.a(libc_a-strtod.o)
                0x08001a72                _strtod_l
                0x08002628                _strtod_r
                0x08002634                strtod_l
                0x08002648                strtod
                0x08002660                strtof_l
                0x08002700                strtof
 .text          0x080027b0      0x118 /usr/lib64/gcc/arm-none-eabi/13/../../../../arm-none-eabi/lib/thumb/v7-m/nofp/libc_nano.a(libc_a-strtol.o)
                0x080028a4                _strtol_r
                0x080028a6                strtol_l
                0x080028b8                strtol
 .text          0x080028c8        0x0 /usr/lib64/gcc/arm-none-eabi/13/../../../../arm-none-eabi/lib/thumb/v7-m/nofp/libc_nano.a(libc_a-ctype_.o)
 .text          0x080028c8      0x58c /usr/lib64/gcc/arm-none-eabi/13/../../../../arm-none-eabi/lib/thumb/v7-m/nofp/libc_nano.a(libc_a-nano-vfprintf_float.o)
                0x080028c8                __cvt
                0x0800298a                __exponent
                0x08002a02                _printf_float
 .text          0x08002e54      0x33c /usr/lib64/gcc/arm-none-eabi/13/../../../../arm-none-eabi/lib/thumb/v7-m/nofp/libc_nano.a(libc_a-nano-vfprintf_i.o)
                0x08002e54                _printf_common
                0x08002f3e                _printf_i
 .text          0x08003190      0x1b8 /usr/lib64/gcc/arm-none-eabi/13/../../../../arm-none-eabi/lib/thumb/v7-m/nofp/libc_nano.a(libc_a-findfp.o)
                0x08003270                __sfp
                0x08003300                __sinit
                0x0800331c                __sfp_lock_acquire
                0x0800331e                __sfp_lock_release
                0x08003320                __fp_lock_all
                0x08003334                __fp_unlock_all
 .text          0x08003348       0x3a /usr/lib64/gcc/arm-none-eabi/13/../../../../arm-none-eabi/lib/thumb/v7-m/nofp/libc_nano.a(libc_a-fwalk.o)
                0x08003348                _fwalk_sglue
 .text          0x08003382       0x8c /usr/lib64/gcc/arm-none-eabi/13/../../../../arm-none-eabi/lib/thumb/v7-m/nofp/libc_nano.a(libc_a-stdio.o)
                0x08003382                __sread
                0x080033a4                __seofread
                0x080033a8                __swrite
                0x080033e0                __sseek
                0x08003406                __sclose
 .text          0x0800340e       0x10 /usr/lib64/gcc/arm-none-eabi/13/../../../../arm-none-eabi/lib/thumb/v7-m/nofp/libc_nano.a(libc_a-memset.o)
                0x0800340e                memset
 .text          0x0800341e       0x24 /usr/lib64/gcc/arm-none-eabi/13/../../../../arm-none-eabi/lib/thumb/v7-m/nofp/libc_nano.a(libc_a-strncmp.o)
                0x0800341e                strncmp
 *fill*         0x08003442        0x2 
 .text          0x08003444       0x58 /usr/lib64/gcc/arm-none-eabi/13/../../../../arm-none-eabi/lib/thumb/v7-m/nofp/libc_nano.a(libc_a-locale.o)
                0x08003444                _setlocale_r
                0x08003480                __locale_mb_cur_max
                0x0800348c                setlocale
 .text          0x0800349c       0x14 /usr/lib64/gcc/arm-none-eabi/13/../../../../arm-none-eabi/lib/thumb/v7-m/nofp/libc_nano.a(libc_a-localeconv.o)
                0x0800349c                __localeconv_l
                0x080034a0                _localeconv_r
                0x080034a8                localeconv
 .text          0x080034b0       0x20 /usr/lib64/gcc/arm-none-eabi/13/../../../../arm-none-eabi/lib/thumb/v7-m/nofp/libc_nano.a(libc_a-closer.o)
                0x080034b0                _close_r
 .text          0x080034d0       0x68 /usr/lib64/gcc/arm-none-eabi/13/../../../../arm-none-eabi/lib/thumb/v7-m/nofp/libc_nano.a(libc_a-reent.o)
                0x080034d0                _reclaim_reent
 .text          0x08003538        0x0 /usr/lib64/gcc/arm-none-eabi/13/../../../../arm-none-eabi/lib/thumb/v7-m/nofp/libc_nano.a(libc_a-impure.o)
 .text          0x08003538       0x24 /usr/lib64/gcc/arm-none-eabi/13/../../../../arm-none-eabi/lib/thumb/v7-m/nofp/libc_nano.a(libc_a-lseekr.o)
                0x08003538                _lseek_r
 .text          0x0800355c       0x24 /usr/lib64/gcc/arm-none-eabi/13/../../../../arm-none-eabi/lib/thumb/v7-m/nofp/libc_nano.a(libc_a-readr.o)
                0x0800355c                _read_r
 .text          0x08003580       0x24 /usr/lib64/gcc/arm-none-eabi/13/../../../../arm-none-eabi/lib/thumb/v7-m/nofp/libc_nano.a(libc_a-writer.o)
                0x08003580                _write_r
 .text          0x080035a4        0xc /usr/lib64/gcc/arm-none-eabi/13/../../../../arm-none-eabi/lib/thumb/v7-m/nofp/libc_nano.a(libc_a-errno.o)
                0x080035a4                __errno
 .text          0x080035b0       0x48 /usr/lib64/gcc/arm-none-eabi/13/../../../../arm-none-eabi/lib/thumb/v7-m/nofp/libc_nano.a(libc_a-init.o)
                0x080035b0                __libc_init_array
 .text          0x080035f8       0x28 /usr/lib64/gcc/arm-none-eabi/13/../../../../arm-none-eabi/lib/thumb/v7-m/nofp/libc_nano.a(libc_a-fini.o)
                0x080035f8                __libc_fini_array
 .text          0x08003620       0x14 /usr/lib64/gcc/arm-none-eabi/13/../../../../arm-none-eabi/lib/thumb/v7-m/nofp/libc_nano.a(libc_a-strcmp.o)
                0x08003620                strcmp
 .text          0x08003634       0x1c /usr/lib64/gcc/arm-none-eabi/13/../../../../arm-none-eabi/lib/thumb/v7-m/nofp/libc_nano.a(libc_a-memchr-stub.o)
                0x08003634                memchr
 .text          0x08003650       0x1c /usr/lib64/gcc/arm-none-eabi/13/../../../../arm-none-eabi/lib/thumb/v7-m/nofp/libc_nano.a(libc_a-memcpy-stub.o)
                0x08003650                memcpy
 .text          0x0800366c       0x10 /usr/lib64/gcc/arm-none-eabi/13/../../../../arm-none-eabi/lib/thumb/v7-m/nofp/libc_nano.a(libc_a-strlen.o)
                0x0800366c                strlen
 .text          0x0800367c        0xc /usr/lib64/gcc/arm-none-eabi/13/../../../../arm-none-eabi/lib/thumb/v7-m/nofp/libc_nano.a(libm_a-s_nan.o)
                0x0800367c                nan
 .text          0x08003688        0x8 /usr/lib64/gcc/arm-none-eabi/13/../../../../arm-none-eabi/lib/thumb/v7-m/nofp/libc_nano.a(libm_a-sf_nan.o)
                0x08003688                nanf
 .text          0x08003690       0x58 /usr/lib64/gcc/arm-none-eabi/13/../../../../arm-none-eabi/lib/thumb/v7-m/nofp/libc_nano.a(libc_a-__atexit.o)
                0x08003690                __register_exitproc
 .text          0x080036e8       0x98 /usr/lib64/gcc/arm-none-eabi/13/../../../../arm-none-eabi/lib/thumb/v7-m/nofp/libc_nano.a(libc_a-__call_atexit.o)
                0x080036e8                __call_exitprocs
 .text          0x08003780      0xc84 /usr/lib64/gcc/arm-none-eabi/13/../../../../arm-none-eabi/lib/thumb/v7-m/nofp/libc_nano.a(libc_a-dtoa.o)
                0x08003890                _dtoa_r
 .text          0x08004404       0x94 /usr/lib64/gcc/arm-none-eabi/13/../../../../arm-none-eabi/lib/thumb/v7-m/nofp/libc_nano.a(libc_a-freer.o)
                0x08004404                _free_r
 .text          0x08004498      0x4e4 /usr/lib64/gcc/arm-none-eabi/13/../../../../arm-none-eabi/lib/thumb/v7-m/nofp/libc_nano.a(libc_a-gdtoa-gethex.o)
                0x0800453a                __hexdig_fun
                0x08004564                __gethex
 .text          0x0800497c      0x186 /usr/lib64/gcc/arm-none-eabi/13/../../../../arm-none-eabi/lib/thumb/v7-m/nofp/libc_nano.a(libc_a-gdtoa-hexnan.o)
                0x080049a0                __match
                0x080049ca                __hexnan
 *fill*         0x08004b02        0x2 
 .text          0x08004b04      0x13c /usr/lib64/gcc/arm-none-eabi/13/../../../../arm-none-eabi/lib/thumb/v7-m/nofp/libc_nano.a(libc_a-mallocr.o)
                0x08004b48                _malloc_r
 .text          0x08004c40       0x34 /usr/lib64/gcc/arm-none-eabi/13/../../../../arm-none-eabi/lib/thumb/v7-m/nofp/libc_nano.a(libc_a-mbtowc_r.o)
                0x08004c40                _mbtowc_r
                0x08004c50                __ascii_mbtowc
 .text          0x08004c74        0x4 /usr/lib64/gcc/arm-none-eabi/13/../../../../arm-none-eabi/lib/thumb/v7-m/nofp/libc_nano.a(libc_a-mlock.o)
                0x08004c74                __malloc_lock
                0x08004c76                __malloc_unlock
 .text          0x08004c78      0x910 /usr/lib64/gcc/arm-none-eabi/13/../../../../arm-none-eabi/lib/thumb/v7-m/nofp/libc_nano.a(libc_a-mprec.o)
                0x08004c78                _Balloc
                0x08004cc2                _Bfree
                0x08004cd4                __multadd
                0x08004d60                __s2b
                0x08004df4                __hi0bits
                0x08004e30                __lo0bits
                0x08004e8c                __i2b
                0x08004eb8                __multiply
                0x08005024                __pow5mult
                0x080050a8                __lshift
                0x0800518c                __mcmp
                0x080051c2                __mdiff
                0x080052f4                __ulp
                0x08005334                __b2d
                0x080053c4                __d2b
                0x08005474                __ratio
                0x080054c8                _mprec_log10
                0x08005500                __copybits
                0x08005546                __any_on
 .text          0x08005588       0x2c /usr/lib64/gcc/arm-none-eabi/13/../../../../arm-none-eabi/lib/thumb/v7-m/nofp/libc_nano.a(libc_a-wctomb_r.o)
                0x08005588                _wctomb_r
                0x08005598                __ascii_wctomb
 .text          0x080055b4      0x150 /usr/lib64/gcc/arm-none-eabi/13/../../../../arm-none-eabi/lib/thumb/v7-m/nofp/libc_nano.a(libc_a-fflush.o)
                0x080055b4                __sflush_r
                0x080056b8                _fflush_r
                0x080056dc                fflush
 .text          0x08005704       0x20 /usr/lib64/gcc/arm-none-eabi/13/../../../../arm-none-eabi/lib/thumb/v7-m/nofp/libc_nano.a(libc_a-sbrkr.o)
                0x08005704                _sbrk_r
 .text          0x08005724       0x48 /usr/lib64/gcc/arm-none-eabi/13/../../../../arm-none-eabi/lib/thumb/v7-m/nofp/libc_nano.a(libc_a-assert.o)
                0x08005724                __assert_func
                0x08005760                __assert
 .text          0x0800576c       0x28 /usr/lib64/gcc/arm-none-eabi/13/../../../../arm-none-eabi/lib/thumb/v7-m/nofp/libc_nano.a(libc_a-callocr.o)
                0x0800576c                _calloc_r
 .text          0x08005794       0x40 /usr/lib64/gcc/arm-none-eabi/13/../../../../arm-none-eabi/lib/thumb/v7-m/nofp/libc_nano.a(libc_a-fprintf.o)
                0x08005794                _fprintf_r
                0x08005794                _fiprintf_r
                0x080057ae                fprintf
                0x080057ae                fiprintf
 .text          0x080057d4        0xe /usr/lib64/gcc/arm-none-eabi/13/../../../../arm-none-eabi/lib/thumb/v7-m/nofp/libc_nano.a(libc_a-abort.o)
                0x080057d4                abort
 *fill*         0x080057e2        0x2 
 .text          0x080057e4      0x2d8 /usr/lib64/gcc/arm-none-eabi/13/../../../../arm-none-eabi/lib/thumb/v7-m/nofp/libc_nano.a(libc_a-nano-vfprintf.o)
                0x0800580e                __sfputs_r
                0x08005858                __sprint_r
                0x080058b8                _vfiprintf_r
                0x080058b8                _vfprintf_r
                0x08005aa8                vfiprintf
                0x08005aa8                vfprintf
 .text          0x08005abc      0x2a0 /usr/lib64/gcc/arm-none-eabi/13/../../../../arm-none-eabi/lib/thumb/v7-m/nofp/libc_nano.a(libc_a-fvwrite.o)
                0x08005abc                __sfvwrite_r
 .text          0x08005d5c       0xa8 /usr/lib64/gcc/arm-none-eabi/13/../../../../arm-none-eabi/lib/thumb/v7-m/nofp/libc_nano.a(libc_a-wbuf.o)
                0x08005d5c                __swbuf_r
                0x08005df2                __swbuf
 .text          0x08005e04       0xa8 /usr/lib64/gcc/arm-none-eabi/13/../../../../arm-none-eabi/lib/thumb/v7-m/nofp/libc_nano.a(libc_a-wsetup.o)
                0x08005e04                __swsetup_r
 .text          0x08005eac       0x32 /usr/lib64/gcc/arm-none-eabi/13/../../../../arm-none-eabi/lib/thumb/v7-m/nofp/libc_nano.a(libc_a-memmove.o)
                0x08005eac                memmove
 *fill*         0x08005ede        0x2 
 .text          0x08005ee0      0x138 /usr/lib64/gcc/arm-none-eabi/13/../../../../arm-none-eabi/lib/thumb/v7-m/nofp/libc_nano.a(libc_a-signal.o)
                0x08005ee0                _init_signal_r
                0x08005f0c                _signal_r
                0x08005f40                _raise_r
                0x08005f92                __sigtramp_r
                0x08005fde                raise
                0x08005fec                signal
                0x08005ffc                _init_signal
                0x08006008                __sigtramp
 .text          0x08006018       0x28 /usr/lib64/gcc/arm-none-eabi/13/../../../../arm-none-eabi/lib/thumb/v7-m/nofp/libc_nano.a(libc_a-signalr.o)
                0x08006018                _kill_r
                0x0800603c                _getpid_r
 .text          0x08006040       0x5c /usr/lib64/gcc/arm-none-eabi/13/../../../../arm-none-eabi/lib/thumb/v7-m/nofp/libc_nano.a(libc_a-reallocr.o)
                0x08006040                _realloc_r
 .text          0x0800609c       0xc6 /usr/lib64/gcc/arm-none-eabi/13/../../../../arm-none-eabi/lib/thumb/v7-m/nofp/libc_nano.a(libc_a-makebuf.o)
                0x0800609c                __swhatbuf_r
                0x080060ec                __smakebuf_r
 *fill*         0x08006162        0x2 
 .text          0x08006164       0x24 /usr/lib64/gcc/arm-none-eabi/13/../../../../arm-none-eabi/lib/thumb/v7-m/nofp/libc_nano.a(libc_a-fstatr.o)
                0x08006164                _fstat_r
 .text          0x08006188       0x20 /usr/lib64/gcc/arm-none-eabi/13/../../../../arm-none-eabi/lib/thumb/v7-m/nofp/libc_nano.a(libc_a-isattyr.o)
                0x08006188                _isatty_r
 .text          0x080061a8       0x10 /usr/lib64/gcc/arm-none-eabi/13/../../../../arm-none-eabi/lib/thumb/v7-m/nofp/libc_nano.a(libc_a-msizer.o)
                0x080061a8                _malloc_usable_size_r
 .text          0x080061b8      0x254 /usr/lib64/gcc/arm-none-eabi/13/thumb/v7-m/nofp/libgcc.a(_arm_muldf3.o)
 .text          0x0800640c      0x378 /usr/lib64/gcc/arm-none-eabi/13/thumb/v7-m/nofp/libgcc.a(_arm_addsubdf3.o)
                0x0800640c                __aeabi_drsub
                0x08006414                __aeabi_dsub
                0x08006414                __subdf3
                0x08006418                __adddf3
                0x08006418                __aeabi_dadd
                0x08006690                __aeabi_ui2d
                0x08006690                __floatunsidf
                0x080066b0                __floatsidf
                0x080066b0                __aeabi_i2d
                0x080066d4                __extendsfdf2
                0x080066d4                __aeabi_f2d
                0x08006718                __aeabi_ul2d
                0x08006718                __floatundidf
                0x08006728                __floatdidf
                0x08006728                __aeabi_l2d
 .text          0x08006784      0x424 /usr/lib64/gcc/arm-none-eabi/13/thumb/v7-m/nofp/libgcc.a(_arm_muldivdf3.o)
                0x08006784                __aeabi_dmul
                0x08006784                __muldf3
                0x080069d8                __aeabi_ddiv
                0x080069d8                __divdf3
 .text          0x08006ba8      0x110 /usr/lib64/gcc/arm-none-eabi/13/thumb/v7-m/nofp/libgcc.a(_arm_cmpdf2.o)
                0x08006ba8                __gtdf2
                0x08006ba8                __gedf2
                0x08006bb0                __ltdf2
                0x08006bb0                __ledf2
                0x08006bb8                __cmpdf2
                0x08006bb8                __eqdf2
                0x08006bb8                __nedf2
                0x08006c34                __aeabi_cdrcmple
                0x08006c44                __aeabi_cdcmple
                0x08006c44                __aeabi_cdcmpeq
                0x08006c54                __aeabi_dcmpeq
                0x08006c68                __aeabi_dcmplt
                0x08006c7c                __aeabi_dcmple
                0x08006c90                __aeabi_dcmpge
                0x08006ca4                __aeabi_dcmpgt
 .text          0x08006cb8       0x2c /usr/lib64/gcc/arm-none-eabi/13/thumb/v7-m/nofp/libgcc.a(_arm_unorddf2.o)
                0x08006cb8                __aeabi_dcmpun
                0x08006cb8                __unorddf2
 .text          0x08006ce4       0x50 /usr/lib64/gcc/arm-none-eabi/13/thumb/v7-m/nofp/libgcc.a(_arm_fixdfsi.o)
                0x08006ce4                __fixdfsi
                0x08006ce4                __aeabi_d2iz
 .text          0x08006d34       0xa0 /usr/lib64/gcc/arm-none-eabi/13/thumb/v7-m/nofp/libgcc.a(_arm_truncdfsf2.o)
                0x08006d34                __aeabi_d2f
                0x08006d34                __truncdfsf2
 .text          0x08006dd4       0xec /usr/lib64/gcc/arm-none-eabi/13/thumb/v7-m/nofp/libgcc.a(_arm_cmpsf2.o)
                0x08006dd4                __gtsf2
                0x08006dd4                __gesf2
                0x08006ddc                __lesf2
                0x08006ddc                __ltsf2
                0x08006de4                __nesf2
                0x08006de4                __eqsf2
                0x08006de4                __cmpsf2
                0x08006e44                __aeabi_cfrcmple
                0x08006e4c                __aeabi_cfcmple
                0x08006e4c                __aeabi_cfcmpeq
                0x08006e5c                __aeabi_fcmpeq
                0x08006e70                __aeabi_fcmplt
                0x08006e84                __aeabi_fcmple
                0x08006e98                __aeabi_fcmpge
                0x08006eac                __aeabi_fcmpgt
 .text          0x08006ec0       0x2c /usr/lib64/gcc/arm-none-eabi/13/thumb/v7-m/nofp/libgcc.a(_arm_unordsf2.o)
                0x08006ec0                __aeabi_fcmpun
                0x08006ec0                __unordsf2
 .text          0x08006eec       0x30 /usr/lib64/gcc/arm-none-eabi/13/thumb/v7-m/nofp/libgcc.a(_fixdfdi.o)
                0x08006eec                __aeabi_d2lz
                0x08006eec                __fixdfdi
 .text          0x08006f1c       0x3c /usr/lib64/gcc/arm-none-eabi/13/thumb/v7-m/nofp/libgcc.a(_fixunsdfdi.o)
                0x08006f1c                __aeabi_d2ulz
                0x08006f1c                __fixunsdfdi
 .text          0x08006f58        0x0 /usr/lib64/gcc/arm-none-eabi/13/thumb/v7-m/nofp/crtend.o
 .text          0x08006f58        0x0 /usr/lib64/gcc/arm-none-eabi/13/thumb/v7-m/nofp/crtn.o
 *(.text.*)
 *(.rodata)
 .rodata        0x08006f58       0x24 /usr/lib64/gcc/arm-none-eabi/13/thumb/v7-m/nofp/crtbegin.o
 .rodata        0x08006f7c       0x3f obj/core/main.o
 *fill*         0x08006fbb        0x1 
 .rodata        0x08006fbc        0x7 obj/uart/neo6m.o
 *fill*         0x08006fc3        0x1 
 .rodata        0x08006fc4       0x28 obj/uart/a7670.o
 *fill*         0x08006fec        0x4 
 .rodata        0x08006ff0       0x50 /usr/lib64/gcc/arm-none-eabi/13/../../../../arm-none-eabi/lib/thumb/v7-m/nofp/libc_nano.a(libc_a-strtod.o)
 .rodata        0x08007040      0x101 /usr/lib64/gcc/arm-none-eabi/13/../../../../arm-none-eabi/lib/thumb/v7-m/nofp/libc_nano.a(libc_a-ctype_.o)
                0x08007040                _ctype_
 *fill*         0x08007141        0x7 
 .rodata        0x08007148      0x128 /usr/lib64/gcc/arm-none-eabi/13/../../../../arm-none-eabi/lib/thumb/v7-m/nofp/libc_nano.a(libc_a-mprec.o)
                0x08007158                __mprec_tens
                0x08007220                __mprec_tinytens
                0x08007248                __mprec_bigtens
 .rodata        0x08007270       0x24 /usr/lib64/gcc/arm-none-eabi/13/thumb/v7-m/nofp/crtend.o
 *(.rodata.*)
 .rodata.str1.1
                0x08007294      0x136 /usr/lib64/gcc/arm-none-eabi/13/../../../../arm-none-eabi/lib/thumb/v7-m/nofp/libc_nano.a(libc_a-strtod.o)
                                  0xf (size before relaxing)
 .rodata.str1.1
                0x080073ca        0x0 /usr/lib64/gcc/arm-none-eabi/13/../../../../arm-none-eabi/lib/thumb/v7-m/nofp/libc_nano.a(libc_a-nano-vfprintf_float.o)
                                 0x12 (size before relaxing)
 .rodata.str1.1
                0x080073ca        0x0 /usr/lib64/gcc/arm-none-eabi/13/../../../../arm-none-eabi/lib/thumb/v7-m/nofp/libc_nano.a(libc_a-nano-vfprintf_i.o)
                                 0x22 (size before relaxing)
 .rodata.str1.1
                0x080073ca        0x0 /usr/lib64/gcc/arm-none-eabi/13/../../../../arm-none-eabi/lib/thumb/v7-m/nofp/libc_nano.a(libc_a-locale.o)
                                  0xb (size before relaxing)
 .rodata.str1.1
                0x080073ca        0x0 /usr/lib64/gcc/arm-none-eabi/13/../../../../arm-none-eabi/lib/thumb/v7-m/nofp/libc_nano.a(libc_a-dtoa.o)
                                 0x4c (size before relaxing)
 .rodata.str1.1
                0x080073ca        0x0 /usr/lib64/gcc/arm-none-eabi/13/../../../../arm-none-eabi/lib/thumb/v7-m/nofp/libc_nano.a(libc_a-gdtoa-gethex.o)
                                 0x47 (size before relaxing)
 .rodata.str1.1
                0x080073ca        0x0 /usr/lib64/gcc/arm-none-eabi/13/../../../../arm-none-eabi/lib/thumb/v7-m/nofp/libc_nano.a(libc_a-mprec.o)
                                 0x3e (size before relaxing)
 .rodata.str1.1
                0x080073ca        0x0 /usr/lib64/gcc/arm-none-eabi/13/../../../../arm-none-eabi/lib/thumb/v7-m/nofp/libc_nano.a(libc_a-assert.o)
                                 0x3d (size before relaxing)
 .rodata.str1.1
                0x080073ca        0x0 /usr/lib64/gcc/arm-none-eabi/13/../../../../arm-none-eabi/lib/thumb/v7-m/nofp/libc_nano.a(libc_a-nano-vfprintf.o)
                                 0x11 (size before relaxing)
                0x080073d0                        . = ALIGN (0x8)
 *fill*         0x080073ca        0x6 
                0x080073d0                        _etext = .

.glue_7         0x080073d0        0x0
 .glue_7        0x080073d0        0x0 linker stubs

.glue_7t        0x080073d0        0x0
 .glue_7t       0x080073d0        0x0 linker stubs

.vfp11_veneer   0x080073d0        0x0
 .vfp11_veneer  0x080073d0        0x0 linker stubs

.v4_bx          0x080073d0        0x0
 .v4_bx         0x080073d0        0x0 linker stubs

.init           0x080073d0        0xc
 .init          0x080073d0        0x4 /usr/lib64/gcc/arm-none-eabi/13/thumb/v7-m/nofp/crti.o
                0x080073d0                _init
 .init          0x080073d4        0x8 /usr/lib64/gcc/arm-none-eabi/13/thumb/v7-m/nofp/crtn.o

.fini           0x080073dc        0xc
 .fini          0x080073dc        0x4 /usr/lib64/gcc/arm-none-eabi/13/thumb/v7-m/nofp/crti.o
                0x080073dc                _fini
 .fini          0x080073e0        0x8 /usr/lib64/gcc/arm-none-eabi/13/thumb/v7-m/nofp/crtn.o

.iplt           0x080073e8        0x0
 .iplt          0x080073e8        0x0 /usr/lib64/gcc/arm-none-eabi/13/thumb/v7-m/nofp/crtbegin.o

.eh_frame       0x080073e8        0x4
 .eh_frame      0x080073e8        0x0 /usr/lib64/gcc/arm-none-eabi/13/thumb/v7-m/nofp/crtbegin.o
 .eh_frame      0x080073e8        0x4 /usr/lib64/gcc/arm-none-eabi/13/thumb/v7-m/nofp/crtend.o

.ARM.extab      0x080073ec        0x0
 .ARM.extab     0x080073ec        0x0 /usr/lib64/gcc/arm-none-eabi/13/../../../../arm-none-eabi/lib/thumb/v7-m/nofp/crt0.o
 .ARM.extab     0x080073ec        0x0 /usr/lib64/gcc/arm-none-eabi/13/../../../../arm-none-eabi/lib/thumb/v7-m/nofp/libc_nano.a(libc_a-strcmp.o)
 .ARM.extab     0x080073ec        0x0 /usr/lib64/gcc/arm-none-eabi/13/../../../../arm-none-eabi/lib/thumb/v7-m/nofp/libc_nano.a(libc_a-strlen.o)

.ARM.exidx      0x080073ec        0x8
 .ARM.exidx     0x080073ec        0x8 /usr/lib64/gcc/arm-none-eabi/13/../../../../arm-none-eabi/lib/thumb/v7-m/nofp/crt0.o
                                 0x10 (size before relaxing)
 .ARM.exidx     0x080073f4        0x0 /usr/lib64/gcc/arm-none-eabi/13/../../../../arm-none-eabi/lib/thumb/v7-m/nofp/libc_nano.a(libc_a-strcmp.o)
                                  0x8 (size before relaxing)
 .ARM.exidx     0x080073f4        0x0 /usr/lib64/gcc/arm-none-eabi/13/../../../../arm-none-eabi/lib/thumb/v7-m/nofp/libc_nano.a(libc_a-strlen.o)
                                  0x8 (size before relaxing)

.rel.dyn        0x080073f4        0x0
 .rel.iplt      0x080073f4        0x0 /usr/lib64/gcc/arm-none-eabi/13/thumb/v7-m/nofp/crtbegin.o

.data           0x20000000      0x3c8 load address 0x080073f4
                0x20000000                        . = ALIGN (0x8)
                0x20000000                        _sdata = .
 *(.data)
 .data          0x20000000        0x0 /usr/lib64/gcc/arm-none-eabi/13/thumb/v7-m/nofp/crti.o
 .data          0x20000000        0x4 /usr/lib64/gcc/arm-none-eabi/13/thumb/v7-m/nofp/crtbegin.o
                0x20000000                __dso_handle
 .data          0x20000004      0x118 /usr/lib64/gcc/arm-none-eabi/13/../../../../arm-none-eabi/lib/thumb/v7-m/nofp/crt0.o
                0x2000000c                __stack_base__
 .data          0x2000011c        0x0 obj/i2c/aht20.o
 .data          0x2000011c        0x0 obj/i2c/i2c.o
 .data          0x2000011c        0x4 obj/core/syscalls.o
                0x2000011c                environ
 .data          0x20000120        0x0 obj/core/stm32_startup.o
 .data          0x20000120        0x0 obj/core/clock_set.o
 .data          0x20000120        0x0 obj/core/timeout.o
 .data          0x20000120        0x0 obj/core/main.o
 .data          0x20000120        0x0 obj/uart/usart.o
 .data          0x20000120        0x0 obj/uart/neo6m.o
 .data          0x20000120        0x0 obj/uart/a7670.o
 .data          0x20000120        0x0 /usr/lib64/gcc/arm-none-eabi/13/thumb/v7-m/nofp/libgcc.a(_arm_mulsf3.o)
 .data          0x20000120        0x0 /usr/lib64/gcc/arm-none-eabi/13/thumb/v7-m/nofp/libgcc.a(_arm_fixunsdfsi.o)
 .data          0x20000120        0x0 /usr/lib64/gcc/arm-none-eabi/13/thumb/v7-m/nofp/libgcc.a(_arm_addsubsf3.o)
 .data          0x20000120        0x0 /usr/lib64/gcc/arm-none-eabi/13/thumb/v7-m/nofp/libgcc.a(_arm_muldivsf3.o)
 .data          0x20000120        0x0 /usr/lib64/gcc/arm-none-eabi/13/../../../../arm-none-eabi/lib/thumb/v7-m/nofp/libc_nano.a(libc_a-atexit.o)
 .data          0x20000120        0x0 /usr/lib64/gcc/arm-none-eabi/13/../../../../arm-none-eabi/lib/thumb/v7-m/nofp/libc_nano.a(libc_a-atof.o)
 .data          0x20000120        0x0 /usr/lib64/gcc/arm-none-eabi/13/../../../../arm-none-eabi/lib/thumb/v7-m/nofp/libc_nano.a(libc_a-atoi.o)
 .data          0x20000120        0x0 /usr/lib64/gcc/arm-none-eabi/13/../../../../arm-none-eabi/lib/thumb/v7-m/nofp/libc_nano.a(libc_a-exit.o)
 .data          0x20000120        0x0 /usr/lib64/gcc/arm-none-eabi/13/../../../../arm-none-eabi/lib/thumb/v7-m/nofp/libc_nano.a(libc_a-strtod.o)
 .data          0x20000120        0x0 /usr/lib64/gcc/arm-none-eabi/13/../../../../arm-none-eabi/lib/thumb/v7-m/nofp/libc_nano.a(libc_a-strtol.o)
 .data          0x20000120        0x0 /usr/lib64/gcc/arm-none-eabi/13/../../../../arm-none-eabi/lib/thumb/v7-m/nofp/libc_nano.a(libc_a-ctype_.o)
 .data          0x20000120        0x0 /usr/lib64/gcc/arm-none-eabi/13/../../../../arm-none-eabi/lib/thumb/v7-m/nofp/libc_nano.a(libc_a-nano-vfprintf_float.o)
 .data          0x20000120        0x0 /usr/lib64/gcc/arm-none-eabi/13/../../../../arm-none-eabi/lib/thumb/v7-m/nofp/libc_nano.a(libc_a-nano-vfprintf_i.o)
 .data          0x20000120        0xc /usr/lib64/gcc/arm-none-eabi/13/../../../../arm-none-eabi/lib/thumb/v7-m/nofp/libc_nano.a(libc_a-findfp.o)
                0x20000120                __sglue
 .data          0x2000012c        0x0 /usr/lib64/gcc/arm-none-eabi/13/../../../../arm-none-eabi/lib/thumb/v7-m/nofp/libc_nano.a(libc_a-fwalk.o)
 .data          0x2000012c        0x0 /usr/lib64/gcc/arm-none-eabi/13/../../../../arm-none-eabi/lib/thumb/v7-m/nofp/libc_nano.a(libc_a-stdio.o)
 .data          0x2000012c        0x0 /usr/lib64/gcc/arm-none-eabi/13/../../../../arm-none-eabi/lib/thumb/v7-m/nofp/libc_nano.a(libc_a-memset.o)
 .data          0x2000012c        0x0 /usr/lib64/gcc/arm-none-eabi/13/../../../../arm-none-eabi/lib/thumb/v7-m/nofp/libc_nano.a(libc_a-strncmp.o)
 .data          0x2000012c      0x16c /usr/lib64/gcc/arm-none-eabi/13/../../../../arm-none-eabi/lib/thumb/v7-m/nofp/libc_nano.a(libc_a-locale.o)
                0x2000012c                __global_locale
 .data          0x20000298        0x0 /usr/lib64/gcc/arm-none-eabi/13/../../../../arm-none-eabi/lib/thumb/v7-m/nofp/libc_nano.a(libc_a-localeconv.o)
 .data          0x20000298        0x0 /usr/lib64/gcc/arm-none-eabi/13/../../../../arm-none-eabi/lib/thumb/v7-m/nofp/libc_nano.a(libc_a-closer.o)
 .data          0x20000298        0x0 /usr/lib64/gcc/arm-none-eabi/13/../../../../arm-none-eabi/lib/thumb/v7-m/nofp/libc_nano.a(libc_a-reent.o)
 .data          0x20000298      0x128 /usr/lib64/gcc/arm-none-eabi/13/../../../../arm-none-eabi/lib/thumb/v7-m/nofp/libc_nano.a(libc_a-impure.o)
                0x20000298                _impure_ptr
                0x200002a0                _impure_data
 .data          0x200003c0        0x0 /usr/lib64/gcc/arm-none-eabi/13/../../../../arm-none-eabi/lib/thumb/v7-m/nofp/libc_nano.a(libc_a-lseekr.o)
 .data          0x200003c0        0x0 /usr/lib64/gcc/arm-none-eabi/13/../../../../arm-none-eabi/lib/thumb/v7-m/nofp/libc_nano.a(libc_a-readr.o)
 .data          0x200003c0        0x0 /usr/lib64/gcc/arm-none-eabi/13/../../../../arm-none-eabi/lib/thumb/v7-m/nofp/libc_nano.a(libc_a-writer.o)
 .data          0x200003c0        0x0 /usr/lib64/gcc/arm-none-eabi/13/../../../../arm-none-eabi/lib/thumb/v7-m/nofp/libc_nano.a(libc_a-errno.o)
 .data          0x200003c0        0x0 /usr/lib64/gcc/arm-none-eabi/13/../../../../arm-none-eabi/lib/thumb/v7-m/nofp/libc_nano.a(libc_a-init.o)
 .data          0x200003c0        0x0 /usr/lib64/gcc/arm-none-eabi/13/../../../../arm-none-eabi/lib/thumb/v7-m/nofp/libc_nano.a(libc_a-fini.o)
 .data          0x200003c0        0x0 /usr/lib64/gcc/arm-none-eabi/13/../../../../arm-none-eabi/lib/thumb/v7-m/nofp/libc_nano.a(libc_a-strcmp.o)
 .data          0x200003c0        0x0 /usr/lib64/gcc/arm-none-eabi/13/../../../../arm-none-eabi/lib/thumb/v7-m/nofp/libc_nano.a(libc_a-memchr-stub.o)
 .data          0x200003c0        0x0 /usr/lib64/gcc/arm-none-eabi/13/../../../../arm-none-eabi/lib/thumb/v7-m/nofp/libc_nano.a(libc_a-memcpy-stub.o)
 .data          0x200003c0        0x0 /usr/lib64/gcc/arm-none-eabi/13/../../../../arm-none-eabi/lib/thumb/v7-m/nofp/libc_nano.a(libc_a-strlen.o)
 .data          0x200003c0        0x0 /usr/lib64/gcc/arm-none-eabi/13/../../../../arm-none-eabi/lib/thumb/v7-m/nofp/libc_nano.a(libm_a-s_nan.o)
 .data          0x200003c0        0x0 /usr/lib64/gcc/arm-none-eabi/13/../../../../arm-none-eabi/lib/thumb/v7-m/nofp/libc_nano.a(libm_a-sf_nan.o)
 .data          0x200003c0        0x4 /usr/lib64/gcc/arm-none-eabi/13/../../../../arm-none-eabi/lib/thumb/v7-m/nofp/libc_nano.a(libc_a-__atexit.o)
                0x200003c0                __atexit_dummy
 .data          0x200003c4        0x0 /usr/lib64/gcc/arm-none-eabi/13/../../../../arm-none-eabi/lib/thumb/v7-m/nofp/libc_nano.a(libc_a-__call_atexit.o)
 .data          0x200003c4        0x0 /usr/lib64/gcc/arm-none-eabi/13/../../../../arm-none-eabi/lib/thumb/v7-m/nofp/libc_nano.a(libc_a-dtoa.o)
 .data          0x200003c4        0x0 /usr/lib64/gcc/arm-none-eabi/13/../../../../arm-none-eabi/lib/thumb/v7-m/nofp/libc_nano.a(libc_a-freer.o)
 .data          0x200003c4        0x0 /usr/lib64/gcc/arm-none-eabi/13/../../../../arm-none-eabi/lib/thumb/v7-m/nofp/libc_nano.a(libc_a-gdtoa-gethex.o)
 .data          0x200003c4        0x0 /usr/lib64/gcc/arm-none-eabi/13/../../../../arm-none-eabi/lib/thumb/v7-m/nofp/libc_nano.a(libc_a-gdtoa-hexnan.o)
 .data          0x200003c4        0x0 /usr/lib64/gcc/arm-none-eabi/13/../../../../arm-none-eabi/lib/thumb/v7-m/nofp/libc_nano.a(libc_a-mallocr.o)
 .data          0x200003c4        0x0 /usr/lib64/gcc/arm-none-eabi/13/../../../../arm-none-eabi/lib/thumb/v7-m/nofp/libc_nano.a(libc_a-mbtowc_r.o)
 .data          0x200003c4        0x0 /usr/lib64/gcc/arm-none-eabi/13/../../../../arm-none-eabi/lib/thumb/v7-m/nofp/libc_nano.a(libc_a-mlock.o)
 .data          0x200003c4        0x0 /usr/lib64/gcc/arm-none-eabi/13/../../../../arm-none-eabi/lib/thumb/v7-m/nofp/libc_nano.a(libc_a-mprec.o)
 .data          0x200003c4        0x0 /usr/lib64/gcc/arm-none-eabi/13/../../../../arm-none-eabi/lib/thumb/v7-m/nofp/libc_nano.a(libc_a-wctomb_r.o)
 .data          0x200003c4        0x0 /usr/lib64/gcc/arm-none-eabi/13/../../../../arm-none-eabi/lib/thumb/v7-m/nofp/libc_nano.a(libc_a-fflush.o)
 .data          0x200003c4        0x0 /usr/lib64/gcc/arm-none-eabi/13/../../../../arm-none-eabi/lib/thumb/v7-m/nofp/libc_nano.a(libc_a-sbrkr.o)
 .data          0x200003c4        0x0 /usr/lib64/gcc/arm-none-eabi/13/../../../../arm-none-eabi/lib/thumb/v7-m/nofp/libc_nano.a(libc_a-assert.o)
 .data          0x200003c4        0x0 /usr/lib64/gcc/arm-none-eabi/13/../../../../arm-none-eabi/lib/thumb/v7-m/nofp/libc_nano.a(libc_a-callocr.o)
 .data          0x200003c4        0x0 /usr/lib64/gcc/arm-none-eabi/13/../../../../arm-none-eabi/lib/thumb/v7-m/nofp/libc_nano.a(libc_a-fprintf.o)
 .data          0x200003c4        0x0 /usr/lib64/gcc/arm-none-eabi/13/../../../../arm-none-eabi/lib/thumb/v7-m/nofp/libc_nano.a(libc_a-abort.o)
 .data          0x200003c4        0x0 /usr/lib64/gcc/arm-none-eabi/13/../../../../arm-none-eabi/lib/thumb/v7-m/nofp/libc_nano.a(libc_a-nano-vfprintf.o)
 .data          0x200003c4        0x0 /usr/lib64/gcc/arm-none-eabi/13/../../../../arm-none-eabi/lib/thumb/v7-m/nofp/libc_nano.a(libc_a-fvwrite.o)
 .data          0x200003c4        0x0 /usr/lib64/gcc/arm-none-eabi/13/../../../../arm-none-eabi/lib/thumb/v7-m/nofp/libc_nano.a(libc_a-wbuf.o)
 .data          0x200003c4        0x0 /usr/lib64/gcc/arm-none-eabi/13/../../../../arm-none-eabi/lib/thumb/v7-m/nofp/libc_nano.a(libc_a-wsetup.o)
 .data          0x200003c4        0x0 /usr/lib64/gcc/arm-none-eabi/13/../../../../arm-none-eabi/lib/thumb/v7-m/nofp/libc_nano.a(libc_a-memmove.o)
 .data          0x200003c4        0x0 /usr/lib64/gcc/arm-none-eabi/13/../../../../arm-none-eabi/lib/thumb/v7-m/nofp/libc_nano.a(libc_a-signal.o)
 .data          0x200003c4        0x0 /usr/lib64/gcc/arm-none-eabi/13/../../../../arm-none-eabi/lib/thumb/v7-m/nofp/libc_nano.a(libc_a-signalr.o)
 .data          0x200003c4        0x0 /usr/lib64/gcc/arm-none-eabi/13/../../../../arm-none-eabi/lib/thumb/v7-m/nofp/libc_nano.a(libc_a-reallocr.o)
 .data          0x200003c4        0x0 /usr/lib64/gcc/arm-none-eabi/13/../../../../arm-none-eabi/lib/thumb/v7-m/nofp/libc_nano.a(libc_a-makebuf.o)
 .data          0x200003c4        0x0 /usr/lib64/gcc/arm-none-eabi/13/../../../../arm-none-eabi/lib/thumb/v7-m/nofp/libc_nano.a(libc_a-fstatr.o)
 .data          0x200003c4        0x0 /usr/lib64/gcc/arm-none-eabi/13/../../../../arm-none-eabi/lib/thumb/v7-m/nofp/libc_nano.a(libc_a-isattyr.o)
 .data          0x200003c4        0x0 /usr/lib64/gcc/arm-none-eabi/13/../../../../arm-none-eabi/lib/thumb/v7-m/nofp/libc_nano.a(libc_a-msizer.o)
 .data          0x200003c4        0x0 /usr/lib64/gcc/arm-none-eabi/13/thumb/v7-m/nofp/libgcc.a(_arm_muldf3.o)
 .data          0x200003c4        0x0 /usr/lib64/gcc/arm-none-eabi/13/thumb/v7-m/nofp/libgcc.a(_arm_addsubdf3.o)
 .data          0x200003c4        0x0 /usr/lib64/gcc/arm-none-eabi/13/thumb/v7-m/nofp/libgcc.a(_arm_muldivdf3.o)
 .data          0x200003c4        0x0 /usr/lib64/gcc/arm-none-eabi/13/thumb/v7-m/nofp/libgcc.a(_arm_cmpdf2.o)
 .data          0x200003c4        0x0 /usr/lib64/gcc/arm-none-eabi/13/thumb/v7-m/nofp/libgcc.a(_arm_unorddf2.o)
 .data          0x200003c4        0x0 /usr/lib64/gcc/arm-none-eabi/13/thumb/v7-m/nofp/libgcc.a(_arm_fixdfsi.o)
 .data          0x200003c4        0x0 /usr/lib64/gcc/arm-none-eabi/13/thumb/v7-m/nofp/libgcc.a(_arm_truncdfsf2.o)
 .data          0x200003c4        0x0 /usr/lib64/gcc/arm-none-eabi/13/thumb/v7-m/nofp/libgcc.a(_arm_cmpsf2.o)
 .data          0x200003c4        0x0 /usr/lib64/gcc/arm-none-eabi/13/thumb/v7-m/nofp/libgcc.a(_arm_unordsf2.o)
 .data          0x200003c4        0x0 /usr/lib64/gcc/arm-none-eabi/13/thumb/v7-m/nofp/libgcc.a(_fixdfdi.o)
 .data          0x200003c4        0x0 /usr/lib64/gcc/arm-none-eabi/13/thumb/v7-m/nofp/libgcc.a(_fixunsdfdi.o)
 .data          0x200003c4        0x0 /usr/lib64/gcc/arm-none-eabi/13/thumb/v7-m/nofp/crtend.o
 .data          0x200003c4        0x0 /usr/lib64/gcc/arm-none-eabi/13/thumb/v7-m/nofp/crtn.o
 *(.data.*)
                0x200003c8                        . = ALIGN (0x8)
 *fill*         0x200003c4        0x4 
                0x200003c8                        _edata = .

.init_array     0x200003c8        0x4 load address 0x080077bc
 .init_array    0x200003c8        0x4 /usr/lib64/gcc/arm-none-eabi/13/thumb/v7-m/nofp/crtbegin.o

.fini_array     0x200003cc        0x4 load address 0x080077c0
 .fini_array    0x200003cc        0x4 /usr/lib64/gcc/arm-none-eabi/13/thumb/v7-m/nofp/crtbegin.o

.tm_clone_table
                0x200003d0        0x0 load address 0x080077c4
 .tm_clone_table
                0x200003d0        0x0 /usr/lib64/gcc/arm-none-eabi/13/thumb/v7-m/nofp/crtbegin.o
 .tm_clone_table
                0x200003d0        0x0 /usr/lib64/gcc/arm-none-eabi/13/thumb/v7-m/nofp/crtend.o

.igot.plt       0x200003d0        0x0 load address 0x080077c4
 .igot.plt      0x200003d0        0x0 /usr/lib64/gcc/arm-none-eabi/13/thumb/v7-m/nofp/crtbegin.o

.bss            0x200003d0      0x338 load address 0x080077c4
                0x200003d0                        . = ALIGN (0x8)
                0x200003d0                        _sbss = .
                0x200003d0                        __bss_start__ = _sbss
 *(.bss)
 .bss           0x200003d0        0x0 /usr/lib64/gcc/arm-none-eabi/13/thumb/v7-m/nofp/crti.o
 .bss           0x200003d0       0x1c /usr/lib64/gcc/arm-none-eabi/13/thumb/v7-m/nofp/crtbegin.o
 .bss           0x200003ec        0x0 /usr/lib64/gcc/arm-none-eabi/13/../../../../arm-none-eabi/lib/thumb/v7-m/nofp/crt0.o
 .bss           0x200003ec        0x0 obj/i2c/aht20.o
 .bss           0x200003ec        0x0 obj/i2c/i2c.o
 .bss           0x200003ec        0x8 obj/core/syscalls.o
                0x200003ec                __env
 .bss           0x200003f4        0x0 obj/core/stm32_startup.o
 .bss           0x200003f4        0x0 obj/core/clock_set.o
 .bss           0x200003f4        0x0 obj/core/timeout.o
 *fill*         0x200003f4        0x4 
 .bss           0x200003f8       0x29 obj/core/main.o
                0x200003f8                sensor_data
                0x20000400                gpsData
                0x20000420                freq
 .bss           0x20000421        0x0 obj/uart/usart.o
 .bss           0x20000421        0x0 obj/uart/neo6m.o
 .bss           0x20000421        0x0 obj/uart/a7670.o
 .bss           0x20000421        0x0 /usr/lib64/gcc/arm-none-eabi/13/thumb/v7-m/nofp/libgcc.a(_arm_mulsf3.o)
 .bss           0x20000421        0x0 /usr/lib64/gcc/arm-none-eabi/13/thumb/v7-m/nofp/libgcc.a(_arm_fixunsdfsi.o)
 .bss           0x20000421        0x0 /usr/lib64/gcc/arm-none-eabi/13/thumb/v7-m/nofp/libgcc.a(_arm_addsubsf3.o)
 .bss           0x20000421        0x0 /usr/lib64/gcc/arm-none-eabi/13/thumb/v7-m/nofp/libgcc.a(_arm_muldivsf3.o)
 .bss           0x20000421        0x0 /usr/lib64/gcc/arm-none-eabi/13/../../../../arm-none-eabi/lib/thumb/v7-m/nofp/libc_nano.a(libc_a-atexit.o)
 .bss           0x20000421        0x0 /usr/lib64/gcc/arm-none-eabi/13/../../../../arm-none-eabi/lib/thumb/v7-m/nofp/libc_nano.a(libc_a-atof.o)
 .bss           0x20000421        0x0 /usr/lib64/gcc/arm-none-eabi/13/../../../../arm-none-eabi/lib/thumb/v7-m/nofp/libc_nano.a(libc_a-atoi.o)
 .bss           0x20000421        0x0 /usr/lib64/gcc/arm-none-eabi/13/../../../../arm-none-eabi/lib/thumb/v7-m/nofp/libc_nano.a(libc_a-exit.o)
 .bss           0x20000421        0x0 /usr/lib64/gcc/arm-none-eabi/13/../../../../arm-none-eabi/lib/thumb/v7-m/nofp/libc_nano.a(libc_a-strtod.o)
 .bss           0x20000421        0x0 /usr/lib64/gcc/arm-none-eabi/13/../../../../arm-none-eabi/lib/thumb/v7-m/nofp/libc_nano.a(libc_a-strtol.o)
 .bss           0x20000421        0x0 /usr/lib64/gcc/arm-none-eabi/13/../../../../arm-none-eabi/lib/thumb/v7-m/nofp/libc_nano.a(libc_a-ctype_.o)
 .bss           0x20000421        0x0 /usr/lib64/gcc/arm-none-eabi/13/../../../../arm-none-eabi/lib/thumb/v7-m/nofp/libc_nano.a(libc_a-nano-vfprintf_float.o)
 .bss           0x20000421        0x0 /usr/lib64/gcc/arm-none-eabi/13/../../../../arm-none-eabi/lib/thumb/v7-m/nofp/libc_nano.a(libc_a-nano-vfprintf_i.o)
 *fill*         0x20000421        0x3 
 .bss           0x20000424      0x13c /usr/lib64/gcc/arm-none-eabi/13/../../../../arm-none-eabi/lib/thumb/v7-m/nofp/libc_nano.a(libc_a-findfp.o)
                0x20000424                __sf
                0x2000055c                __stdio_exit_handler
 .bss           0x20000560        0x0 /usr/lib64/gcc/arm-none-eabi/13/../../../../arm-none-eabi/lib/thumb/v7-m/nofp/libc_nano.a(libc_a-fwalk.o)
 .bss           0x20000560        0x0 /usr/lib64/gcc/arm-none-eabi/13/../../../../arm-none-eabi/lib/thumb/v7-m/nofp/libc_nano.a(libc_a-stdio.o)
 .bss           0x20000560        0x0 /usr/lib64/gcc/arm-none-eabi/13/../../../../arm-none-eabi/lib/thumb/v7-m/nofp/libc_nano.a(libc_a-memset.o)
 .bss           0x20000560        0x0 /usr/lib64/gcc/arm-none-eabi/13/../../../../arm-none-eabi/lib/thumb/v7-m/nofp/libc_nano.a(libc_a-strncmp.o)
 .bss           0x20000560        0x4 /usr/lib64/gcc/arm-none-eabi/13/../../../../arm-none-eabi/lib/thumb/v7-m/nofp/libc_nano.a(libc_a-locale.o)
                0x20000560                _PathLocale
 .bss           0x20000564        0x0 /usr/lib64/gcc/arm-none-eabi/13/../../../../arm-none-eabi/lib/thumb/v7-m/nofp/libc_nano.a(libc_a-localeconv.o)
 .bss           0x20000564        0x0 /usr/lib64/gcc/arm-none-eabi/13/../../../../arm-none-eabi/lib/thumb/v7-m/nofp/libc_nano.a(libc_a-closer.o)
 .bss           0x20000564        0x4 /usr/lib64/gcc/arm-none-eabi/13/../../../../arm-none-eabi/lib/thumb/v7-m/nofp/libc_nano.a(libc_a-reent.o)
                0x20000564                errno
 .bss           0x20000568        0x0 /usr/lib64/gcc/arm-none-eabi/13/../../../../arm-none-eabi/lib/thumb/v7-m/nofp/libc_nano.a(libc_a-impure.o)
 .bss           0x20000568        0x0 /usr/lib64/gcc/arm-none-eabi/13/../../../../arm-none-eabi/lib/thumb/v7-m/nofp/libc_nano.a(libc_a-lseekr.o)
 .bss           0x20000568        0x0 /usr/lib64/gcc/arm-none-eabi/13/../../../../arm-none-eabi/lib/thumb/v7-m/nofp/libc_nano.a(libc_a-readr.o)
 .bss           0x20000568        0x0 /usr/lib64/gcc/arm-none-eabi/13/../../../../arm-none-eabi/lib/thumb/v7-m/nofp/libc_nano.a(libc_a-writer.o)
 .bss           0x20000568        0x0 /usr/lib64/gcc/arm-none-eabi/13/../../../../arm-none-eabi/lib/thumb/v7-m/nofp/libc_nano.a(libc_a-errno.o)
 .bss           0x20000568        0x0 /usr/lib64/gcc/arm-none-eabi/13/../../../../arm-none-eabi/lib/thumb/v7-m/nofp/libc_nano.a(libc_a-init.o)
 .bss           0x20000568        0x0 /usr/lib64/gcc/arm-none-eabi/13/../../../../arm-none-eabi/lib/thumb/v7-m/nofp/libc_nano.a(libc_a-fini.o)
 .bss           0x20000568        0x0 /usr/lib64/gcc/arm-none-eabi/13/../../../../arm-none-eabi/lib/thumb/v7-m/nofp/libc_nano.a(libc_a-strcmp.o)
 .bss           0x20000568        0x0 /usr/lib64/gcc/arm-none-eabi/13/../../../../arm-none-eabi/lib/thumb/v7-m/nofp/libc_nano.a(libc_a-memchr-stub.o)
 .bss           0x20000568        0x0 /usr/lib64/gcc/arm-none-eabi/13/../../../../arm-none-eabi/lib/thumb/v7-m/nofp/libc_nano.a(libc_a-memcpy-stub.o)
 .bss           0x20000568        0x0 /usr/lib64/gcc/arm-none-eabi/13/../../../../arm-none-eabi/lib/thumb/v7-m/nofp/libc_nano.a(libc_a-strlen.o)
 .bss           0x20000568        0x0 /usr/lib64/gcc/arm-none-eabi/13/../../../../arm-none-eabi/lib/thumb/v7-m/nofp/libc_nano.a(libm_a-s_nan.o)
 .bss           0x20000568        0x0 /usr/lib64/gcc/arm-none-eabi/13/../../../../arm-none-eabi/lib/thumb/v7-m/nofp/libc_nano.a(libm_a-sf_nan.o)
 .bss           0x20000568      0x190 /usr/lib64/gcc/arm-none-eabi/13/../../../../arm-none-eabi/lib/thumb/v7-m/nofp/libc_nano.a(libc_a-__atexit.o)
                0x20000568                __atexit0
 .bss           0x200006f8        0x4 /usr/lib64/gcc/arm-none-eabi/13/../../../../arm-none-eabi/lib/thumb/v7-m/nofp/libc_nano.a(libc_a-__call_atexit.o)
                0x200006f8                __atexit
 .bss           0x200006fc        0x0 /usr/lib64/gcc/arm-none-eabi/13/../../../../arm-none-eabi/lib/thumb/v7-m/nofp/libc_nano.a(libc_a-dtoa.o)
 .bss           0x200006fc        0x0 /usr/lib64/gcc/arm-none-eabi/13/../../../../arm-none-eabi/lib/thumb/v7-m/nofp/libc_nano.a(libc_a-freer.o)
 .bss           0x200006fc        0x0 /usr/lib64/gcc/arm-none-eabi/13/../../../../arm-none-eabi/lib/thumb/v7-m/nofp/libc_nano.a(libc_a-gdtoa-gethex.o)
 .bss           0x200006fc        0x0 /usr/lib64/gcc/arm-none-eabi/13/../../../../arm-none-eabi/lib/thumb/v7-m/nofp/libc_nano.a(libc_a-gdtoa-hexnan.o)
 .bss           0x200006fc        0x8 /usr/lib64/gcc/arm-none-eabi/13/../../../../arm-none-eabi/lib/thumb/v7-m/nofp/libc_nano.a(libc_a-mallocr.o)
                0x200006fc                __malloc_sbrk_start
                0x20000700                __malloc_free_list
 .bss           0x20000704        0x0 /usr/lib64/gcc/arm-none-eabi/13/../../../../arm-none-eabi/lib/thumb/v7-m/nofp/libc_nano.a(libc_a-mbtowc_r.o)
 .bss           0x20000704        0x0 /usr/lib64/gcc/arm-none-eabi/13/../../../../arm-none-eabi/lib/thumb/v7-m/nofp/libc_nano.a(libc_a-mlock.o)
 .bss           0x20000704        0x0 /usr/lib64/gcc/arm-none-eabi/13/../../../../arm-none-eabi/lib/thumb/v7-m/nofp/libc_nano.a(libc_a-mprec.o)
 .bss           0x20000704        0x0 /usr/lib64/gcc/arm-none-eabi/13/../../../../arm-none-eabi/lib/thumb/v7-m/nofp/libc_nano.a(libc_a-wctomb_r.o)
 .bss           0x20000704        0x0 /usr/lib64/gcc/arm-none-eabi/13/../../../../arm-none-eabi/lib/thumb/v7-m/nofp/libc_nano.a(libc_a-fflush.o)
 .bss           0x20000704        0x0 /usr/lib64/gcc/arm-none-eabi/13/../../../../arm-none-eabi/lib/thumb/v7-m/nofp/libc_nano.a(libc_a-sbrkr.o)
 .bss           0x20000704        0x0 /usr/lib64/gcc/arm-none-eabi/13/../../../../arm-none-eabi/lib/thumb/v7-m/nofp/libc_nano.a(libc_a-assert.o)
 .bss           0x20000704        0x0 /usr/lib64/gcc/arm-none-eabi/13/../../../../arm-none-eabi/lib/thumb/v7-m/nofp/libc_nano.a(libc_a-callocr.o)
 .bss           0x20000704        0x0 /usr/lib64/gcc/arm-none-eabi/13/../../../../arm-none-eabi/lib/thumb/v7-m/nofp/libc_nano.a(libc_a-fprintf.o)
 .bss           0x20000704        0x0 /usr/lib64/gcc/arm-none-eabi/13/../../../../arm-none-eabi/lib/thumb/v7-m/nofp/libc_nano.a(libc_a-abort.o)
 .bss           0x20000704        0x0 /usr/lib64/gcc/arm-none-eabi/13/../../../../arm-none-eabi/lib/thumb/v7-m/nofp/libc_nano.a(libc_a-nano-vfprintf.o)
 .bss           0x20000704        0x0 /usr/lib64/gcc/arm-none-eabi/13/../../../../arm-none-eabi/lib/thumb/v7-m/nofp/libc_nano.a(libc_a-fvwrite.o)
 .bss           0x20000704        0x0 /usr/lib64/gcc/arm-none-eabi/13/../../../../arm-none-eabi/lib/thumb/v7-m/nofp/libc_nano.a(libc_a-wbuf.o)
 .bss           0x20000704        0x0 /usr/lib64/gcc/arm-none-eabi/13/../../../../arm-none-eabi/lib/thumb/v7-m/nofp/libc_nano.a(libc_a-wsetup.o)
 .bss           0x20000704        0x0 /usr/lib64/gcc/arm-none-eabi/13/../../../../arm-none-eabi/lib/thumb/v7-m/nofp/libc_nano.a(libc_a-memmove.o)
 .bss           0x20000704        0x0 /usr/lib64/gcc/arm-none-eabi/13/../../../../arm-none-eabi/lib/thumb/v7-m/nofp/libc_nano.a(libc_a-signal.o)
 .bss           0x20000704        0x0 /usr/lib64/gcc/arm-none-eabi/13/../../../../arm-none-eabi/lib/thumb/v7-m/nofp/libc_nano.a(libc_a-signalr.o)
 .bss           0x20000704        0x0 /usr/lib64/gcc/arm-none-eabi/13/../../../../arm-none-eabi/lib/thumb/v7-m/nofp/libc_nano.a(libc_a-reallocr.o)
 .bss           0x20000704        0x0 /usr/lib64/gcc/arm-none-eabi/13/../../../../arm-none-eabi/lib/thumb/v7-m/nofp/libc_nano.a(libc_a-makebuf.o)
 .bss           0x20000704        0x0 /usr/lib64/gcc/arm-none-eabi/13/../../../../arm-none-eabi/lib/thumb/v7-m/nofp/libc_nano.a(libc_a-fstatr.o)
 .bss           0x20000704        0x0 /usr/lib64/gcc/arm-none-eabi/13/../../../../arm-none-eabi/lib/thumb/v7-m/nofp/libc_nano.a(libc_a-isattyr.o)
 .bss           0x20000704        0x0 /usr/lib64/gcc/arm-none-eabi/13/../../../../arm-none-eabi/lib/thumb/v7-m/nofp/libc_nano.a(libc_a-msizer.o)
 .bss           0x20000704        0x0 /usr/lib64/gcc/arm-none-eabi/13/thumb/v7-m/nofp/libgcc.a(_arm_muldf3.o)
 .bss           0x20000704        0x0 /usr/lib64/gcc/arm-none-eabi/13/thumb/v7-m/nofp/libgcc.a(_arm_addsubdf3.o)
 .bss           0x20000704        0x0 /usr/lib64/gcc/arm-none-eabi/13/thumb/v7-m/nofp/libgcc.a(_arm_muldivdf3.o)
 .bss           0x20000704        0x0 /usr/lib64/gcc/arm-none-eabi/13/thumb/v7-m/nofp/libgcc.a(_arm_cmpdf2.o)
 .bss           0x20000704        0x0 /usr/lib64/gcc/arm-none-eabi/13/thumb/v7-m/nofp/libgcc.a(_arm_unorddf2.o)
 .bss           0x20000704        0x0 /usr/lib64/gcc/arm-none-eabi/13/thumb/v7-m/nofp/libgcc.a(_arm_fixdfsi.o)
 .bss           0x20000704        0x0 /usr/lib64/gcc/arm-none-eabi/13/thumb/v7-m/nofp/libgcc.a(_arm_truncdfsf2.o)
 .bss           0x20000704        0x0 /usr/lib64/gcc/arm-none-eabi/13/thumb/v7-m/nofp/libgcc.a(_arm_cmpsf2.o)
 .bss           0x20000704        0x0 /usr/lib64/gcc/arm-none-eabi/13/thumb/v7-m/nofp/libgcc.a(_arm_unordsf2.o)
 .bss           0x20000704        0x0 /usr/lib64/gcc/arm-none-eabi/13/thumb/v7-m/nofp/libgcc.a(_fixdfdi.o)
 .bss           0x20000704        0x0 /usr/lib64/gcc/arm-none-eabi/13/thumb/v7-m/nofp/libgcc.a(_fixunsdfdi.o)
 .bss           0x20000704        0x0 /usr/lib64/gcc/arm-none-eabi/13/thumb/v7-m/nofp/crtend.o
 .bss           0x20000704        0x0 /usr/lib64/gcc/arm-none-eabi/13/thumb/v7-m/nofp/crtn.o
 *(.bss.*)
 *(COMMON)
                0x20000708                        . = ALIGN (0x8)
 *fill*         0x20000704        0x4 
                0x20000708                        _ebss = .
                0x20000708                        __bss_end__ = _ebss
                0x20000708                        . = ALIGN (0x8)
                0x20000708                        end = .
                0x20000708                        __end__ = end
                0x20000708                        _end = end

._user_heap_stack
                0x20000708      0x800 load address 0x080077c4
                0x20000708                        . = ALIGN (0x8)
                0x20000708                        . = (. + _Min_Heap_Size)
                0x20000708                        __heap_limit = .
                0x20000f08                        . = (. + _Min_Stack_Size)
 *fill*         0x20000708      0x800 
                0x20000f08                        . = ALIGN (0x8)
OUTPUT(final.elf elf32-littlearm)
LOAD linker stubs

.ARM.attributes
                0x00000000       0x29
 .ARM.attributes
                0x00000000       0x1d /usr/lib64/gcc/arm-none-eabi/13/thumb/v7-m/nofp/crti.o
 .ARM.attributes
                0x0000001d       0x2d /usr/lib64/gcc/arm-none-eabi/13/thumb/v7-m/nofp/crtbegin.o
 .ARM.attributes
                0x0000004a       0x1b /usr/lib64/gcc/arm-none-eabi/13/../../../../arm-none-eabi/lib/thumb/v7-m/nofp/crt0.o
 .ARM.attributes
                0x00000065       0x2d obj/i2c/aht20.o
 .ARM.attributes
                0x00000092       0x2d obj/i2c/i2c.o
 .ARM.attributes
                0x000000bf       0x2d obj/core/syscalls.o
 .ARM.attributes
                0x000000ec       0x2d obj/core/stm32_startup.o
 .ARM.attributes
                0x00000119       0x2d obj/core/clock_set.o
 .ARM.attributes
                0x00000146       0x2d obj/core/timeout.o
 .ARM.attributes
                0x00000173       0x2d obj/core/main.o
 .ARM.attributes
                0x000001a0       0x2d obj/uart/usart.o
 .ARM.attributes
                0x000001cd       0x2d obj/uart/neo6m.o
 .ARM.attributes
                0x000001fa       0x2d obj/uart/a7670.o
 .ARM.attributes
                0x00000227       0x1d /usr/lib64/gcc/arm-none-eabi/13/thumb/v7-m/nofp/libgcc.a(_arm_mulsf3.o)
 .ARM.attributes
                0x00000244       0x1d /usr/lib64/gcc/arm-none-eabi/13/thumb/v7-m/nofp/libgcc.a(_arm_fixunsdfsi.o)
 .ARM.attributes
                0x00000261       0x1d /usr/lib64/gcc/arm-none-eabi/13/thumb/v7-m/nofp/libgcc.a(_arm_addsubsf3.o)
 .ARM.attributes
                0x0000027e       0x1d /usr/lib64/gcc/arm-none-eabi/13/thumb/v7-m/nofp/libgcc.a(_arm_muldivsf3.o)
 .ARM.attributes
                0x0000029b       0x2d /usr/lib64/gcc/arm-none-eabi/13/../../../../arm-none-eabi/lib/thumb/v7-m/nofp/libc_nano.a(libc_a-atexit.o)
 .ARM.attributes
                0x000002c8       0x2d /usr/lib64/gcc/arm-none-eabi/13/../../../../arm-none-eabi/lib/thumb/v7-m/nofp/libc_nano.a(libc_a-atof.o)
 .ARM.attributes
                0x000002f5       0x2d /usr/lib64/gcc/arm-none-eabi/13/../../../../arm-none-eabi/lib/thumb/v7-m/nofp/libc_nano.a(libc_a-atoi.o)
 .ARM.attributes
                0x00000322       0x2d /usr/lib64/gcc/arm-none-eabi/13/../../../../arm-none-eabi/lib/thumb/v7-m/nofp/libc_nano.a(libc_a-exit.o)
 .ARM.attributes
                0x0000034f       0x2d /usr/lib64/gcc/arm-none-eabi/13/../../../../arm-none-eabi/lib/thumb/v7-m/nofp/libc_nano.a(libc_a-strtod.o)
 .ARM.attributes
                0x0000037c       0x2d /usr/lib64/gcc/arm-none-eabi/13/../../../../arm-none-eabi/lib/thumb/v7-m/nofp/libc_nano.a(libc_a-strtol.o)
 .ARM.attributes
                0x000003a9       0x2d /usr/lib64/gcc/arm-none-eabi/13/../../../../arm-none-eabi/lib/thumb/v7-m/nofp/libc_nano.a(libc_a-ctype_.o)
 .ARM.attributes
                0x000003d6       0x2d /usr/lib64/gcc/arm-none-eabi/13/../../../../arm-none-eabi/lib/thumb/v7-m/nofp/libc_nano.a(libc_a-nano-vfprintf_float.o)
 .ARM.attributes
                0x00000403       0x2d /usr/lib64/gcc/arm-none-eabi/13/../../../../arm-none-eabi/lib/thumb/v7-m/nofp/libc_nano.a(libc_a-nano-vfprintf_i.o)
 .ARM.attributes
                0x00000430       0x2d /usr/lib64/gcc/arm-none-eabi/13/../../../../arm-none-eabi/lib/thumb/v7-m/nofp/libc_nano.a(libc_a-findfp.o)
 .ARM.attributes
                0x0000045d       0x2d /usr/lib64/gcc/arm-none-eabi/13/../../../../arm-none-eabi/lib/thumb/v7-m/nofp/libc_nano.a(libc_a-fwalk.o)
 .ARM.attributes
                0x0000048a       0x2d /usr/lib64/gcc/arm-none-eabi/13/../../../../arm-none-eabi/lib/thumb/v7-m/nofp/libc_nano.a(libc_a-stdio.o)
 .ARM.attributes
                0x000004b7       0x2d /usr/lib64/gcc/arm-none-eabi/13/../../../../arm-none-eabi/lib/thumb/v7-m/nofp/libc_nano.a(libc_a-memset.o)
 .ARM.attributes
                0x000004e4       0x2d /usr/lib64/gcc/arm-none-eabi/13/../../../../arm-none-eabi/lib/thumb/v7-m/nofp/libc_nano.a(libc_a-strncmp.o)
 .ARM.attributes
                0x00000511       0x2d /usr/lib64/gcc/arm-none-eabi/13/../../../../arm-none-eabi/lib/thumb/v7-m/nofp/libc_nano.a(libc_a-locale.o)
 .ARM.attributes
                0x0000053e       0x2d /usr/lib64/gcc/arm-none-eabi/13/../../../../arm-none-eabi/lib/thumb/v7-m/nofp/libc_nano.a(libc_a-localeconv.o)
 .ARM.attributes
                0x0000056b       0x2d /usr/lib64/gcc/arm-none-eabi/13/../../../../arm-none-eabi/lib/thumb/v7-m/nofp/libc_nano.a(libc_a-closer.o)
 .ARM.attributes
                0x00000598       0x2d /usr/lib64/gcc/arm-none-eabi/13/../../../../arm-none-eabi/lib/thumb/v7-m/nofp/libc_nano.a(libc_a-reent.o)
 .ARM.attributes
                0x000005c5       0x2d /usr/lib64/gcc/arm-none-eabi/13/../../../../arm-none-eabi/lib/thumb/v7-m/nofp/libc_nano.a(libc_a-impure.o)
 .ARM.attributes
                0x000005f2       0x2d /usr/lib64/gcc/arm-none-eabi/13/../../../../arm-none-eabi/lib/thumb/v7-m/nofp/libc_nano.a(libc_a-lseekr.o)
 .ARM.attributes
                0x0000061f       0x2d /usr/lib64/gcc/arm-none-eabi/13/../../../../arm-none-eabi/lib/thumb/v7-m/nofp/libc_nano.a(libc_a-readr.o)
 .ARM.attributes
                0x0000064c       0x2d /usr/lib64/gcc/arm-none-eabi/13/../../../../arm-none-eabi/lib/thumb/v7-m/nofp/libc_nano.a(libc_a-writer.o)
 .ARM.attributes
                0x00000679       0x2d /usr/lib64/gcc/arm-none-eabi/13/../../../../arm-none-eabi/lib/thumb/v7-m/nofp/libc_nano.a(libc_a-errno.o)
 .ARM.attributes
                0x000006a6       0x2d /usr/lib64/gcc/arm-none-eabi/13/../../../../arm-none-eabi/lib/thumb/v7-m/nofp/libc_nano.a(libc_a-init.o)
 .ARM.attributes
                0x000006d3       0x2d /usr/lib64/gcc/arm-none-eabi/13/../../../../arm-none-eabi/lib/thumb/v7-m/nofp/libc_nano.a(libc_a-fini.o)
 .ARM.attributes
                0x00000700       0x1b /usr/lib64/gcc/arm-none-eabi/13/../../../../arm-none-eabi/lib/thumb/v7-m/nofp/libc_nano.a(libc_a-strcmp.o)
 .ARM.attributes
                0x0000071b       0x2d /usr/lib64/gcc/arm-none-eabi/13/../../../../arm-none-eabi/lib/thumb/v7-m/nofp/libc_nano.a(libc_a-memchr-stub.o)
 .ARM.attributes
                0x00000748       0x2d /usr/lib64/gcc/arm-none-eabi/13/../../../../arm-none-eabi/lib/thumb/v7-m/nofp/libc_nano.a(libc_a-memcpy-stub.o)
 .ARM.attributes
                0x00000775       0x17 /usr/lib64/gcc/arm-none-eabi/13/../../../../arm-none-eabi/lib/thumb/v7-m/nofp/libc_nano.a(libc_a-strlen.o)
 .ARM.attributes
                0x0000078c       0x2d /usr/lib64/gcc/arm-none-eabi/13/../../../../arm-none-eabi/lib/thumb/v7-m/nofp/libc_nano.a(libm_a-s_nan.o)
 .ARM.attributes
                0x000007b9       0x2d /usr/lib64/gcc/arm-none-eabi/13/../../../../arm-none-eabi/lib/thumb/v7-m/nofp/libc_nano.a(libm_a-sf_nan.o)
 .ARM.attributes
                0x000007e6       0x2d /usr/lib64/gcc/arm-none-eabi/13/../../../../arm-none-eabi/lib/thumb/v7-m/nofp/libc_nano.a(libc_a-__atexit.o)
 .ARM.attributes
                0x00000813       0x2d /usr/lib64/gcc/arm-none-eabi/13/../../../../arm-none-eabi/lib/thumb/v7-m/nofp/libc_nano.a(libc_a-__call_atexit.o)
 .ARM.attributes
                0x00000840       0x2d /usr/lib64/gcc/arm-none-eabi/13/../../../../arm-none-eabi/lib/thumb/v7-m/nofp/libc_nano.a(libc_a-dtoa.o)
 .ARM.attributes
                0x0000086d       0x2d /usr/lib64/gcc/arm-none-eabi/13/../../../../arm-none-eabi/lib/thumb/v7-m/nofp/libc_nano.a(libc_a-freer.o)
 .ARM.attributes
                0x0000089a       0x2d /usr/lib64/gcc/arm-none-eabi/13/../../../../arm-none-eabi/lib/thumb/v7-m/nofp/libc_nano.a(libc_a-gdtoa-gethex.o)
 .ARM.attributes
                0x000008c7       0x2d /usr/lib64/gcc/arm-none-eabi/13/../../../../arm-none-eabi/lib/thumb/v7-m/nofp/libc_nano.a(libc_a-gdtoa-hexnan.o)
 .ARM.attributes
                0x000008f4       0x2d /usr/lib64/gcc/arm-none-eabi/13/../../../../arm-none-eabi/lib/thumb/v7-m/nofp/libc_nano.a(libc_a-mallocr.o)
 .ARM.attributes
                0x00000921       0x2d /usr/lib64/gcc/arm-none-eabi/13/../../../../arm-none-eabi/lib/thumb/v7-m/nofp/libc_nano.a(libc_a-mbtowc_r.o)
 .ARM.attributes
                0x0000094e       0x2d /usr/lib64/gcc/arm-none-eabi/13/../../../../arm-none-eabi/lib/thumb/v7-m/nofp/libc_nano.a(libc_a-mlock.o)
 .ARM.attributes
                0x0000097b       0x2d /usr/lib64/gcc/arm-none-eabi/13/../../../../arm-none-eabi/lib/thumb/v7-m/nofp/libc_nano.a(libc_a-mprec.o)
 .ARM.attributes
                0x000009a8       0x2d /usr/lib64/gcc/arm-none-eabi/13/../../../../arm-none-eabi/lib/thumb/v7-m/nofp/libc_nano.a(libc_a-wctomb_r.o)
 .ARM.attributes
                0x000009d5       0x2d /usr/lib64/gcc/arm-none-eabi/13/../../../../arm-none-eabi/lib/thumb/v7-m/nofp/libc_nano.a(libc_a-fflush.o)
 .ARM.attributes
                0x00000a02       0x2d /usr/lib64/gcc/arm-none-eabi/13/../../../../arm-none-eabi/lib/thumb/v7-m/nofp/libc_nano.a(libc_a-sbrkr.o)
 .ARM.attributes
                0x00000a2f       0x2d /usr/lib64/gcc/arm-none-eabi/13/../../../../arm-none-eabi/lib/thumb/v7-m/nofp/libc_nano.a(libc_a-assert.o)
 .ARM.attributes
                0x00000a5c       0x2d /usr/lib64/gcc/arm-none-eabi/13/../../../../arm-none-eabi/lib/thumb/v7-m/nofp/libc_nano.a(libc_a-callocr.o)
 .ARM.attributes
                0x00000a89       0x2d /usr/lib64/gcc/arm-none-eabi/13/../../../../arm-none-eabi/lib/thumb/v7-m/nofp/libc_nano.a(libc_a-fprintf.o)
 .ARM.attributes
                0x00000ab6       0x2d /usr/lib64/gcc/arm-none-eabi/13/../../../../arm-none-eabi/lib/thumb/v7-m/nofp/libc_nano.a(libc_a-abort.o)
 .ARM.attributes
                0x00000ae3       0x2d /usr/lib64/gcc/arm-none-eabi/13/../../../../arm-none-eabi/lib/thumb/v7-m/nofp/libc_nano.a(libc_a-nano-vfprintf.o)
 .ARM.attributes
                0x00000b10       0x2d /usr/lib64/gcc/arm-none-eabi/13/../../../../arm-none-eabi/lib/thumb/v7-m/nofp/libc_nano.a(libc_a-fvwrite.o)
 .ARM.attributes
                0x00000b3d       0x2d /usr/lib64/gcc/arm-none-eabi/13/../../../../arm-none-eabi/lib/thumb/v7-m/nofp/libc_nano.a(libc_a-wbuf.o)
 .ARM.attributes
                0x00000b6a       0x2d /usr/lib64/gcc/arm-none-eabi/13/../../../../arm-none-eabi/lib/thumb/v7-m/nofp/libc_nano.a(libc_a-wsetup.o)
 .ARM.attributes
                0x00000b97       0x2d /usr/lib64/gcc/arm-none-eabi/13/../../../../arm-none-eabi/lib/thumb/v7-m/nofp/libc_nano.a(libc_a-memmove.o)
 .ARM.attributes
                0x00000bc4       0x2d /usr/lib64/gcc/arm-none-eabi/13/../../../../arm-none-eabi/lib/thumb/v7-m/nofp/libc_nano.a(libc_a-signal.o)
 .ARM.attributes
                0x00000bf1       0x2d /usr/lib64/gcc/arm-none-eabi/13/../../../../arm-none-eabi/lib/thumb/v7-m/nofp/libc_nano.a(libc_a-signalr.o)
 .ARM.attributes
                0x00000c1e       0x2d /usr/lib64/gcc/arm-none-eabi/13/../../../../arm-none-eabi/lib/thumb/v7-m/nofp/libc_nano.a(libc_a-reallocr.o)
 .ARM.attributes
                0x00000c4b       0x2d /usr/lib64/gcc/arm-none-eabi/13/../../../../arm-none-eabi/lib/thumb/v7-m/nofp/libc_nano.a(libc_a-makebuf.o)
 .ARM.attributes
                0x00000c78       0x2d /usr/lib64/gcc/arm-none-eabi/13/../../../../arm-none-eabi/lib/thumb/v7-m/nofp/libc_nano.a(libc_a-fstatr.o)
 .ARM.attributes
                0x00000ca5       0x2d /usr/lib64/gcc/arm-none-eabi/13/../../../../arm-none-eabi/lib/thumb/v7-m/nofp/libc_nano.a(libc_a-isattyr.o)
 .ARM.attributes
                0x00000cd2       0x2d /usr/lib64/gcc/arm-none-eabi/13/../../../../arm-none-eabi/lib/thumb/v7-m/nofp/libc_nano.a(libc_a-msizer.o)
 .ARM.attributes
                0x00000cff       0x1d /usr/lib64/gcc/arm-none-eabi/13/thumb/v7-m/nofp/libgcc.a(_arm_muldf3.o)
 .ARM.attributes
                0x00000d1c       0x1d /usr/lib64/gcc/arm-none-eabi/13/thumb/v7-m/nofp/libgcc.a(_arm_addsubdf3.o)
 .ARM.attributes
                0x00000d39       0x1d /usr/lib64/gcc/arm-none-eabi/13/thumb/v7-m/nofp/libgcc.a(_arm_muldivdf3.o)
 .ARM.attributes
                0x00000d56       0x1d /usr/lib64/gcc/arm-none-eabi/13/thumb/v7-m/nofp/libgcc.a(_arm_cmpdf2.o)
 .ARM.attributes
                0x00000d73       0x1d /usr/lib64/gcc/arm-none-eabi/13/thumb/v7-m/nofp/libgcc.a(_arm_unorddf2.o)
 .ARM.attributes
                0x00000d90       0x1d /usr/lib64/gcc/arm-none-eabi/13/thumb/v7-m/nofp/libgcc.a(_arm_fixdfsi.o)
 .ARM.attributes
                0x00000dad       0x1d /usr/lib64/gcc/arm-none-eabi/13/thumb/v7-m/nofp/libgcc.a(_arm_truncdfsf2.o)
 .ARM.attributes
                0x00000dca       0x1d /usr/lib64/gcc/arm-none-eabi/13/thumb/v7-m/nofp/libgcc.a(_arm_cmpsf2.o)
 .ARM.attributes
                0x00000de7       0x1d /usr/lib64/gcc/arm-none-eabi/13/thumb/v7-m/nofp/libgcc.a(_arm_unordsf2.o)
 .ARM.attributes
                0x00000e04       0x2d /usr/lib64/gcc/arm-none-eabi/13/thumb/v7-m/nofp/libgcc.a(_fixdfdi.o)
 .ARM.attributes
                0x00000e31       0x2d /usr/lib64/gcc/arm-none-eabi/13/thumb/v7-m/nofp/libgcc.a(_fixunsdfdi.o)
 .ARM.attributes
                0x00000e5e       0x2d /usr/lib64/gcc/arm-none-eabi/13/thumb/v7-m/nofp/crtend.o
 .ARM.attributes
                0x00000e8b       0x1d /usr/lib64/gcc/arm-none-eabi/13/thumb/v7-m/nofp/crtn.o

.comment        0x00000000       0x3b
 .comment       0x00000000       0x3b obj/i2c/aht20.o
                                 0x1a (size before relaxing)
 .comment       0x0000003b        0x0 obj/i2c/i2c.o
                                 0x1a (size before relaxing)
 .comment       0x0000003b        0x0 obj/core/syscalls.o
                                 0x1a (size before relaxing)
 .comment       0x0000003b        0x0 obj/core/stm32_startup.o
                                 0x1a (size before relaxing)
 .comment       0x0000003b        0x0 obj/core/clock_set.o
                                 0x1a (size before relaxing)
 .comment       0x0000003b        0x0 obj/core/timeout.o
                                 0x1a (size before relaxing)
 .comment       0x0000003b        0x0 obj/core/main.o
                                 0x1a (size before relaxing)
 .comment       0x0000003b        0x0 obj/uart/usart.o
                                 0x1a (size before relaxing)
 .comment       0x0000003b        0x0 obj/uart/neo6m.o
                                 0x1a (size before relaxing)
 .comment       0x0000003b        0x0 obj/uart/a7670.o
                                 0x1a (size before relaxing)
 .comment       0x0000003b        0x0 /usr/lib64/gcc/arm-none-eabi/13/../../../../arm-none-eabi/lib/thumb/v7-m/nofp/libc_nano.a(libc_a-atexit.o)
                                 0x23 (size before relaxing)
 .comment       0x0000003b        0x0 /usr/lib64/gcc/arm-none-eabi/13/../../../../arm-none-eabi/lib/thumb/v7-m/nofp/libc_nano.a(libc_a-atof.o)
                                 0x23 (size before relaxing)
 .comment       0x0000003b        0x0 /usr/lib64/gcc/arm-none-eabi/13/../../../../arm-none-eabi/lib/thumb/v7-m/nofp/libc_nano.a(libc_a-atoi.o)
                                 0x23 (size before relaxing)
 .comment       0x0000003b        0x0 /usr/lib64/gcc/arm-none-eabi/13/../../../../arm-none-eabi/lib/thumb/v7-m/nofp/libc_nano.a(libc_a-exit.o)
                                 0x23 (size before relaxing)
 .comment       0x0000003b        0x0 /usr/lib64/gcc/arm-none-eabi/13/../../../../arm-none-eabi/lib/thumb/v7-m/nofp/libc_nano.a(libc_a-strtod.o)
                                 0x23 (size before relaxing)
 .comment       0x0000003b        0x0 /usr/lib64/gcc/arm-none-eabi/13/../../../../arm-none-eabi/lib/thumb/v7-m/nofp/libc_nano.a(libc_a-strtol.o)
                                 0x23 (size before relaxing)
 .comment       0x0000003b        0x0 /usr/lib64/gcc/arm-none-eabi/13/../../../../arm-none-eabi/lib/thumb/v7-m/nofp/libc_nano.a(libc_a-ctype_.o)
                                 0x23 (size before relaxing)
 .comment       0x0000003b        0x0 /usr/lib64/gcc/arm-none-eabi/13/../../../../arm-none-eabi/lib/thumb/v7-m/nofp/libc_nano.a(libc_a-nano-vfprintf_float.o)
                                 0x23 (size before relaxing)
 .comment       0x0000003b        0x0 /usr/lib64/gcc/arm-none-eabi/13/../../../../arm-none-eabi/lib/thumb/v7-m/nofp/libc_nano.a(libc_a-nano-vfprintf_i.o)
                                 0x23 (size before relaxing)
 .comment       0x0000003b        0x0 /usr/lib64/gcc/arm-none-eabi/13/../../../../arm-none-eabi/lib/thumb/v7-m/nofp/libc_nano.a(libc_a-findfp.o)
                                 0x23 (size before relaxing)
 .comment       0x0000003b        0x0 /usr/lib64/gcc/arm-none-eabi/13/../../../../arm-none-eabi/lib/thumb/v7-m/nofp/libc_nano.a(libc_a-fwalk.o)
                                 0x23 (size before relaxing)
 .comment       0x0000003b        0x0 /usr/lib64/gcc/arm-none-eabi/13/../../../../arm-none-eabi/lib/thumb/v7-m/nofp/libc_nano.a(libc_a-stdio.o)
                                 0x23 (size before relaxing)
 .comment       0x0000003b        0x0 /usr/lib64/gcc/arm-none-eabi/13/../../../../arm-none-eabi/lib/thumb/v7-m/nofp/libc_nano.a(libc_a-memset.o)
                                 0x23 (size before relaxing)
 .comment       0x0000003b        0x0 /usr/lib64/gcc/arm-none-eabi/13/../../../../arm-none-eabi/lib/thumb/v7-m/nofp/libc_nano.a(libc_a-strncmp.o)
                                 0x23 (size before relaxing)
 .comment       0x0000003b        0x0 /usr/lib64/gcc/arm-none-eabi/13/../../../../arm-none-eabi/lib/thumb/v7-m/nofp/libc_nano.a(libc_a-locale.o)
                                 0x23 (size before relaxing)
 .comment       0x0000003b        0x0 /usr/lib64/gcc/arm-none-eabi/13/../../../../arm-none-eabi/lib/thumb/v7-m/nofp/libc_nano.a(libc_a-localeconv.o)
                                 0x23 (size before relaxing)
 .comment       0x0000003b        0x0 /usr/lib64/gcc/arm-none-eabi/13/../../../../arm-none-eabi/lib/thumb/v7-m/nofp/libc_nano.a(libc_a-closer.o)
                                 0x23 (size before relaxing)
 .comment       0x0000003b        0x0 /usr/lib64/gcc/arm-none-eabi/13/../../../../arm-none-eabi/lib/thumb/v7-m/nofp/libc_nano.a(libc_a-reent.o)
                                 0x23 (size before relaxing)
 .comment       0x0000003b        0x0 /usr/lib64/gcc/arm-none-eabi/13/../../../../arm-none-eabi/lib/thumb/v7-m/nofp/libc_nano.a(libc_a-impure.o)
                                 0x23 (size before relaxing)
 .comment       0x0000003b        0x0 /usr/lib64/gcc/arm-none-eabi/13/../../../../arm-none-eabi/lib/thumb/v7-m/nofp/libc_nano.a(libc_a-lseekr.o)
                                 0x23 (size before relaxing)
 .comment       0x0000003b        0x0 /usr/lib64/gcc/arm-none-eabi/13/../../../../arm-none-eabi/lib/thumb/v7-m/nofp/libc_nano.a(libc_a-readr.o)
                                 0x23 (size before relaxing)
 .comment       0x0000003b        0x0 /usr/lib64/gcc/arm-none-eabi/13/../../../../arm-none-eabi/lib/thumb/v7-m/nofp/libc_nano.a(libc_a-writer.o)
                                 0x23 (size before relaxing)
 .comment       0x0000003b        0x0 /usr/lib64/gcc/arm-none-eabi/13/../../../../arm-none-eabi/lib/thumb/v7-m/nofp/libc_nano.a(libc_a-errno.o)
                                 0x23 (size before relaxing)
 .comment       0x0000003b        0x0 /usr/lib64/gcc/arm-none-eabi/13/../../../../arm-none-eabi/lib/thumb/v7-m/nofp/libc_nano.a(libc_a-init.o)
                                 0x23 (size before relaxing)
 .comment       0x0000003b        0x0 /usr/lib64/gcc/arm-none-eabi/13/../../../../arm-none-eabi/lib/thumb/v7-m/nofp/libc_nano.a(libc_a-fini.o)
                                 0x23 (size before relaxing)
 .comment       0x0000003b        0x0 /usr/lib64/gcc/arm-none-eabi/13/../../../../arm-none-eabi/lib/thumb/v7-m/nofp/libc_nano.a(libc_a-memchr-stub.o)
                                 0x23 (size before relaxing)
 .comment       0x0000003b        0x0 /usr/lib64/gcc/arm-none-eabi/13/../../../../arm-none-eabi/lib/thumb/v7-m/nofp/libc_nano.a(libc_a-memcpy-stub.o)
                                 0x23 (size before relaxing)
 .comment       0x0000003b        0x0 /usr/lib64/gcc/arm-none-eabi/13/../../../../arm-none-eabi/lib/thumb/v7-m/nofp/libc_nano.a(libm_a-s_nan.o)
                                 0x23 (size before relaxing)
 .comment       0x0000003b        0x0 /usr/lib64/gcc/arm-none-eabi/13/../../../../arm-none-eabi/lib/thumb/v7-m/nofp/libc_nano.a(libm_a-sf_nan.o)
                                 0x23 (size before relaxing)
 .comment       0x0000003b        0x0 /usr/lib64/gcc/arm-none-eabi/13/../../../../arm-none-eabi/lib/thumb/v7-m/nofp/libc_nano.a(libc_a-__atexit.o)
                                 0x23 (size before relaxing)
 .comment       0x0000003b        0x0 /usr/lib64/gcc/arm-none-eabi/13/../../../../arm-none-eabi/lib/thumb/v7-m/nofp/libc_nano.a(libc_a-__call_atexit.o)
                                 0x23 (size before relaxing)
 .comment       0x0000003b        0x0 /usr/lib64/gcc/arm-none-eabi/13/../../../../arm-none-eabi/lib/thumb/v7-m/nofp/libc_nano.a(libc_a-dtoa.o)
                                 0x23 (size before relaxing)
 .comment       0x0000003b        0x0 /usr/lib64/gcc/arm-none-eabi/13/../../../../arm-none-eabi/lib/thumb/v7-m/nofp/libc_nano.a(libc_a-freer.o)
                                 0x23 (size before relaxing)
 .comment       0x0000003b        0x0 /usr/lib64/gcc/arm-none-eabi/13/../../../../arm-none-eabi/lib/thumb/v7-m/nofp/libc_nano.a(libc_a-gdtoa-gethex.o)
                                 0x23 (size before relaxing)
 .comment       0x0000003b        0x0 /usr/lib64/gcc/arm-none-eabi/13/../../../../arm-none-eabi/lib/thumb/v7-m/nofp/libc_nano.a(libc_a-gdtoa-hexnan.o)
                                 0x23 (size before relaxing)
 .comment       0x0000003b        0x0 /usr/lib64/gcc/arm-none-eabi/13/../../../../arm-none-eabi/lib/thumb/v7-m/nofp/libc_nano.a(libc_a-mallocr.o)
                                 0x23 (size before relaxing)
 .comment       0x0000003b        0x0 /usr/lib64/gcc/arm-none-eabi/13/../../../../arm-none-eabi/lib/thumb/v7-m/nofp/libc_nano.a(libc_a-mbtowc_r.o)
                                 0x23 (size before relaxing)
 .comment       0x0000003b        0x0 /usr/lib64/gcc/arm-none-eabi/13/../../../../arm-none-eabi/lib/thumb/v7-m/nofp/libc_nano.a(libc_a-mlock.o)
                                 0x23 (size before relaxing)
 .comment       0x0000003b        0x0 /usr/lib64/gcc/arm-none-eabi/13/../../../../arm-none-eabi/lib/thumb/v7-m/nofp/libc_nano.a(libc_a-mprec.o)
                                 0x23 (size before relaxing)
 .comment       0x0000003b        0x0 /usr/lib64/gcc/arm-none-eabi/13/../../../../arm-none-eabi/lib/thumb/v7-m/nofp/libc_nano.a(libc_a-wctomb_r.o)
                                 0x23 (size before relaxing)
 .comment       0x0000003b        0x0 /usr/lib64/gcc/arm-none-eabi/13/../../../../arm-none-eabi/lib/thumb/v7-m/nofp/libc_nano.a(libc_a-fflush.o)
                                 0x23 (size before relaxing)
 .comment       0x0000003b        0x0 /usr/lib64/gcc/arm-none-eabi/13/../../../../arm-none-eabi/lib/thumb/v7-m/nofp/libc_nano.a(libc_a-sbrkr.o)
                                 0x23 (size before relaxing)
 .comment       0x0000003b        0x0 /usr/lib64/gcc/arm-none-eabi/13/../../../../arm-none-eabi/lib/thumb/v7-m/nofp/libc_nano.a(libc_a-assert.o)
                                 0x23 (size before relaxing)
 .comment       0x0000003b        0x0 /usr/lib64/gcc/arm-none-eabi/13/../../../../arm-none-eabi/lib/thumb/v7-m/nofp/libc_nano.a(libc_a-callocr.o)
                                 0x23 (size before relaxing)
 .comment       0x0000003b        0x0 /usr/lib64/gcc/arm-none-eabi/13/../../../../arm-none-eabi/lib/thumb/v7-m/nofp/libc_nano.a(libc_a-fprintf.o)
                                 0x23 (size before relaxing)
 .comment       0x0000003b        0x0 /usr/lib64/gcc/arm-none-eabi/13/../../../../arm-none-eabi/lib/thumb/v7-m/nofp/libc_nano.a(libc_a-abort.o)
                                 0x23 (size before relaxing)
 .comment       0x0000003b        0x0 /usr/lib64/gcc/arm-none-eabi/13/../../../../arm-none-eabi/lib/thumb/v7-m/nofp/libc_nano.a(libc_a-nano-vfprintf.o)
                                 0x23 (size before relaxing)
 .comment       0x0000003b        0x0 /usr/lib64/gcc/arm-none-eabi/13/../../../../arm-none-eabi/lib/thumb/v7-m/nofp/libc_nano.a(libc_a-fvwrite.o)
                                 0x23 (size before relaxing)
 .comment       0x0000003b        0x0 /usr/lib64/gcc/arm-none-eabi/13/../../../../arm-none-eabi/lib/thumb/v7-m/nofp/libc_nano.a(libc_a-wbuf.o)
                                 0x23 (size before relaxing)
 .comment       0x0000003b        0x0 /usr/lib64/gcc/arm-none-eabi/13/../../../../arm-none-eabi/lib/thumb/v7-m/nofp/libc_nano.a(libc_a-wsetup.o)
                                 0x23 (size before relaxing)
 .comment       0x0000003b        0x0 /usr/lib64/gcc/arm-none-eabi/13/../../../../arm-none-eabi/lib/thumb/v7-m/nofp/libc_nano.a(libc_a-memmove.o)
                                 0x23 (size before relaxing)
 .comment       0x0000003b        0x0 /usr/lib64/gcc/arm-none-eabi/13/../../../../arm-none-eabi/lib/thumb/v7-m/nofp/libc_nano.a(libc_a-signal.o)
                                 0x23 (size before relaxing)
 .comment       0x0000003b        0x0 /usr/lib64/gcc/arm-none-eabi/13/../../../../arm-none-eabi/lib/thumb/v7-m/nofp/libc_nano.a(libc_a-signalr.o)
                                 0x23 (size before relaxing)
 .comment       0x0000003b        0x0 /usr/lib64/gcc/arm-none-eabi/13/../../../../arm-none-eabi/lib/thumb/v7-m/nofp/libc_nano.a(libc_a-reallocr.o)
                                 0x23 (size before relaxing)
 .comment       0x0000003b        0x0 /usr/lib64/gcc/arm-none-eabi/13/../../../../arm-none-eabi/lib/thumb/v7-m/nofp/libc_nano.a(libc_a-makebuf.o)
                                 0x23 (size before relaxing)
 .comment       0x0000003b        0x0 /usr/lib64/gcc/arm-none-eabi/13/../../../../arm-none-eabi/lib/thumb/v7-m/nofp/libc_nano.a(libc_a-fstatr.o)
                                 0x23 (size before relaxing)
 .comment       0x0000003b        0x0 /usr/lib64/gcc/arm-none-eabi/13/../../../../arm-none-eabi/lib/thumb/v7-m/nofp/libc_nano.a(libc_a-isattyr.o)
                                 0x23 (size before relaxing)
 .comment       0x0000003b        0x0 /usr/lib64/gcc/arm-none-eabi/13/../../../../arm-none-eabi/lib/thumb/v7-m/nofp/libc_nano.a(libc_a-msizer.o)
                                 0x23 (size before relaxing)

.debug_line     0x00000000     0xe883
 .debug_line    0x00000000       0xbe /usr/lib64/gcc/arm-none-eabi/13/../../../../arm-none-eabi/lib/thumb/v7-m/nofp/crt0.o
 .debug_line    0x000000be      0x16c obj/i2c/aht20.o
 .debug_line    0x0000022a      0x25e obj/i2c/i2c.o
 .debug_line    0x00000488      0x297 obj/core/syscalls.o
 .debug_line    0x0000071f      0x10f obj/core/stm32_startup.o
 .debug_line    0x0000082e      0x13d obj/core/clock_set.o
 .debug_line    0x0000096b      0x101 obj/core/timeout.o
 .debug_line    0x00000a6c      0x173 obj/core/main.o
 .debug_line    0x00000bdf      0x14f obj/uart/usart.o
 .debug_line    0x00000d2e      0x2ed obj/uart/neo6m.o
 .debug_line    0x0000101b      0x390 obj/uart/a7670.o
 .debug_line    0x000013ab       0xbd /usr/lib64/gcc/arm-none-eabi/13/thumb/v7-m/nofp/libgcc.a(_arm_mulsf3.o)
 .debug_line    0x00001468       0x5e /usr/lib64/gcc/arm-none-eabi/13/thumb/v7-m/nofp/libgcc.a(_arm_fixunsdfsi.o)
 .debug_line    0x000014c6      0x103 /usr/lib64/gcc/arm-none-eabi/13/thumb/v7-m/nofp/libgcc.a(_arm_addsubsf3.o)
 .debug_line    0x000015c9      0x123 /usr/lib64/gcc/arm-none-eabi/13/thumb/v7-m/nofp/libgcc.a(_arm_muldivsf3.o)
 .debug_line    0x000016ec       0xfb /usr/lib64/gcc/arm-none-eabi/13/../../../../arm-none-eabi/lib/thumb/v7-m/nofp/libc_nano.a(libc_a-atexit.o)
 .debug_line    0x000017e7       0xe6 /usr/lib64/gcc/arm-none-eabi/13/../../../../arm-none-eabi/lib/thumb/v7-m/nofp/libc_nano.a(libc_a-atof.o)
 .debug_line    0x000018cd      0x1c9 /usr/lib64/gcc/arm-none-eabi/13/../../../../arm-none-eabi/lib/thumb/v7-m/nofp/libc_nano.a(libc_a-atoi.o)
 .debug_line    0x00001a96      0x19d /usr/lib64/gcc/arm-none-eabi/13/../../../../arm-none-eabi/lib/thumb/v7-m/nofp/libc_nano.a(libc_a-exit.o)
 .debug_line    0x00001c33     0x1385 /usr/lib64/gcc/arm-none-eabi/13/../../../../arm-none-eabi/lib/thumb/v7-m/nofp/libc_nano.a(libc_a-strtod.o)
 .debug_line    0x00002fb8      0x45b /usr/lib64/gcc/arm-none-eabi/13/../../../../arm-none-eabi/lib/thumb/v7-m/nofp/libc_nano.a(libc_a-strtol.o)
 .debug_line    0x00003413       0xcf /usr/lib64/gcc/arm-none-eabi/13/../../../../arm-none-eabi/lib/thumb/v7-m/nofp/libc_nano.a(libc_a-ctype_.o)
 .debug_line    0x000034e2      0x9aa /usr/lib64/gcc/arm-none-eabi/13/../../../../arm-none-eabi/lib/thumb/v7-m/nofp/libc_nano.a(libc_a-nano-vfprintf_float.o)
 .debug_line    0x00003e8c      0x6c5 /usr/lib64/gcc/arm-none-eabi/13/../../../../arm-none-eabi/lib/thumb/v7-m/nofp/libc_nano.a(libc_a-nano-vfprintf_i.o)
 .debug_line    0x00004551      0x4d0 /usr/lib64/gcc/arm-none-eabi/13/../../../../arm-none-eabi/lib/thumb/v7-m/nofp/libc_nano.a(libc_a-findfp.o)
 .debug_line    0x00004a21      0x21c /usr/lib64/gcc/arm-none-eabi/13/../../../../arm-none-eabi/lib/thumb/v7-m/nofp/libc_nano.a(libc_a-fwalk.o)
 .debug_line    0x00004c3d      0x2b3 /usr/lib64/gcc/arm-none-eabi/13/../../../../arm-none-eabi/lib/thumb/v7-m/nofp/libc_nano.a(libc_a-stdio.o)
 .debug_line    0x00004ef0      0x13b /usr/lib64/gcc/arm-none-eabi/13/../../../../arm-none-eabi/lib/thumb/v7-m/nofp/libc_nano.a(libc_a-memset.o)
 .debug_line    0x0000502b      0x15e /usr/lib64/gcc/arm-none-eabi/13/../../../../arm-none-eabi/lib/thumb/v7-m/nofp/libc_nano.a(libc_a-strncmp.o)
 .debug_line    0x00005189      0x29b /usr/lib64/gcc/arm-none-eabi/13/../../../../arm-none-eabi/lib/thumb/v7-m/nofp/libc_nano.a(libc_a-locale.o)
 .debug_line    0x00005424      0x1ec /usr/lib64/gcc/arm-none-eabi/13/../../../../arm-none-eabi/lib/thumb/v7-m/nofp/libc_nano.a(libc_a-localeconv.o)
 .debug_line    0x00005610      0x1fe /usr/lib64/gcc/arm-none-eabi/13/../../../../arm-none-eabi/lib/thumb/v7-m/nofp/libc_nano.a(libc_a-closer.o)
 .debug_line    0x0000580e      0x260 /usr/lib64/gcc/arm-none-eabi/13/../../../../arm-none-eabi/lib/thumb/v7-m/nofp/libc_nano.a(libc_a-reent.o)
 .debug_line    0x00005a6e      0x11d /usr/lib64/gcc/arm-none-eabi/13/../../../../arm-none-eabi/lib/thumb/v7-m/nofp/libc_nano.a(libc_a-impure.o)
 .debug_line    0x00005b8b      0x1f8 /usr/lib64/gcc/arm-none-eabi/13/../../../../arm-none-eabi/lib/thumb/v7-m/nofp/libc_nano.a(libc_a-lseekr.o)
 .debug_line    0x00005d83      0x1f7 /usr/lib64/gcc/arm-none-eabi/13/../../../../arm-none-eabi/lib/thumb/v7-m/nofp/libc_nano.a(libc_a-readr.o)